C:/Users/donsp/Documents/GitHub/audio_interface/tinyusb/src/osal/osal_none.h:153:13:osal_queue_send	40	static
C:/Users/donsp/Documents/GitHub/audio_interface/tinyusb/src/osal/osal_none.h:123:20:_osal_q_lock	8	static
C:/Users/donsp/Documents/GitHub/audio_interface/tinyusb/src/osal/osal_none.h:130:20:_osal_q_unlock	8	static
C:/Users/donsp/Documents/GitHub/audio_interface/tinyusb/src/portable/st/stm32_fsdev/dcd_stm32_fsdev.c:716:17:dcd_pma_alloc	8	static
C:/Users/donsp/Documents/GitHub/audio_interface/tinyusb/src/portable/st/stm32_fsdev/dcd_stm32_fsdev_pvt_st.h:201:20:pcd_set_ep_cnt_rx_reg	0	static
C:/Users/donsp/Documents/GitHub/audio_interface/tinyusb/src/portable/st/stm32_fsdev/dcd_stm32_fsdev_pvt_st.h:417:20:pcd_clear_tx_dtog.constprop	0	static
C:/Users/donsp/Documents/GitHub/audio_interface/tinyusb/src/portable/st/stm32_fsdev/dcd_stm32_fsdev_pvt_st.h:408:20:pcd_clear_rx_dtog.constprop	0	static
C:/Users/donsp/Documents/GitHub/audio_interface/tinyusb/src/portable/st/stm32_fsdev/dcd_stm32_fsdev_pvt_st.h:335:20:pcd_set_ep_rx_status.constprop	0	static
C:/Users/donsp/Documents/GitHub/audio_interface/tinyusb/src/portable/st/stm32_fsdev/dcd_stm32_fsdev_pvt_st.h:308:20:pcd_set_ep_tx_status.constprop	0	static
C:/Users/donsp/Documents/GitHub/audio_interface/tinyusb/src/portable/st/stm32_fsdev/dcd_stm32_fsdev_pvt_st.h:264:30:pcd_ep_rx_cnt_ptr.constprop	0	static
C:/Users/donsp/Documents/GitHub/audio_interface/tinyusb/src/portable/st/stm32_fsdev/dcd_stm32_fsdev_pvt_st.h:274:20:pcd_set_ep_rx_cnt.constprop	8	static
C:/Users/donsp/Documents/GitHub/audio_interface/tinyusb/src/portable/st/stm32_fsdev/dcd_stm32_fsdev_pvt_st.h:259:30:pcd_ep_rx_address_ptr.constprop	0	static
C:/Users/donsp/Documents/GitHub/audio_interface/tinyusb/src/portable/st/stm32_fsdev/dcd_stm32_fsdev_pvt_st.h:254:30:pcd_ep_tx_cnt_ptr.constprop	0	static
C:/Users/donsp/Documents/GitHub/audio_interface/tinyusb/src/portable/st/stm32_fsdev/dcd_stm32_fsdev_pvt_st.h:250:30:pcd_ep_tx_address_ptr.constprop	0	static
C:/Users/donsp/Documents/GitHub/audio_interface/tinyusb/src/portable/st/stm32_fsdev/dcd_stm32_fsdev.c:911:13:dcd_transmit_packet	32	static
C:/Users/donsp/Documents/GitHub/audio_interface/tinyusb/src/portable/st/stm32_fsdev/dcd_stm32_fsdev.c:269:6:dcd_connect	0	static
C:/Users/donsp/Documents/GitHub/audio_interface/tinyusb/src/portable/st/stm32_fsdev/dcd_stm32_fsdev.c:262:6:dcd_disconnect	0	static
C:/Users/donsp/Documents/GitHub/audio_interface/tinyusb/src/portable/st/stm32_fsdev/dcd_stm32_fsdev.c:292:6:dcd_int_enable	0	static,ignoring_inline_asm
C:/Users/donsp/Documents/GitHub/audio_interface/tinyusb/src/portable/st/stm32_fsdev/dcd_stm32_fsdev.c:342:6:dcd_int_disable	0	static,ignoring_inline_asm
C:/Users/donsp/Documents/GitHub/audio_interface/tinyusb/src/portable/st/stm32_fsdev/dcd_stm32_fsdev.c:402:6:dcd_remote_wakeup	0	static
C:/Users/donsp/Documents/GitHub/audio_interface/tinyusb/src/portable/st/stm32_fsdev/dcd_stm32_fsdev.c:678:6:dcd_edpt0_status_complete	8	static
C:/Users/donsp/Documents/GitHub/audio_interface/tinyusb/src/portable/st/stm32_fsdev/dcd_stm32_fsdev.c:778:6:dcd_edpt_open	32	static
C:/Users/donsp/Documents/GitHub/audio_interface/tinyusb/src/portable/st/stm32_fsdev/dcd_stm32_fsdev.c:432:13:dcd_handle_bus_reset	8	static
C:/Users/donsp/Documents/GitHub/audio_interface/tinyusb/src/portable/st/stm32_fsdev/dcd_stm32_fsdev.c:214:6:dcd_init	8	static,ignoring_inline_asm
C:/Users/donsp/Documents/GitHub/audio_interface/tinyusb/src/portable/st/stm32_fsdev/dcd_stm32_fsdev.c:602:6:dcd_int_handler	48	static
C:/Users/donsp/Documents/GitHub/audio_interface/tinyusb/src/portable/st/stm32_fsdev/dcd_stm32_fsdev.c:879:6:dcd_edpt_close_all	0	static
C:/Users/donsp/Documents/GitHub/audio_interface/tinyusb/src/portable/st/stm32_fsdev/dcd_stm32_fsdev.c:892:6:dcd_edpt_close	16	static
C:/Users/donsp/Documents/GitHub/audio_interface/tinyusb/src/portable/st/stm32_fsdev/dcd_stm32_fsdev.c:971:6:dcd_edpt_xfer	24	static
C:/Users/donsp/Documents/GitHub/audio_interface/tinyusb/src/portable/st/stm32_fsdev/dcd_stm32_fsdev.c:390:6:dcd_set_address	8	static
C:/Users/donsp/Documents/GitHub/audio_interface/tinyusb/src/portable/st/stm32_fsdev/dcd_stm32_fsdev.c:1052:6:dcd_edpt_stall	8	static
C:/Users/donsp/Documents/GitHub/audio_interface/tinyusb/src/portable/st/stm32_fsdev/dcd_stm32_fsdev.c:1069:6:dcd_edpt_clear_stall	8	static
