C:/Users/donsp/Documents/GitHub/audio_interface/tinyusb/src/common/tusb_types.h:495:26:tu_edpt_dir	16	static
C:/Users/donsp/Documents/GitHub/audio_interface/tinyusb/src/common/tusb_types.h:501:23:tu_edpt_number	16	static
C:/Users/donsp/Documents/GitHub/audio_interface/tinyusb/src/common/tusb_types.h:506:23:tu_edpt_addr	16	static
C:/Users/donsp/Documents/GitHub/audio_interface/tinyusb/src/common/tusb_types.h:511:24:tu_edpt_packet_size	16	static
../Drivers/CMSIS/Include/core_cm0.h:623:22:__NVIC_EnableIRQ	16	static
../Drivers/CMSIS/Include/core_cm0.h:659:22:__NVIC_DisableIRQ	16	static,ignoring_inline_asm
C:/Users/donsp/Documents/GitHub/audio_interface/tinyusb/src/portable/st/stm32_fsdev/dcd_stm32_fsdev_pvt_st.h:125:20:pcd_set_endpoint	32	static
C:/Users/donsp/Documents/GitHub/audio_interface/tinyusb/src/portable/st/stm32_fsdev/dcd_stm32_fsdev_pvt_st.h:132:24:pcd_get_endpoint	24	static
C:/Users/donsp/Documents/GitHub/audio_interface/tinyusb/src/portable/st/stm32_fsdev/dcd_stm32_fsdev_pvt_st.h:137:20:pcd_set_eptype	32	static
C:/Users/donsp/Documents/GitHub/audio_interface/tinyusb/src/portable/st/stm32_fsdev/dcd_stm32_fsdev_pvt_st.h:158:20:pcd_clear_rx_ep_ctr	24	static
C:/Users/donsp/Documents/GitHub/audio_interface/tinyusb/src/portable/st/stm32_fsdev/dcd_stm32_fsdev_pvt_st.h:166:20:pcd_clear_tx_ep_ctr	24	static
C:/Users/donsp/Documents/GitHub/audio_interface/tinyusb/src/portable/st/stm32_fsdev/dcd_stm32_fsdev_pvt_st.h:186:24:pcd_get_ep_rx_cnt	24	static
C:/Users/donsp/Documents/GitHub/audio_interface/tinyusb/src/portable/st/stm32_fsdev/dcd_stm32_fsdev_pvt_st.h:200:20:pcd_set_ep_cnt_rx_reg	24	static
C:/Users/donsp/Documents/GitHub/audio_interface/tinyusb/src/portable/st/stm32_fsdev/dcd_stm32_fsdev_pvt_st.h:232:20:pcd_set_ep_address	32	static
C:/Users/donsp/Documents/GitHub/audio_interface/tinyusb/src/portable/st/stm32_fsdev/dcd_stm32_fsdev_pvt_st.h:241:31:pcd_btable_word_ptr	24	static
C:/Users/donsp/Documents/GitHub/audio_interface/tinyusb/src/portable/st/stm32_fsdev/dcd_stm32_fsdev_pvt_st.h:249:30:pcd_ep_tx_address_ptr	16	static
C:/Users/donsp/Documents/GitHub/audio_interface/tinyusb/src/portable/st/stm32_fsdev/dcd_stm32_fsdev_pvt_st.h:253:30:pcd_ep_tx_cnt_ptr	16	static
C:/Users/donsp/Documents/GitHub/audio_interface/tinyusb/src/portable/st/stm32_fsdev/dcd_stm32_fsdev_pvt_st.h:258:30:pcd_ep_rx_address_ptr	16	static
C:/Users/donsp/Documents/GitHub/audio_interface/tinyusb/src/portable/st/stm32_fsdev/dcd_stm32_fsdev_pvt_st.h:263:30:pcd_ep_rx_cnt_ptr	16	static
C:/Users/donsp/Documents/GitHub/audio_interface/tinyusb/src/portable/st/stm32_fsdev/dcd_stm32_fsdev_pvt_st.h:268:20:pcd_set_ep_tx_cnt	24	static
C:/Users/donsp/Documents/GitHub/audio_interface/tinyusb/src/portable/st/stm32_fsdev/dcd_stm32_fsdev_pvt_st.h:273:20:pcd_set_ep_rx_cnt	32	static
C:/Users/donsp/Documents/GitHub/audio_interface/tinyusb/src/portable/st/stm32_fsdev/dcd_stm32_fsdev_pvt_st.h:286:20:pcd_set_ep_tx_status	32	static
C:/Users/donsp/Documents/GitHub/audio_interface/tinyusb/src/portable/st/stm32_fsdev/dcd_stm32_fsdev_pvt_st.h:313:20:pcd_set_ep_rx_status	32	static
C:/Users/donsp/Documents/GitHub/audio_interface/tinyusb/src/portable/st/stm32_fsdev/dcd_stm32_fsdev_pvt_st.h:345:20:pcd_rx_dtog	24	static
C:/Users/donsp/Documents/GitHub/audio_interface/tinyusb/src/portable/st/stm32_fsdev/dcd_stm32_fsdev_pvt_st.h:353:20:pcd_tx_dtog	24	static
C:/Users/donsp/Documents/GitHub/audio_interface/tinyusb/src/portable/st/stm32_fsdev/dcd_stm32_fsdev_pvt_st.h:368:20:pcd_clear_rx_dtog	24	static
C:/Users/donsp/Documents/GitHub/audio_interface/tinyusb/src/portable/st/stm32_fsdev/dcd_stm32_fsdev_pvt_st.h:377:20:pcd_clear_tx_dtog	24	static
C:/Users/donsp/Documents/GitHub/audio_interface/tinyusb/src/portable/st/stm32_fsdev/dcd_stm32_fsdev_pvt_st.h:401:20:pcd_clear_ep_kind	24	static
C:/Users/donsp/Documents/GitHub/audio_interface/tinyusb/src/portable/st/stm32_fsdev/dcd_stm32_fsdev.c:176:27:xfer_ctl_ptr	16	static
C:/Users/donsp/Documents/GitHub/audio_interface/tinyusb/src/portable/st/stm32_fsdev/dcd_stm32_fsdev.c:204:20:reg16_clear_bits	16	static
C:/Users/donsp/Documents/GitHub/audio_interface/tinyusb/src/portable/st/stm32_fsdev/dcd_stm32_fsdev.c:209:20:clear_istr_bits	16	static
C:/Users/donsp/Documents/GitHub/audio_interface/tinyusb/src/portable/st/stm32_fsdev/dcd_stm32_fsdev.c:268:6:dcd_connect	16	static
C:/Users/donsp/Documents/GitHub/audio_interface/tinyusb/src/portable/st/stm32_fsdev/dcd_stm32_fsdev.c:213:6:dcd_init	32	static,ignoring_inline_asm
C:/Users/donsp/Documents/GitHub/audio_interface/tinyusb/src/portable/st/stm32_fsdev/dcd_stm32_fsdev.c:261:6:dcd_disconnect	16	static
C:/Users/donsp/Documents/GitHub/audio_interface/tinyusb/src/portable/st/stm32_fsdev/dcd_stm32_fsdev.c:291:6:dcd_int_enable	16	static,ignoring_inline_asm
C:/Users/donsp/Documents/GitHub/audio_interface/tinyusb/src/portable/st/stm32_fsdev/dcd_stm32_fsdev.c:341:6:dcd_int_disable	16	static
C:/Users/donsp/Documents/GitHub/audio_interface/tinyusb/src/portable/st/stm32_fsdev/dcd_stm32_fsdev.c:389:6:dcd_set_address	16	static
C:/Users/donsp/Documents/GitHub/audio_interface/tinyusb/src/portable/st/stm32_fsdev/dcd_stm32_fsdev.c:401:6:dcd_remote_wakeup	16	static
C:/Users/donsp/Documents/GitHub/audio_interface/tinyusb/src/portable/st/stm32_fsdev/dcd_stm32_fsdev.c:431:13:dcd_handle_bus_reset	16	static
C:/Users/donsp/Documents/GitHub/audio_interface/tinyusb/src/portable/st/stm32_fsdev/dcd_stm32_fsdev.c:452:13:dcd_ep_ctr_tx_handler	40	static
C:/Users/donsp/Documents/GitHub/audio_interface/tinyusb/src/portable/st/stm32_fsdev/dcd_stm32_fsdev.c:481:13:dcd_ep_ctr_rx_handler	64	static
C:/Users/donsp/Documents/GitHub/audio_interface/tinyusb/src/portable/st/stm32_fsdev/dcd_stm32_fsdev.c:565:13:dcd_ep_ctr_handler	16	static
C:/Users/donsp/Documents/GitHub/audio_interface/tinyusb/src/portable/st/stm32_fsdev/dcd_stm32_fsdev.c:584:6:dcd_int_handler	24	static
C:/Users/donsp/Documents/GitHub/audio_interface/tinyusb/src/portable/st/stm32_fsdev/dcd_stm32_fsdev.c:660:6:dcd_edpt0_status_complete	32	static
C:/Users/donsp/Documents/GitHub/audio_interface/tinyusb/src/portable/st/stm32_fsdev/dcd_stm32_fsdev.c:676:13:dcd_pma_alloc_reset	16	static
C:/Users/donsp/Documents/GitHub/audio_interface/tinyusb/src/portable/st/stm32_fsdev/dcd_stm32_fsdev.c:698:17:dcd_pma_alloc	48	static
C:/Users/donsp/Documents/GitHub/audio_interface/tinyusb/src/portable/st/stm32_fsdev/dcd_stm32_fsdev.c:728:13:dcd_pma_free	40	static
C:/Users/donsp/Documents/GitHub/audio_interface/tinyusb/src/portable/st/stm32_fsdev/dcd_stm32_fsdev.c:758:6:dcd_edpt_open	48	static
C:/Users/donsp/Documents/GitHub/audio_interface/tinyusb/src/portable/st/stm32_fsdev/dcd_stm32_fsdev.c:822:6:dcd_edpt_close_all	16	static
C:/Users/donsp/Documents/GitHub/audio_interface/tinyusb/src/portable/st/stm32_fsdev/dcd_stm32_fsdev.c:835:6:dcd_edpt_close	24	static
C:/Users/donsp/Documents/GitHub/audio_interface/tinyusb/src/portable/st/stm32_fsdev/dcd_stm32_fsdev.c:855:13:dcd_transmit_packet	32	static
C:/Users/donsp/Documents/GitHub/audio_interface/tinyusb/src/portable/st/stm32_fsdev/dcd_stm32_fsdev.c:881:6:dcd_edpt_xfer	40	static
C:/Users/donsp/Documents/GitHub/audio_interface/tinyusb/src/portable/st/stm32_fsdev/dcd_stm32_fsdev.c:951:6:dcd_edpt_stall	16	static
C:/Users/donsp/Documents/GitHub/audio_interface/tinyusb/src/portable/st/stm32_fsdev/dcd_stm32_fsdev.c:965:6:dcd_edpt_clear_stall	16	static
C:/Users/donsp/Documents/GitHub/audio_interface/tinyusb/src/portable/st/stm32_fsdev/dcd_stm32_fsdev.c:998:13:dcd_write_packet_memory	56	static
C:/Users/donsp/Documents/GitHub/audio_interface/tinyusb/src/portable/st/stm32_fsdev/dcd_stm32_fsdev.c:1077:13:dcd_read_packet_memory	48	static
