C:/Users/donsp/Documents/GitHub/audio_interface/tinyusb/src/osal/osal_none.h:153:13:osal_queue_send	40	static
C:/Users/donsp/Documents/GitHub/audio_interface/tinyusb/src/osal/osal_none.h:123:20:_osal_q_lock	8	static
C:/Users/donsp/Documents/GitHub/audio_interface/tinyusb/src/osal/osal_none.h:130:20:_osal_q_unlock	8	static
C:/Users/donsp/Documents/GitHub/audio_interface/tinyusb/src/common/tusb_fifo.c:321:17:advance_pointer	0	static
C:/Users/donsp/Documents/GitHub/audio_interface/tinyusb/src/common/tusb_fifo.c:396:20:_tu_fifo_correct_read_pointer	8	static
C:/Users/donsp/Documents/GitHub/audio_interface/tinyusb/src/common/tusb_fifo.c:126:13:_ff_pull_const_addr	24	static
C:/Users/donsp/Documents/GitHub/audio_interface/tinyusb/src/common/tusb_fifo.c:427:17:_tu_fifo_peek_n	48	static
C:/Users/donsp/Documents/GitHub/audio_interface/tinyusb/src/common/tusb_fifo.c:103:13:_ff_push_const_addr	32	static
C:/Users/donsp/Documents/GitHub/audio_interface/tinyusb/src/common/tusb_fifo.c:403:13:_tu_fifo_peek	16	static
C:/Users/donsp/Documents/GitHub/audio_interface/tinyusb/src/common/tusb_fifo.c:459:17:_tu_fifo_write_n.part.0	56	static
C:/Users/donsp/Documents/GitHub/audio_interface/tinyusb/src/common/tusb_fifo.c:67:6:tu_fifo_config	16	static
C:/Users/donsp/Documents/GitHub/audio_interface/tinyusb/src/common/tusb_fifo.c:528:10:tu_fifo_count	0	static
C:/Users/donsp/Documents/GitHub/audio_interface/tinyusb/src/common/tusb_fifo.c:546:6:tu_fifo_empty	0	static
C:/Users/donsp/Documents/GitHub/audio_interface/tinyusb/src/common/tusb_fifo.c:564:6:tu_fifo_full	0	static
C:/Users/donsp/Documents/GitHub/audio_interface/tinyusb/src/common/tusb_fifo.c:582:10:tu_fifo_remaining	8	static
C:/Users/donsp/Documents/GitHub/audio_interface/tinyusb/src/common/tusb_fifo.c:608:6:tu_fifo_overflowed	0	static
C:/Users/donsp/Documents/GitHub/audio_interface/tinyusb/src/common/tusb_fifo.c:614:6:tu_fifo_correct_read_pointer	8	static
C:/Users/donsp/Documents/GitHub/audio_interface/tinyusb/src/common/tusb_fifo.c:637:6:tu_fifo_read	16	static
C:/Users/donsp/Documents/GitHub/audio_interface/tinyusb/src/common/tusb_fifo.c:668:10:tu_fifo_read_n	24	static
C:/Users/donsp/Documents/GitHub/audio_interface/tinyusb/src/common/tusb_fifo.c:673:10:tu_fifo_read_n_const_addr_full_words	24	static
C:/Users/donsp/Documents/GitHub/audio_interface/tinyusb/src/common/tusb_fifo.c:693:6:tu_fifo_peek	8	static
C:/Users/donsp/Documents/GitHub/audio_interface/tinyusb/src/common/tusb_fifo.c:716:10:tu_fifo_peek_n	24	static
C:/Users/donsp/Documents/GitHub/audio_interface/tinyusb/src/common/tusb_fifo.c:740:6:tu_fifo_write	16	static
C:/Users/donsp/Documents/GitHub/audio_interface/tinyusb/src/common/tusb_fifo.c:782:10:tu_fifo_write_n	8	static
C:/Users/donsp/Documents/GitHub/audio_interface/tinyusb/src/common/tusb_fifo.c:802:10:tu_fifo_write_n_const_addr_full_words	8	static
C:/Users/donsp/Documents/GitHub/audio_interface/tinyusb/src/common/tusb_fifo.c:815:6:tu_fifo_clear	0	static
C:/Users/donsp/Documents/GitHub/audio_interface/tinyusb/src/common/tusb_fifo.c:839:6:tu_fifo_set_overwritable	0	static
C:/Users/donsp/Documents/GitHub/audio_interface/tinyusb/src/common/tusb_fifo.c:868:6:tu_fifo_advance_write_pointer	8	static
C:/Users/donsp/Documents/GitHub/audio_interface/tinyusb/src/common/tusb_fifo.c:889:6:tu_fifo_advance_read_pointer	8	static
C:/Users/donsp/Documents/GitHub/audio_interface/tinyusb/src/common/tusb_fifo.c:909:6:tu_fifo_get_read_info	16	static
C:/Users/donsp/Documents/GitHub/audio_interface/tinyusb/src/common/tusb_fifo.c:973:6:tu_fifo_get_write_info	16	static
