C:/Users/donsp/Documents/GitHub/audio_interface/tinyusb/src/device/usbd.c:246:43:get_driver	0	static
C:/Users/donsp/Documents/GitHub/audio_interface/tinyusb/src/device/usbd.c:425:13:configuration_reset	16	static
C:/Users/donsp/Documents/GitHub/audio_interface/tinyusb/src/device/usbd.c:604:13:invoke_class_control	16	static
C:/Users/donsp/Documents/GitHub/audio_interface/tinyusb/src/device/usbd.c:1154:6:usbd_int_set	8	static
C:/Users/donsp/Documents/GitHub/audio_interface/tinyusb/src/osal/osal_none.h:151:20:osal_queue_send.isra	16	static
C:/Users/donsp/Documents/GitHub/audio_interface/tinyusb/src/device/usbd.c:314:6:usbd_driver_print_control_complete_name	16	static
C:/Users/donsp/Documents/GitHub/audio_interface/tinyusb/src/device/usbd.c:332:14:tud_speed_get	0	static
C:/Users/donsp/Documents/GitHub/audio_interface/tinyusb/src/device/usbd.c:337:6:tud_connected	0	static
C:/Users/donsp/Documents/GitHub/audio_interface/tinyusb/src/device/usbd.c:342:6:tud_mounted	0	static
C:/Users/donsp/Documents/GitHub/audio_interface/tinyusb/src/device/usbd.c:347:6:tud_suspended	0	static
C:/Users/donsp/Documents/GitHub/audio_interface/tinyusb/src/device/usbd.c:352:6:tud_remote_wakeup	8	static
C:/Users/donsp/Documents/GitHub/audio_interface/tinyusb/src/device/usbd.c:360:6:tud_disconnect	8	static
C:/Users/donsp/Documents/GitHub/audio_interface/tinyusb/src/device/usbd.c:367:6:tud_connect	8	static
C:/Users/donsp/Documents/GitHub/audio_interface/tinyusb/src/device/usbd.c:377:6:tud_inited	0	static
C:/Users/donsp/Documents/GitHub/audio_interface/tinyusb/src/device/usbd.c:382:6:tud_init	24	static
C:/Users/donsp/Documents/GitHub/audio_interface/tinyusb/src/device/usbd.c:443:6:tud_task_event_ready	8	static
C:/Users/donsp/Documents/GitHub/audio_interface/tinyusb/src/device/usbd.c:1068:6:dcd_event_handler	32	static
C:/Users/donsp/Documents/GitHub/audio_interface/tinyusb/src/device/usbd.c:1118:6:dcd_event_bus_signal	32	static
C:/Users/donsp/Documents/GitHub/audio_interface/tinyusb/src/device/usbd.c:1124:6:dcd_event_bus_reset	40	static
C:/Users/donsp/Documents/GitHub/audio_interface/tinyusb/src/device/usbd.c:1131:6:dcd_event_setup_received	24	static
C:/Users/donsp/Documents/GitHub/audio_interface/tinyusb/src/device/usbd.c:1139:6:dcd_event_xfer_complete	48	static
C:/Users/donsp/Documents/GitHub/audio_interface/tinyusb/src/device/usbd.c:1190:6:usbd_defer_func	24	static
C:/Users/donsp/Documents/GitHub/audio_interface/tinyusb/src/device/usbd.c:1208:6:usbd_edpt_open	16	static
C:/Users/donsp/Documents/GitHub/audio_interface/tinyusb/src/device/usbd.c:1166:6:usbd_open_edpt_pair	32	static
C:/Users/donsp/Documents/GitHub/audio_interface/tinyusb/src/device/usbd.c:1216:6:usbd_edpt_claim	8	static
C:/Users/donsp/Documents/GitHub/audio_interface/tinyusb/src/device/usbd.c:1234:6:usbd_edpt_release	8	static
C:/Users/donsp/Documents/GitHub/audio_interface/tinyusb/src/device/usbd.c:1249:6:usbd_edpt_xfer	32	static
C:/Users/donsp/Documents/GitHub/audio_interface/tinyusb/src/device/usbd.c:1284:6:usbd_edpt_xfer_fifo	32	static
C:/Users/donsp/Documents/GitHub/audio_interface/tinyusb/src/device/usbd.c:1313:6:usbd_edpt_busy	0	static
C:/Users/donsp/Documents/GitHub/audio_interface/tinyusb/src/device/usbd.c:1323:6:usbd_edpt_stall	16	static
C:/Users/donsp/Documents/GitHub/audio_interface/tinyusb/src/device/usbd.c:1339:6:usbd_edpt_clear_stall	16	static
C:/Users/donsp/Documents/GitHub/audio_interface/tinyusb/src/device/usbd.c:1354:6:usbd_edpt_stalled	0	static
C:/Users/donsp/Documents/GitHub/audio_interface/tinyusb/src/device/usbd.c:469:6:tud_task	64	static
C:/Users/donsp/Documents/GitHub/audio_interface/tinyusb/src/device/usbd.c:1370:6:usbd_edpt_close	16	static
