Archive member included to satisfy reference by file (symbol)

c:/st/stm32cubeide_1.9.0/stm32cubeide/plugins/com.st.stm32cube.ide.mcu.externaltools.gnu-tools-for-stm32.10.3-2021.10.win32_1.0.0.202111181127/tools/bin/../lib/gcc/arm-none-eabi/10.3.1/../../../../arm-none-eabi/lib/thumb/v6-m/nofp\libc_nano.a(lib_a-errno.o)
                              ./Core/Src/syscalls.o (__errno)
c:/st/stm32cubeide_1.9.0/stm32cubeide/plugins/com.st.stm32cube.ide.mcu.externaltools.gnu-tools-for-stm32.10.3-2021.10.win32_1.0.0.202111181127/tools/bin/../lib/gcc/arm-none-eabi/10.3.1/../../../../arm-none-eabi/lib/thumb/v6-m/nofp\libc_nano.a(lib_a-exit.o)
                              c:/st/stm32cubeide_1.9.0/stm32cubeide/plugins/com.st.stm32cube.ide.mcu.externaltools.gnu-tools-for-stm32.10.3-2021.10.win32_1.0.0.202111181127/tools/bin/../lib/gcc/arm-none-eabi/10.3.1/../../../../arm-none-eabi/lib/thumb/v6-m/nofp/crt0.o (exit)
c:/st/stm32cubeide_1.9.0/stm32cubeide/plugins/com.st.stm32cube.ide.mcu.externaltools.gnu-tools-for-stm32.10.3-2021.10.win32_1.0.0.202111181127/tools/bin/../lib/gcc/arm-none-eabi/10.3.1/../../../../arm-none-eabi/lib/thumb/v6-m/nofp\libc_nano.a(lib_a-impure.o)
                              c:/st/stm32cubeide_1.9.0/stm32cubeide/plugins/com.st.stm32cube.ide.mcu.externaltools.gnu-tools-for-stm32.10.3-2021.10.win32_1.0.0.202111181127/tools/bin/../lib/gcc/arm-none-eabi/10.3.1/../../../../arm-none-eabi/lib/thumb/v6-m/nofp\libc_nano.a(lib_a-exit.o) (_global_impure_ptr)
c:/st/stm32cubeide_1.9.0/stm32cubeide/plugins/com.st.stm32cube.ide.mcu.externaltools.gnu-tools-for-stm32.10.3-2021.10.win32_1.0.0.202111181127/tools/bin/../lib/gcc/arm-none-eabi/10.3.1/../../../../arm-none-eabi/lib/thumb/v6-m/nofp\libc_nano.a(lib_a-init.o)
                              c:/st/stm32cubeide_1.9.0/stm32cubeide/plugins/com.st.stm32cube.ide.mcu.externaltools.gnu-tools-for-stm32.10.3-2021.10.win32_1.0.0.202111181127/tools/bin/../lib/gcc/arm-none-eabi/10.3.1/../../../../arm-none-eabi/lib/thumb/v6-m/nofp/crt0.o (__libc_init_array)
c:/st/stm32cubeide_1.9.0/stm32cubeide/plugins/com.st.stm32cube.ide.mcu.externaltools.gnu-tools-for-stm32.10.3-2021.10.win32_1.0.0.202111181127/tools/bin/../lib/gcc/arm-none-eabi/10.3.1/../../../../arm-none-eabi/lib/thumb/v6-m/nofp\libc_nano.a(lib_a-memset.o)
                              c:/st/stm32cubeide_1.9.0/stm32cubeide/plugins/com.st.stm32cube.ide.mcu.externaltools.gnu-tools-for-stm32.10.3-2021.10.win32_1.0.0.202111181127/tools/bin/../lib/gcc/arm-none-eabi/10.3.1/../../../../arm-none-eabi/lib/thumb/v6-m/nofp/crt0.o (memset)
c:/st/stm32cubeide_1.9.0/stm32cubeide/plugins/com.st.stm32cube.ide.mcu.externaltools.gnu-tools-for-stm32.10.3-2021.10.win32_1.0.0.202111181127/tools/bin/../lib/gcc/arm-none-eabi/10.3.1/thumb/v6-m/nofp\libgcc.a(_udivsi3.o)
                              ./Core/Src/system_stm32f0xx.o (__aeabi_uidiv)
c:/st/stm32cubeide_1.9.0/stm32cubeide/plugins/com.st.stm32cube.ide.mcu.externaltools.gnu-tools-for-stm32.10.3-2021.10.win32_1.0.0.202111181127/tools/bin/../lib/gcc/arm-none-eabi/10.3.1/thumb/v6-m/nofp\libgcc.a(_dvmd_tls.o)
                              c:/st/stm32cubeide_1.9.0/stm32cubeide/plugins/com.st.stm32cube.ide.mcu.externaltools.gnu-tools-for-stm32.10.3-2021.10.win32_1.0.0.202111181127/tools/bin/../lib/gcc/arm-none-eabi/10.3.1/thumb/v6-m/nofp\libgcc.a(_udivsi3.o) (__aeabi_idiv0)

Discarded input sections

 .text          0x0000000000000000        0x0 c:/st/stm32cubeide_1.9.0/stm32cubeide/plugins/com.st.stm32cube.ide.mcu.externaltools.gnu-tools-for-stm32.10.3-2021.10.win32_1.0.0.202111181127/tools/bin/../lib/gcc/arm-none-eabi/10.3.1/thumb/v6-m/nofp/crti.o
 .data          0x0000000000000000        0x0 c:/st/stm32cubeide_1.9.0/stm32cubeide/plugins/com.st.stm32cube.ide.mcu.externaltools.gnu-tools-for-stm32.10.3-2021.10.win32_1.0.0.202111181127/tools/bin/../lib/gcc/arm-none-eabi/10.3.1/thumb/v6-m/nofp/crti.o
 .bss           0x0000000000000000        0x0 c:/st/stm32cubeide_1.9.0/stm32cubeide/plugins/com.st.stm32cube.ide.mcu.externaltools.gnu-tools-for-stm32.10.3-2021.10.win32_1.0.0.202111181127/tools/bin/../lib/gcc/arm-none-eabi/10.3.1/thumb/v6-m/nofp/crti.o
 .data          0x0000000000000000        0x4 c:/st/stm32cubeide_1.9.0/stm32cubeide/plugins/com.st.stm32cube.ide.mcu.externaltools.gnu-tools-for-stm32.10.3-2021.10.win32_1.0.0.202111181127/tools/bin/../lib/gcc/arm-none-eabi/10.3.1/thumb/v6-m/nofp/crtbegin.o
 .rodata        0x0000000000000000       0x24 c:/st/stm32cubeide_1.9.0/stm32cubeide/plugins/com.st.stm32cube.ide.mcu.externaltools.gnu-tools-for-stm32.10.3-2021.10.win32_1.0.0.202111181127/tools/bin/../lib/gcc/arm-none-eabi/10.3.1/thumb/v6-m/nofp/crtbegin.o
 .text          0x0000000000000000       0x80 c:/st/stm32cubeide_1.9.0/stm32cubeide/plugins/com.st.stm32cube.ide.mcu.externaltools.gnu-tools-for-stm32.10.3-2021.10.win32_1.0.0.202111181127/tools/bin/../lib/gcc/arm-none-eabi/10.3.1/../../../../arm-none-eabi/lib/thumb/v6-m/nofp/crt0.o
[...]
Memory Configuration

Name             Origin             Length             Attributes
RAM              0x0000000020000000 0x0000000000001800 xrw
FLASH            0x0000000008000000 0x0000000000008000 xr
*default*        0x0000000000000000 0xffffffffffffffff

Linker script and memory map

LOAD c:/st/stm32cubeide_1.9.0/stm32cubeide/plugins/com.st.stm32cube.ide.mcu.externaltools.gnu-tools-for-stm32.10.3-2021.10.win32_1.0.0.202111181127/tools/bin/../lib/gcc/arm-none-eabi/10.3.1/thumb/v6-m/nofp/crti.o
LOAD c:/st/stm32cubeide_1.9.0/stm32cubeide/plugins/com.st.stm32cube.ide.mcu.externaltools.gnu-tools-for-stm32.10.3-2021.10.win32_1.0.0.202111181127/tools/bin/../lib/gcc/arm-none-eabi/10.3.1/thumb/v6-m/nofp/crtbegin.o
LOAD c:/st/stm32cubeide_1.9.0/stm32cubeide/plugins/com.st.stm32cube.ide.mcu.externaltools.gnu-tools-for-stm32.10.3-2021.10.win32_1.0.0.202111181127/tools/bin/../lib/gcc/arm-none-eabi/10.3.1/../../../../arm-none-eabi/lib/thumb/v6-m/nofp/crt0.o
LOAD ./Core/Src/main.o
LOAD ./Core/Src/stm32f0xx_hal_msp.o
LOAD ./Core/Src/stm32f0xx_it.o
LOAD ./Core/Src/syscalls.o
LOAD ./Core/Src/sysmem.o
LOAD ./Core/Src/system_stm32f0xx.o
LOAD ./Core/Src/usbd_conf.o
LOAD ./Core/Src/usbd_desc.o
LOAD ./Core/Startup/startup_stm32f042k6tx.o
LOAD ./Drivers/STM32F0xx_HAL_Driver/Src/stm32f0xx_hal.o
LOAD ./Drivers/STM32F0xx_HAL_Driver/Src/stm32f0xx_hal_cortex.o
LOAD ./Drivers/STM32F0xx_HAL_Driver/Src/stm32f0xx_hal_dma.o
LOAD ./Drivers/STM32F0xx_HAL_Driver/Src/stm32f0xx_hal_exti.o
LOAD ./Drivers/STM32F0xx_HAL_Driver/Src/stm32f0xx_hal_flash.o
LOAD ./Drivers/STM32F0xx_HAL_Driver/Src/stm32f0xx_hal_flash_ex.o
LOAD ./Drivers/STM32F0xx_HAL_Driver/Src/stm32f0xx_hal_gpio.o
LOAD ./Drivers/STM32F0xx_HAL_Driver/Src/stm32f0xx_hal_i2c.o
LOAD ./Drivers/STM32F0xx_HAL_Driver/Src/stm32f0xx_hal_i2c_ex.o
LOAD ./Drivers/STM32F0xx_HAL_Driver/Src/stm32f0xx_hal_i2s.o
LOAD ./Drivers/STM32F0xx_HAL_Driver/Src/stm32f0xx_hal_pcd.o
LOAD ./Drivers/STM32F0xx_HAL_Driver/Src/stm32f0xx_hal_pcd_ex.o
LOAD ./Drivers/STM32F0xx_HAL_Driver/Src/stm32f0xx_hal_pwr.o
LOAD ./Drivers/STM32F0xx_HAL_Driver/Src/stm32f0xx_hal_pwr_ex.o
LOAD ./Drivers/STM32F0xx_HAL_Driver/Src/stm32f0xx_hal_rcc.o
LOAD ./Drivers/STM32F0xx_HAL_Driver/Src/stm32f0xx_hal_rcc_ex.o
LOAD ./Drivers/STM32F0xx_HAL_Driver/Src/stm32f0xx_hal_tim.o
LOAD ./Drivers/STM32F0xx_HAL_Driver/Src/stm32f0xx_hal_tim_ex.o
LOAD ./Drivers/STM32F0xx_HAL_Driver/Src/stm32f0xx_ll_usb.o
START GROUP
LOAD c:/st/stm32cubeide_1.9.0/stm32cubeide/plugins/com.st.stm32cube.ide.mcu.externaltools.gnu-tools-for-stm32.10.3-2021.10.win32_1.0.0.202111181127/tools/bin/../lib/gcc/arm-none-eabi/10.3.1/../../../../arm-none-eabi/lib/thumb/v6-m/nofp\libc_nano.a
LOAD c:/st/stm32cubeide_1.9.0/stm32cubeide/plugins/com.st.stm32cube.ide.mcu.externaltools.gnu-tools-for-stm32.10.3-2021.10.win32_1.0.0.202111181127/tools/bin/../lib/gcc/arm-none-eabi/10.3.1/../../../../arm-none-eabi/lib/thumb/v6-m/nofp\libm.a
END GROUP
START GROUP
LOAD c:/st/stm32cubeide_1.9.0/stm32cubeide/plugins/com.st.stm32cube.ide.mcu.externaltools.gnu-tools-for-stm32.10.3-2021.10.win32_1.0.0.202111181127/tools/bin/../lib/gcc/arm-none-eabi/10.3.1/thumb/v6-m/nofp\libgcc.a
LOAD c:/st/stm32cubeide_1.9.0/stm32cubeide/plugins/com.st.stm32cube.ide.mcu.externaltools.gnu-tools-for-stm32.10.3-2021.10.win32_1.0.0.202111181127/tools/bin/../lib/gcc/arm-none-eabi/10.3.1/../../../../arm-none-eabi/lib/thumb/v6-m/nofp\libc_nano.a
END GROUP
START GROUP
LOAD c:/st/stm32cubeide_1.9.0/stm32cubeide/plugins/com.st.stm32cube.ide.mcu.externaltools.gnu-tools-for-stm32.10.3-2021.10.win32_1.0.0.202111181127/tools/bin/../lib/gcc/arm-none-eabi/10.3.1/thumb/v6-m/nofp\libgcc.a
LOAD c:/st/stm32cubeide_1.9.0/stm32cubeide/plugins/com.st.stm32cube.ide.mcu.externaltools.gnu-tools-for-stm32.10.3-2021.10.win32_1.0.0.202111181127/tools/bin/../lib/gcc/arm-none-eabi/10.3.1/../../../../arm-none-eabi/lib/thumb/v6-m/nofp\libc_nano.a
LOAD c:/st/stm32cubeide_1.9.0/stm32cubeide/plugins/com.st.stm32cube.ide.mcu.externaltools.gnu-tools-for-stm32.10.3-2021.10.win32_1.0.0.202111181127/tools/bin/../lib/gcc/arm-none-eabi/10.3.1/../../../../arm-none-eabi/lib/thumb/v6-m/nofp\libnosys.a
END GROUP
START GROUP
LOAD c:/st/stm32cubeide_1.9.0/stm32cubeide/plugins/com.st.stm32cube.ide.mcu.externaltools.gnu-tools-for-stm32.10.3-2021.10.win32_1.0.0.202111181127/tools/bin/../lib/gcc/arm-none-eabi/10.3.1/thumb/v6-m/nofp\libgcc.a
LOAD c:/st/stm32cubeide_1.9.0/stm32cubeide/plugins/com.st.stm32cube.ide.mcu.externaltools.gnu-tools-for-stm32.10.3-2021.10.win32_1.0.0.202111181127/tools/bin/../lib/gcc/arm-none-eabi/10.3.1/../../../../arm-none-eabi/lib/thumb/v6-m/nofp\libc_nano.a
LOAD c:/st/stm32cubeide_1.9.0/stm32cubeide/plugins/com.st.stm32cube.ide.mcu.externaltools.gnu-tools-for-stm32.10.3-2021.10.win32_1.0.0.202111181127/tools/bin/../lib/gcc/arm-none-eabi/10.3.1/../../../../arm-none-eabi/lib/thumb/v6-m/nofp\libnosys.a
END GROUP
LOAD c:/st/stm32cubeide_1.9.0/stm32cubeide/plugins/com.st.stm32cube.ide.mcu.externaltools.gnu-tools-for-stm32.10.3-2021.10.win32_1.0.0.202111181127/tools/bin/../lib/gcc/arm-none-eabi/10.3.1/thumb/v6-m/nofp/crtend.o
LOAD c:/st/stm32cubeide_1.9.0/stm32cubeide/plugins/com.st.stm32cube.ide.mcu.externaltools.gnu-tools-for-stm32.10.3-2021.10.win32_1.0.0.202111181127/tools/bin/../lib/gcc/arm-none-eabi/10.3.1/thumb/v6-m/nofp/crtn.o
                0x0000000020001800                _estack = (ORIGIN (RAM) + LENGTH (RAM))
                0x0000000000000200                _Min_Heap_Size = 0x200
                0x0000000000000400                _Min_Stack_Size = 0x400

.isr_vector     0x0000000008000000       0xc0
                0x0000000008000000                . = ALIGN (0x4)
 *(.isr_vector)
 .isr_vector    0x0000000008000000       0xc0 ./Core/Startup/startup_stm32f042k6tx.o
                0x0000000008000000                g_pfnVectors
                0x00000000080000c0                . = ALIGN (0x4)

.text           0x00000000080000c0     0x1e0c
                0x00000000080000c0                . = ALIGN (0x4)
 *(.text)
 .text          0x00000000080000c0       0x48 c:/st/stm32cubeide_1.9.0/stm32cubeide/plugins/com.st.stm32cube.ide.mcu.externaltools.gnu-tools-for-stm32.10.3-2021.10.win32_1.0.0.202111181127/tools/bin/../lib/gcc/arm-none-eabi/10.3.1/thumb/v6-m/nofp/crtbegin.o
 .text          0x0000000008000108      0x114 c:/st/stm32cubeide_1.9.0/stm32cubeide/plugins/com.st.stm32cube.ide.mcu.externaltools.gnu-tools-for-stm32.10.3-2021.10.win32_1.0.0.202111181127/tools/bin/../lib/gcc/arm-none-eabi/10.3.1/thumb/v6-m/nofp\libgcc.a(_udivsi3.o)
                0x0000000008000108                __aeabi_uidiv
                0x0000000008000108                __udivsi3
                0x0000000008000214                __aeabi_uidivmod
 .text          0x000000000800021c        0x4 c:/st/stm32cubeide_1.9.0/stm32cubeide/plugins/com.st.stm32cube.ide.mcu.externaltools.gnu-tools-for-stm32.10.3-2021.10.win32_1.0.0.202111181127/tools/bin/../lib/gcc/arm-none-eabi/10.3.1/thumb/v6-m/nofp\libgcc.a(_dvmd_tls.o)
                0x000000000800021c                __aeabi_idiv0
                0x000000000800021c                __aeabi_ldiv0
 *(.text*)
 .text.main     0x0000000008000220       0x58 ./Core/Src/main.o
                0x0000000008000220                main
 .text.SystemClock_Config
                0x0000000008000278       0xa8 ./Core/Src/main.o
                0x0000000008000278                SystemClock_Config
 .text.MX_I2S1_Init
                0x0000000008000320       0x54 ./Core/Src/main.o
 .text.MX_USB_PCD_Init
                0x0000000008000374       0x4c ./Core/Src/main.o
 .text.MX_GPIO_Init
                0x00000000080003c0       0xc4 ./Core/Src/main.o
 .text.Error_Handler
                0x0000000008000484        0xa ./Core/Src/main.o
                0x0000000008000484                Error_Handler
 *fill*         0x000000000800048e        0x2 
 .text.HAL_MspInit
                0x0000000008000490       0x48 ./Core/Src/stm32f0xx_hal_msp.o
                0x0000000008000490                HAL_MspInit
 .text.HAL_I2S_MspInit
                0x00000000080004d8       0x98 ./Core/Src/stm32f0xx_hal_msp.o
                0x00000000080004d8                HAL_I2S_MspInit
 .text.HAL_PCD_MspInit
                0x0000000008000570       0x40 ./Core/Src/stm32f0xx_hal_msp.o
                0x0000000008000570                HAL_PCD_MspInit
 .text.NMI_Handler
                0x00000000080005b0        0x6 ./Core/Src/stm32f0xx_it.o
                0x00000000080005b0                NMI_Handler
 .text.HardFault_Handler
                0x00000000080005b6        0x6 ./Core/Src/stm32f0xx_it.o
                0x00000000080005b6                HardFault_Handler
 .text.SVC_Handler
                0x00000000080005bc        0xa ./Core/Src/stm32f0xx_it.o
                0x00000000080005bc                SVC_Handler
 .text.PendSV_Handler
                0x00000000080005c6        0xa ./Core/Src/stm32f0xx_it.o
                0x00000000080005c6                PendSV_Handler
 .text.SysTick_Handler
                0x00000000080005d0        0xe ./Core/Src/stm32f0xx_it.o
                0x00000000080005d0                SysTick_Handler
 .text.SystemInit
                0x00000000080005de        0xa ./Core/Src/system_stm32f0xx.o
                0x00000000080005de                SystemInit
 .text.USBD_AUDIO_DeviceDescriptor
                0x00000000080005e8       0x24 ./Core/Src/usbd_desc.o
                0x00000000080005e8                USBD_AUDIO_DeviceDescriptor
 .text.USBD_AUDIO_LangIDStrDescriptor
                0x000000000800060c       0x24 ./Core/Src/usbd_desc.o
                0x000000000800060c                USBD_AUDIO_LangIDStrDescriptor
 .text.USBD_AUDIO_ProductStrDescriptor
                0x0000000008000630       0x48 ./Core/Src/usbd_desc.o
                0x0000000008000630                USBD_AUDIO_ProductStrDescriptor
 .text.USBD_AUDIO_ManufacturerStrDescriptor
                0x0000000008000678       0x2c ./Core/Src/usbd_desc.o
                0x0000000008000678                USBD_AUDIO_ManufacturerStrDescriptor
 .text.USBD_AUDIO_SerialStrDescriptor
                0x00000000080006a4       0x28 ./Core/Src/usbd_desc.o
                0x00000000080006a4                USBD_AUDIO_SerialStrDescriptor
 .text.USBD_AUDIO_ConfigStrDescriptor
                0x00000000080006cc       0x44 ./Core/Src/usbd_desc.o
                0x00000000080006cc                USBD_AUDIO_ConfigStrDescriptor
 .text.USBD_AUDIO_InterfaceStrDescriptor
                0x0000000008000710       0x44 ./Core/Src/usbd_desc.o
                0x0000000008000710                USBD_AUDIO_InterfaceStrDescriptor
 .text.Get_SerialNum
                0x0000000008000754       0x5c ./Core/Src/usbd_desc.o
 .text.IntToUnicode
                0x00000000080007b0       0x96 ./Core/Src/usbd_desc.o
 *fill*         0x0000000008000846        0x2 
 .text.Reset_Handler
                0x0000000008000848       0x80 ./Core/Startup/startup_stm32f042k6tx.o
                0x0000000008000848                Reset_Handler
 .text.Default_Handler
                0x00000000080008c8        0x2 ./Core/Startup/startup_stm32f042k6tx.o
                0x00000000080008c8                TIM1_CC_IRQHandler
                0x00000000080008c8                TSC_IRQHandler
                0x00000000080008c8                I2C1_IRQHandler
                0x00000000080008c8                RCC_CRS_IRQHandler
                0x00000000080008c8                SPI1_IRQHandler
                0x00000000080008c8                EXTI2_3_IRQHandler
                0x00000000080008c8                ADC1_IRQHandler
                0x00000000080008c8                TIM17_IRQHandler
                0x00000000080008c8                CEC_CAN_IRQHandler
                0x00000000080008c8                RTC_IRQHandler
                0x00000000080008c8                PVD_VDDIO2_IRQHandler
                0x00000000080008c8                TIM16_IRQHandler
                0x00000000080008c8                TIM3_IRQHandler
                0x00000000080008c8                EXTI4_15_IRQHandler
                0x00000000080008c8                DMA1_Channel1_IRQHandler
                0x00000000080008c8                Default_Handler
                0x00000000080008c8                TIM14_IRQHandler
                0x00000000080008c8                DMA1_Channel4_5_IRQHandler
                0x00000000080008c8                EXTI0_1_IRQHandler
                0x00000000080008c8                USB_IRQHandler
                0x00000000080008c8                SPI2_IRQHandler
                0x00000000080008c8                WWDG_IRQHandler
                0x00000000080008c8                TIM2_IRQHandler
                0x00000000080008c8                DMA1_Channel2_3_IRQHandler
                0x00000000080008c8                USART2_IRQHandler
                0x00000000080008c8                FLASH_IRQHandler
                0x00000000080008c8                USART1_IRQHandler
                0x00000000080008c8                TIM1_BRK_UP_TRG_COM_IRQHandler
 *fill*         0x00000000080008ca        0x2 
 .text.HAL_Init
                0x00000000080008cc       0x28 ./Drivers/STM32F0xx_HAL_Driver/Src/stm32f0xx_hal.o
                0x00000000080008cc                HAL_Init
 .text.HAL_InitTick
                0x00000000080008f4       0x68 ./Drivers/STM32F0xx_HAL_Driver/Src/stm32f0xx_hal.o
                0x00000000080008f4                HAL_InitTick
 .text.HAL_IncTick
                0x000000000800095c       0x24 ./Drivers/STM32F0xx_HAL_Driver/Src/stm32f0xx_hal.o
                0x000000000800095c                HAL_IncTick
 .text.HAL_GetTick
                0x0000000008000980       0x14 ./Drivers/STM32F0xx_HAL_Driver/Src/stm32f0xx_hal.o
                0x0000000008000980                HAL_GetTick
 .text.__NVIC_SetPriority
                0x0000000008000994       0xdc ./Drivers/STM32F0xx_HAL_Driver/Src/stm32f0xx_hal_cortex.o
 .text.SysTick_Config
                0x0000000008000a70       0x48 ./Drivers/STM32F0xx_HAL_Driver/Src/stm32f0xx_hal_cortex.o
 .text.HAL_NVIC_SetPriority
                0x0000000008000ab8       0x2a ./Drivers/STM32F0xx_HAL_Driver/Src/stm32f0xx_hal_cortex.o
                0x0000000008000ab8                HAL_NVIC_SetPriority
 .text.HAL_SYSTICK_Config
                0x0000000008000ae2       0x1a ./Drivers/STM32F0xx_HAL_Driver/Src/stm32f0xx_hal_cortex.o
                0x0000000008000ae2                HAL_SYSTICK_Config
 .text.HAL_GPIO_Init
                0x0000000008000afc      0x2d0 ./Drivers/STM32F0xx_HAL_Driver/Src/stm32f0xx_hal_gpio.o
                0x0000000008000afc                HAL_GPIO_Init
 .text.HAL_GPIO_WritePin
                0x0000000008000dcc       0x3a ./Drivers/STM32F0xx_HAL_Driver/Src/stm32f0xx_hal_gpio.o
                0x0000000008000dcc                HAL_GPIO_WritePin
 *fill*         0x0000000008000e06        0x2 
 .text.HAL_I2S_Init
                0x0000000008000e08      0x1c0 ./Drivers/STM32F0xx_HAL_Driver/Src/stm32f0xx_hal_i2s.o
                0x0000000008000e08                HAL_I2S_Init
 .text.HAL_PCD_Init
                0x0000000008000fc8      0x220 ./Drivers/STM32F0xx_HAL_Driver/Src/stm32f0xx_hal_pcd.o
                0x0000000008000fc8                HAL_PCD_Init
 .text.HAL_PCDEx_ActivateLPM
                0x00000000080011e8       0x54 ./Drivers/STM32F0xx_HAL_Driver/Src/stm32f0xx_hal_pcd_ex.o
                0x00000000080011e8                HAL_PCDEx_ActivateLPM
 .text.HAL_RCC_OscConfig
                0x000000000800123c      0x70c ./Drivers/STM32F0xx_HAL_Driver/Src/stm32f0xx_hal_rcc.o
                0x000000000800123c                HAL_RCC_OscConfig
 .text.HAL_RCC_ClockConfig
                0x0000000008001948      0x1b4 ./Drivers/STM32F0xx_HAL_Driver/Src/stm32f0xx_hal_rcc.o
                0x0000000008001948                HAL_RCC_ClockConfig
 .text.HAL_RCC_GetSysClockFreq
                0x0000000008001afc      0x100 ./Drivers/STM32F0xx_HAL_Driver/Src/stm32f0xx_hal_rcc.o
                0x0000000008001afc                HAL_RCC_GetSysClockFreq
 .text.HAL_RCCEx_PeriphCLKConfig
                0x0000000008001bfc      0x1dc ./Drivers/STM32F0xx_HAL_Driver/Src/stm32f0xx_hal_rcc_ex.o
                0x0000000008001bfc                HAL_RCCEx_PeriphCLKConfig
 .text.USB_DisableGlobalInt
                0x0000000008001dd8       0x34 ./Drivers/STM32F0xx_HAL_Driver/Src/stm32f0xx_ll_usb.o
                0x0000000008001dd8                USB_DisableGlobalInt
 .text.USB_DevInit
                0x0000000008001e0c       0x4e ./Drivers/STM32F0xx_HAL_Driver/Src/stm32f0xx_ll_usb.o
                0x0000000008001e0c                USB_DevInit
 *fill*         0x0000000008001e5a        0x2 
 .text.__libc_init_array
                0x0000000008001e5c       0x48 c:/st/stm32cubeide_1.9.0/stm32cubeide/plugins/com.st.stm32cube.ide.mcu.externaltools.gnu-tools-for-stm32.10.3-2021.10.win32_1.0.0.202111181127/tools/bin/../lib/gcc/arm-none-eabi/10.3.1/../../../../arm-none-eabi/lib/thumb/v6-m/nofp\libc_nano.a(lib_a-init.o)
                0x0000000008001e5c                __libc_init_array
 .text.memset   0x0000000008001ea4       0x10 c:/st/stm32cubeide_1.9.0/stm32cubeide/plugins/com.st.stm32cube.ide.mcu.externaltools.gnu-tools-for-stm32.10.3-2021.10.win32_1.0.0.202111181127/tools/bin/../lib/gcc/arm-none-eabi/10.3.1/../../../../arm-none-eabi/lib/thumb/v6-m/nofp\libc_nano.a(lib_a-memset.o)
                0x0000000008001ea4                memset
 *(.glue_7)
 .glue_7        0x0000000008001eb4        0x0 linker stubs
 *(.glue_7t)
 .glue_7t       0x0000000008001eb4        0x0 linker stubs
 *(.eh_frame)
 .eh_frame      0x0000000008001eb4        0x0 c:/st/stm32cubeide_1.9.0/stm32cubeide/plugins/com.st.stm32cube.ide.mcu.externaltools.gnu-tools-for-stm32.10.3-2021.10.win32_1.0.0.202111181127/tools/bin/../lib/gcc/arm-none-eabi/10.3.1/thumb/v6-m/nofp/crtbegin.o
 *(.init)
 .init          0x0000000008001eb4        0x4 c:/st/stm32cubeide_1.9.0/stm32cubeide/plugins/com.st.stm32cube.ide.mcu.externaltools.gnu-tools-for-stm32.10.3-2021.10.win32_1.0.0.202111181127/tools/bin/../lib/gcc/arm-none-eabi/10.3.1/thumb/v6-m/nofp/crti.o
                0x0000000008001eb4                _init
 .init          0x0000000008001eb8        0x8 c:/st/stm32cubeide_1.9.0/stm32cubeide/plugins/com.st.stm32cube.ide.mcu.externaltools.gnu-tools-for-stm32.10.3-2021.10.win32_1.0.0.202111181127/tools/bin/../lib/gcc/arm-none-eabi/10.3.1/thumb/v6-m/nofp/crtn.o
 *(.fini)
 .fini          0x0000000008001ec0        0x4 c:/st/stm32cubeide_1.9.0/stm32cubeide/plugins/com.st.stm32cube.ide.mcu.externaltools.gnu-tools-for-stm32.10.3-2021.10.win32_1.0.0.202111181127/tools/bin/../lib/gcc/arm-none-eabi/10.3.1/thumb/v6-m/nofp/crti.o
                0x0000000008001ec0                _fini
 .fini          0x0000000008001ec4        0x8 c:/st/stm32cubeide_1.9.0/stm32cubeide/plugins/com.st.stm32cube.ide.mcu.externaltools.gnu-tools-for-stm32.10.3-2021.10.win32_1.0.0.202111181127/tools/bin/../lib/gcc/arm-none-eabi/10.3.1/thumb/v6-m/nofp/crtn.o
                0x0000000008001ecc                . = ALIGN (0x4)
                0x0000000008001ecc                _etext = .

.vfp11_veneer   0x0000000008001ecc        0x0
 .vfp11_veneer  0x0000000008001ecc        0x0 linker stubs

.v4_bx          0x0000000008001ecc        0x0
 .v4_bx         0x0000000008001ecc        0x0 linker stubs

.iplt           0x0000000008001ecc        0x0
 .iplt          0x0000000008001ecc        0x0 c:/st/stm32cubeide_1.9.0/stm32cubeide/plugins/com.st.stm32cube.ide.mcu.externaltools.gnu-tools-for-stm32.10.3-2021.10.win32_1.0.0.202111181127/tools/bin/../lib/gcc/arm-none-eabi/10.3.1/thumb/v6-m/nofp/crtbegin.o

.rodata         0x0000000008001ecc       0xac
                0x0000000008001ecc                . = ALIGN (0x4)
 *(.rodata)
 .rodata        0x0000000008001ecc       0x7c ./Core/Src/usbd_desc.o
 .rodata        0x0000000008001f48       0x20 ./Drivers/STM32F0xx_HAL_Driver/Src/stm32f0xx_hal_rcc.o
 *(.rodata*)
 .rodata.AHBPrescTable
                0x0000000008001f68       0x10 ./Core/Src/system_stm32f0xx.o
                0x0000000008001f68                AHBPrescTable
                0x0000000008001f78                . = ALIGN (0x4)

.rel.dyn        0x0000000008001f78        0x0
 .rel.iplt      0x0000000008001f78        0x0 c:/st/stm32cubeide_1.9.0/stm32cubeide/plugins/com.st.stm32cube.ide.mcu.externaltools.gnu-tools-for-stm32.10.3-2021.10.win32_1.0.0.202111181127/tools/bin/../lib/gcc/arm-none-eabi/10.3.1/thumb/v6-m/nofp/crtbegin.o

.ARM.extab      0x0000000008001f78        0x0
                0x0000000008001f78                . = ALIGN (0x4)
 *(.ARM.extab* .gnu.linkonce.armextab.*)
                0x0000000008001f78                . = ALIGN (0x4)

.ARM            0x0000000008001f78        0x0
                0x0000000008001f78                . = ALIGN (0x4)
                0x0000000008001f78                __exidx_start = .
 *(.ARM.exidx*)
                0x0000000008001f78                __exidx_end = .
                0x0000000008001f78                . = ALIGN (0x4)

.preinit_array  0x0000000008001f78        0x0
                0x0000000008001f78                . = ALIGN (0x4)
                0x0000000008001f78                PROVIDE (__preinit_array_start = .)
 *(.preinit_array*)
                0x0000000008001f78                PROVIDE (__preinit_array_end = .)
                0x0000000008001f78                . = ALIGN (0x4)

.init_array     0x0000000008001f78        0x4
                0x0000000008001f78                . = ALIGN (0x4)
                0x0000000008001f78                PROVIDE (__init_array_start = .)
 *(SORT_BY_NAME(.init_array.*))
 *(.init_array*)
 .init_array    0x0000000008001f78        0x4 c:/st/stm32cubeide_1.9.0/stm32cubeide/plugins/com.st.stm32cube.ide.mcu.externaltools.gnu-tools-for-stm32.10.3-2021.10.win32_1.0.0.202111181127/tools/bin/../lib/gcc/arm-none-eabi/10.3.1/thumb/v6-m/nofp/crtbegin.o
                0x0000000008001f7c                PROVIDE (__init_array_end = .)
                0x0000000008001f7c                . = ALIGN (0x4)

.fini_array     0x0000000008001f7c        0x4
                0x0000000008001f7c                . = ALIGN (0x4)
                [!provide]                        PROVIDE (__fini_array_start = .)
 *(SORT_BY_NAME(.fini_array.*))
 *(.fini_array*)
 .fini_array    0x0000000008001f7c        0x4 c:/st/stm32cubeide_1.9.0/stm32cubeide/plugins/com.st.stm32cube.ide.mcu.externaltools.gnu-tools-for-stm32.10.3-2021.10.win32_1.0.0.202111181127/tools/bin/../lib/gcc/arm-none-eabi/10.3.1/thumb/v6-m/nofp/crtbegin.o
                [!provide]                        PROVIDE (__fini_array_end = .)
                0x0000000008001f80                . = ALIGN (0x4)
                0x0000000008001f80                _sidata = LOADADDR (.data)

.data           0x0000000020000000       0x5c load address 0x0000000008001f80
                0x0000000020000000                . = ALIGN (0x4)
                0x0000000020000000                _sdata = .
 *(.data)
 *(.data*)
 .data.SystemCoreClock
                0x0000000020000000        0x4 ./Core/Src/system_stm32f0xx.o
                0x0000000020000000                SystemCoreClock
 .data.AUDIO_Desc
                0x0000000020000004       0x1c ./Core/Src/usbd_desc.o
                0x0000000020000004                AUDIO_Desc
 .data.USBD_DeviceDesc
                0x0000000020000020       0x12 ./Core/Src/usbd_desc.o
                0x0000000020000020                USBD_DeviceDesc
 *fill*         0x0000000020000032        0x2 
 .data.USBD_LangIDDesc
                0x0000000020000034        0x4 ./Core/Src/usbd_desc.o
                0x0000000020000034                USBD_LangIDDesc
 .data.USBD_StringSerial
                0x0000000020000038       0x1a ./Core/Src/usbd_desc.o
                0x0000000020000038                USBD_StringSerial
 *fill*         0x0000000020000052        0x2 
 .data.uwTickPrio
                0x0000000020000054        0x4 ./Drivers/STM32F0xx_HAL_Driver/Src/stm32f0xx_hal.o
                0x0000000020000054                uwTickPrio
 .data.uwTickFreq
                0x0000000020000058        0x1 ./Drivers/STM32F0xx_HAL_Driver/Src/stm32f0xx_hal.o
                0x0000000020000058                uwTickFreq
 *(.RamFunc)
 *(.RamFunc*)
                0x000000002000005c                . = ALIGN (0x4)
 *fill*         0x0000000020000059        0x3 
                0x000000002000005c                _edata = .

.igot.plt       0x000000002000005c        0x0 load address 0x0000000008001fdc
 .igot.plt      0x000000002000005c        0x0 c:/st/stm32cubeide_1.9.0/stm32cubeide/plugins/com.st.stm32cube.ide.mcu.externaltools.gnu-tools-for-stm32.10.3-2021.10.win32_1.0.0.202111181127/tools/bin/../lib/gcc/arm-none-eabi/10.3.1/thumb/v6-m/nofp/crtbegin.o
                0x000000002000005c                . = ALIGN (0x4)

.bss            0x000000002000005c      0x6ec load address 0x0000000008001fdc
                0x000000002000005c                _sbss = .
                0x000000002000005c                __bss_start__ = _sbss
 *(.bss)
 .bss           0x000000002000005c       0x1c c:/st/stm32cubeide_1.9.0/stm32cubeide/plugins/com.st.stm32cube.ide.mcu.externaltools.gnu-tools-for-stm32.10.3-2021.10.win32_1.0.0.202111181127/tools/bin/../lib/gcc/arm-none-eabi/10.3.1/thumb/v6-m/nofp/crtbegin.o
 *(.bss*)
 .bss.hi2s1     0x0000000020000078       0x3c ./Core/Src/main.o
                0x0000000020000078                hi2s1
 .bss.hpcd_USB_FS
                0x00000000200000b4      0x2f4 ./Core/Src/main.o
                0x00000000200000b4                hpcd_USB_FS
 .bss.USBD_Device
                0x00000000200003a8      0x29c ./Core/Src/main.o
                0x00000000200003a8                USBD_Device
 .bss.USBD_StrDesc
                0x0000000020000644      0x100 ./Core/Src/usbd_desc.o
                0x0000000020000644                USBD_StrDesc
 .bss.uwTick    0x0000000020000744        0x4 ./Drivers/STM32F0xx_HAL_Driver/Src/stm32f0xx_hal.o
                0x0000000020000744                uwTick
 *(COMMON)
                0x0000000020000748                . = ALIGN (0x4)
                0x0000000020000748                _ebss = .
                0x0000000020000748                __bss_end__ = _ebss

._user_heap_stack
                0x0000000020000748      0x600 load address 0x0000000008001fdc
                0x0000000020000748                . = ALIGN (0x8)
                [!provide]                        PROVIDE (end = .)
                0x0000000020000748                PROVIDE (_end = .)
                0x0000000020000948                . = (. + _Min_Heap_Size)
 *fill*         0x0000000020000748      0x200 
                0x0000000020000d48                . = (. + _Min_Stack_Size)
 *fill*         0x0000000020000948      0x400 
                0x0000000020000d48                . = ALIGN (0x8)

/DISCARD/
 libc.a(*)
 libm.a(*)
 libgcc.a(*)

.ARM.attributes
                0x0000000000000000       0x28
 *(.ARM.attributes)
 .ARM.attributes
                0x0000000000000000       0x1e c:/st/stm32cubeide_1.9.0/stm32cubeide/plugins/com.st.stm32cube.ide.mcu.externaltools.gnu-tools-for-stm32.10.3-2021.10.win32_1.0.0.202111181127/tools/bin/../lib/gcc/arm-none-eabi/10.3.1/thumb/v6-m/nofp/crti.o
 .ARM.attributes
                0x000000000000001e       0x2c c:/st/stm32cubeide_1.9.0/stm32cubeide/plugins/com.st.stm32cube.ide.mcu.externaltools.gnu-tools-for-stm32.10.3-2021.10.win32_1.0.0.202111181127/tools/bin/../lib/gcc/arm-none-eabi/10.3.1/thumb/v6-m/nofp/crtbegin.o
 .ARM.attributes
                0x000000000000004a       0x2c ./Core/Src/main.o
 .ARM.attributes
                0x0000000000000076       0x2c ./Core/Src/stm32f0xx_hal_msp.o
 .ARM.attributes
                0x00000000000000a2       0x2c ./Core/Src/stm32f0xx_it.o
 .ARM.attributes
                0x00000000000000ce       0x2c ./Core/Src/system_stm32f0xx.o
 .ARM.attributes
                0x00000000000000fa       0x2c ./Core/Src/usbd_desc.o
 .ARM.attributes
                0x0000000000000126       0x21 ./Core/Startup/startup_stm32f042k6tx.o
 .ARM.attributes
                0x0000000000000147       0x2c ./Drivers/STM32F0xx_HAL_Driver/Src/stm32f0xx_hal.o
 .ARM.attributes
                0x0000000000000173       0x2c ./Drivers/STM32F0xx_HAL_Driver/Src/stm32f0xx_hal_cortex.o
 .ARM.attributes
                0x000000000000019f       0x2c ./Drivers/STM32F0xx_HAL_Driver/Src/stm32f0xx_hal_gpio.o
 .ARM.attributes
                0x00000000000001cb       0x2c ./Drivers/STM32F0xx_HAL_Driver/Src/stm32f0xx_hal_i2s.o
 .ARM.attributes
                0x00000000000001f7       0x2c ./Drivers/STM32F0xx_HAL_Driver/Src/stm32f0xx_hal_pcd.o
 .ARM.attributes
                0x0000000000000223       0x2c ./Drivers/STM32F0xx_HAL_Driver/Src/stm32f0xx_hal_pcd_ex.o
 .ARM.attributes
                0x000000000000024f       0x2c ./Drivers/STM32F0xx_HAL_Driver/Src/stm32f0xx_hal_rcc.o
 .ARM.attributes
                0x000000000000027b       0x2c ./Drivers/STM32F0xx_HAL_Driver/Src/stm32f0xx_hal_rcc_ex.o
 .ARM.attributes
                0x00000000000002a7       0x2c ./Drivers/STM32F0xx_HAL_Driver/Src/stm32f0xx_ll_usb.o
 .ARM.attributes
                0x00000000000002d3       0x2c c:/st/stm32cubeide_1.9.0/stm32cubeide/plugins/com.st.stm32cube.ide.mcu.externaltools.gnu-tools-for-stm32.10.3-2021.10.win32_1.0.0.202111181127/tools/bin/../lib/gcc/arm-none-eabi/10.3.1/../../../../arm-none-eabi/lib/thumb/v6-m/nofp\libc_nano.a(lib_a-init.o)
 .ARM.attributes
                0x00000000000002ff       0x2c c:/st/stm32cubeide_1.9.0/stm32cubeide/plugins/com.st.stm32cube.ide.mcu.externaltools.gnu-tools-for-stm32.10.3-2021.10.win32_1.0.0.202111181127/tools/bin/../lib/gcc/arm-none-eabi/10.3.1/../../../../arm-none-eabi/lib/thumb/v6-m/nofp\libc_nano.a(lib_a-memset.o)
 .ARM.attributes
                0x000000000000032b       0x1e c:/st/stm32cubeide_1.9.0/stm32cubeide/plugins/com.st.stm32cube.ide.mcu.externaltools.gnu-tools-for-stm32.10.3-2021.10.win32_1.0.0.202111181127/tools/bin/../lib/gcc/arm-none-eabi/10.3.1/thumb/v6-m/nofp\libgcc.a(_udivsi3.o)
 .ARM.attributes
                0x0000000000000349       0x1e c:/st/stm32cubeide_1.9.0/stm32cubeide/plugins/com.st.stm32cube.ide.mcu.externaltools.gnu-tools-for-stm32.10.3-2021.10.win32_1.0.0.202111181127/tools/bin/../lib/gcc/arm-none-eabi/10.3.1/thumb/v6-m/nofp\libgcc.a(_dvmd_tls.o)
 .ARM.attributes
                0x0000000000000367       0x1e c:/st/stm32cubeide_1.9.0/stm32cubeide/plugins/com.st.stm32cube.ide.mcu.externaltools.gnu-tools-for-stm32.10.3-2021.10.win32_1.0.0.202111181127/tools/bin/../lib/gcc/arm-none-eabi/10.3.1/thumb/v6-m/nofp/crtn.o
OUTPUT(flash_test.elf elf32-littlearm)
LOAD linker stubs
LOAD c:/st/stm32cubeide_1.9.0/stm32cubeide/plugins/com.st.stm32cube.ide.mcu.externaltools.gnu-tools-for-stm32.10.3-2021.10.win32_1.0.0.202111181127/tools/bin/../lib/gcc/arm-none-eabi/10.3.1/../../../../arm-none-eabi/lib/thumb/v6-m/nofp\libc.a
LOAD c:/st/stm32cubeide_1.9.0/stm32cubeide/plugins/com.st.stm32cube.ide.mcu.externaltools.gnu-tools-for-stm32.10.3-2021.10.win32_1.0.0.202111181127/tools/bin/../lib/gcc/arm-none-eabi/10.3.1/../../../../arm-none-eabi/lib/thumb/v6-m/nofp\libm.a
LOAD c:/st/stm32cubeide_1.9.0/stm32cubeide/plugins/com.st.stm32cube.ide.mcu.externaltools.gnu-tools-for-stm32.10.3-2021.10.win32_1.0.0.202111181127/tools/bin/../lib/gcc/arm-none-eabi/10.3.1/thumb/v6-m/nofp\libgcc.a

.debug_info     0x0000000000000000     0x9469
 .debug_info    0x0000000000000000     0x1981 ./Core/Src/main.o
 .debug_info    0x0000000000001981      0xd5b ./Core/Src/stm32f0xx_hal_msp.o
 .debug_info    0x00000000000026dc       0xe1 ./Core/Src/stm32f0xx_it.o
 .debug_info    0x00000000000027bd      0x269 ./Core/Src/system_stm32f0xx.o
 .debug_info    0x0000000000002a26      0x46d ./Core/Src/usbd_desc.o
 .debug_info    0x0000000000002e93       0x22 ./Core/Startup/startup_stm32f042k6tx.o
 .debug_info    0x0000000000002eb5      0x6d3 ./Drivers/STM32F0xx_HAL_Driver/Src/stm32f0xx_hal.o
 .debug_info    0x0000000000003588      0x705 ./Drivers/STM32F0xx_HAL_Driver/Src/stm32f0xx_hal_cortex.o
 .debug_info    0x0000000000003c8d      0x628 ./Drivers/STM32F0xx_HAL_Driver/Src/stm32f0xx_hal_gpio.o
 .debug_info    0x00000000000042b5      0xd25 ./Drivers/STM32F0xx_HAL_Driver/Src/stm32f0xx_hal_i2s.o
 .debug_info    0x0000000000004fda     0x169e ./Drivers/STM32F0xx_HAL_Driver/Src/stm32f0xx_hal_pcd.o
 .debug_info    0x0000000000006678      0x88f ./Drivers/STM32F0xx_HAL_Driver/Src/stm32f0xx_hal_pcd_ex.o
 .debug_info    0x0000000000006f07      0x8ac ./Drivers/STM32F0xx_HAL_Driver/Src/stm32f0xx_hal_rcc.o
 .debug_info    0x00000000000077b3      0x640 ./Drivers/STM32F0xx_HAL_Driver/Src/stm32f0xx_hal_rcc_ex.o
 .debug_info    0x0000000000007df3     0x1676 ./Drivers/STM32F0xx_HAL_Driver/Src/stm32f0xx_ll_usb.o

.debug_abbrev   0x0000000000000000     0x1c20
 .debug_abbrev  0x0000000000000000      0x2dc ./Core/Src/main.o
 .debug_abbrev  0x00000000000002dc      0x1d0 ./Core/Src/stm32f0xx_hal_msp.o
 .debug_abbrev  0x00000000000004ac       0x74 ./Core/Src/stm32f0xx_it.o
 .debug_abbrev  0x0000000000000520      0x116 ./Core/Src/system_stm32f0xx.o
 .debug_abbrev  0x0000000000000636      0x1d5 ./Core/Src/usbd_desc.o
 .debug_abbrev  0x000000000000080b       0x12 ./Core/Startup/startup_stm32f042k6tx.o
 .debug_abbrev  0x000000000000081d      0x23f ./Drivers/STM32F0xx_HAL_Driver/Src/stm32f0xx_hal.o
 .debug_abbrev  0x0000000000000a5c      0x283 ./Drivers/STM32F0xx_HAL_Driver/Src/stm32f0xx_hal_cortex.o
 .debug_abbrev  0x0000000000000cdf      0x1bb ./Drivers/STM32F0xx_HAL_Driver/Src/stm32f0xx_hal_gpio.o
 .debug_abbrev  0x0000000000000e9a      0x243 ./Drivers/STM32F0xx_HAL_Driver/Src/stm32f0xx_hal_i2s.o
 .debug_abbrev  0x00000000000010dd      0x2a4 ./Drivers/STM32F0xx_HAL_Driver/Src/stm32f0xx_hal_pcd.o
 .debug_abbrev  0x0000000000001381      0x21d ./Drivers/STM32F0xx_HAL_Driver/Src/stm32f0xx_hal_pcd_ex.o
 .debug_abbrev  0x000000000000159e      0x283 ./Drivers/STM32F0xx_HAL_Driver/Src/stm32f0xx_hal_rcc.o
 .debug_abbrev  0x0000000000001821      0x1d0 ./Drivers/STM32F0xx_HAL_Driver/Src/stm32f0xx_hal_rcc_ex.o
 .debug_abbrev  0x00000000000019f1      0x22f ./Drivers/STM32F0xx_HAL_Driver/Src/stm32f0xx_ll_usb.o

.debug_aranges  0x0000000000000000      0x790
 .debug_aranges
                0x0000000000000000       0x48 ./Core/Src/main.o
 .debug_aranges
                0x0000000000000048       0x40 ./Core/Src/stm32f0xx_hal_msp.o
 .debug_aranges
                0x0000000000000088       0x40 ./Core/Src/stm32f0xx_it.o
 .debug_aranges
                0x00000000000000c8       0x28 ./Core/Src/system_stm32f0xx.o
 .debug_aranges
                0x00000000000000f0       0x60 ./Core/Src/usbd_desc.o
 .debug_aranges
                0x0000000000000150       0x28 ./Core/Startup/startup_stm32f042k6tx.o
 .debug_aranges
                0x0000000000000178       0xd0 ./Drivers/STM32F0xx_HAL_Driver/Src/stm32f0xx_hal.o
 .debug_aranges
                0x0000000000000248       0xc0 ./Drivers/STM32F0xx_HAL_Driver/Src/stm32f0xx_hal_cortex.o
 .debug_aranges
                0x0000000000000308       0x58 ./Drivers/STM32F0xx_HAL_Driver/Src/stm32f0xx_hal_gpio.o
 .debug_aranges
                0x0000000000000360      0x100 ./Drivers/STM32F0xx_HAL_Driver/Src/stm32f0xx_hal_i2s.o
 .debug_aranges
                0x0000000000000460      0x130 ./Drivers/STM32F0xx_HAL_Driver/Src/stm32f0xx_hal_pcd.o
 .debug_aranges
                0x0000000000000590       0x58 ./Drivers/STM32F0xx_HAL_Driver/Src/stm32f0xx_hal_pcd_ex.o
 .debug_aranges
                0x00000000000005e8       0x80 ./Drivers/STM32F0xx_HAL_Driver/Src/stm32f0xx_hal_rcc.o
 .debug_aranges
                0x0000000000000668       0x78 ./Drivers/STM32F0xx_HAL_Driver/Src/stm32f0xx_hal_rcc_ex.o
 .debug_aranges
                0x00000000000006e0       0xb0 ./Drivers/STM32F0xx_HAL_Driver/Src/stm32f0xx_ll_usb.o

.debug_ranges   0x0000000000000000      0x6a8
 .debug_ranges  0x0000000000000000       0x38 ./Core/Src/main.o
 .debug_ranges  0x0000000000000038       0x30 ./Core/Src/stm32f0xx_hal_msp.o
 .debug_ranges  0x0000000000000068       0x30 ./Core/Src/stm32f0xx_it.o
 .debug_ranges  0x0000000000000098       0x18 ./Core/Src/system_stm32f0xx.o
 .debug_ranges  0x00000000000000b0       0x50 ./Core/Src/usbd_desc.o
 .debug_ranges  0x0000000000000100       0x20 ./Core/Startup/startup_stm32f042k6tx.o
 .debug_ranges  0x0000000000000120       0xc0 ./Drivers/STM32F0xx_HAL_Driver/Src/stm32f0xx_hal.o
 .debug_ranges  0x00000000000001e0       0xb0 ./Drivers/STM32F0xx_HAL_Driver/Src/stm32f0xx_hal_cortex.o
 .debug_ranges  0x0000000000000290       0x48 ./Drivers/STM32F0xx_HAL_Driver/Src/stm32f0xx_hal_gpio.o
 .debug_ranges  0x00000000000002d8       0xf0 ./Drivers/STM32F0xx_HAL_Driver/Src/stm32f0xx_hal_i2s.o
 .debug_ranges  0x00000000000003c8      0x120 ./Drivers/STM32F0xx_HAL_Driver/Src/stm32f0xx_hal_pcd.o
 .debug_ranges  0x00000000000004e8       0x48 ./Drivers/STM32F0xx_HAL_Driver/Src/stm32f0xx_hal_pcd_ex.o
 .debug_ranges  0x0000000000000530       0x70 ./Drivers/STM32F0xx_HAL_Driver/Src/stm32f0xx_hal_rcc.o
 .debug_ranges  0x00000000000005a0       0x68 ./Drivers/STM32F0xx_HAL_Driver/Src/stm32f0xx_hal_rcc_ex.o
 .debug_ranges  0x0000000000000608       0xa0 ./Drivers/STM32F0xx_HAL_Driver/Src/stm32f0xx_ll_usb.o

.debug_macro    0x0000000000000000    0x192da
 .debug_macro   0x0000000000000000      0x45d ./Core/Src/main.o
 .debug_macro   0x000000000000045d      0xa4e ./Core/Src/main.o
 .debug_macro   0x0000000000000eab      0x133 ./Core/Src/main.o
 .debug_macro   0x0000000000000fde       0x2e ./Core/Src/main.o
 .debug_macro   0x000000000000100c       0x22 ./Core/Src/main.o
 .debug_macro   0x000000000000102e       0x22 ./Core/Src/main.o
 .debug_macro   0x0000000000001050       0x8e ./Core/Src/main.o
 .debug_macro   0x00000000000010de       0x51 ./Core/Src/main.o
 .debug_macro   0x000000000000112f      0x103 ./Core/Src/main.o
 .debug_macro   0x0000000000001232       0x6a ./Core/Src/main.o
 .debug_macro   0x000000000000129c      0x1df ./Core/Src/main.o
 .debug_macro   0x000000000000147b       0x1c ./Core/Src/main.o
 .debug_macro   0x0000000000001497       0x22 ./Core/Src/main.o
 .debug_macro   0x00000000000014b9       0xaf ./Core/Src/main.o
 .debug_macro   0x0000000000001568      0x391 ./Core/Src/main.o
 .debug_macro   0x00000000000018f9     0xf1ed ./Core/Src/main.o
 .debug_macro   0x0000000000010ae6       0x66 ./Core/Src/main.o
 .debug_macro   0x0000000000010b4c     0x34a6 ./Core/Src/main.o
 .debug_macro   0x0000000000013ff2      0x174 ./Core/Src/main.o
 .debug_macro   0x0000000000014166       0x55 ./Core/Src/main.o
 .debug_macro   0x00000000000141bb      0x946 ./Core/Src/main.o
 .debug_macro   0x0000000000014b01      0x46b ./Core/Src/main.o
 .debug_macro   0x0000000000014f6c      0x1af ./Core/Src/main.o
 .debug_macro   0x000000000001511b      0x130 ./Core/Src/main.o
 .debug_macro   0x000000000001524b      0x199 ./Core/Src/main.o
 .debug_macro   0x00000000000153e4      0x1ed ./Core/Src/main.o
 .debug_macro   0x00000000000155d1       0x34 ./Core/Src/main.o
 .debug_macro   0x0000000000015605       0x43 ./Core/Src/main.o
 .debug_macro   0x0000000000015648       0x28 ./Core/Src/main.o
 .debug_macro   0x0000000000015670       0xb0 ./Core/Src/main.o
 .debug_macro   0x0000000000015720      0x182 ./Core/Src/main.o
 .debug_macro   0x00000000000158a2      0x22c ./Core/Src/main.o
 .debug_macro   0x0000000000015ace       0x61 ./Core/Src/main.o
 .debug_macro   0x0000000000015b2f       0xa5 ./Core/Src/main.o
 .debug_macro   0x0000000000015bd4      0x1b5 ./Core/Src/main.o
 .debug_macro   0x0000000000015d89       0x65 ./Core/Src/main.o
 .debug_macro   0x0000000000015dee      0x234 ./Core/Src/main.o
 .debug_macro   0x0000000000016022       0x4c ./Core/Src/main.o
 .debug_macro   0x000000000001606e      0x15b ./Core/Src/main.o
 .debug_macro   0x00000000000161c9      0x12e ./Core/Src/main.o
 .debug_macro   0x00000000000162f7       0x28 ./Core/Src/main.o
 .debug_macro   0x000000000001631f       0x34 ./Core/Src/main.o
 .debug_macro   0x0000000000016353       0x55 ./Core/Src/main.o
 .debug_macro   0x00000000000163a8       0x70 ./Core/Src/main.o
 .debug_macro   0x0000000000016418       0x52 ./Core/Src/main.o
 .debug_macro   0x000000000001646a       0x52 ./Core/Src/main.o
 .debug_macro   0x00000000000164bc       0x18 ./Core/Src/main.o
 .debug_macro   0x00000000000164d4       0x3c ./Core/Src/main.o
 .debug_macro   0x0000000000016510       0x34 ./Core/Src/main.o
 .debug_macro   0x0000000000016544       0x16 ./Core/Src/main.o
 .debug_macro   0x000000000001655a       0x35 ./Core/Src/main.o
 .debug_macro   0x000000000001658f      0x341 ./Core/Src/main.o
 .debug_macro   0x00000000000168d0       0x10 ./Core/Src/main.o
 .debug_macro   0x00000000000168e0       0x16 ./Core/Src/main.o
 .debug_macro   0x00000000000168f6       0x43 ./Core/Src/main.o
 .debug_macro   0x0000000000016939       0x34 ./Core/Src/main.o
 .debug_macro   0x000000000001696d       0x10 ./Core/Src/main.o
 .debug_macro   0x000000000001697d       0x58 ./Core/Src/main.o
 .debug_macro   0x00000000000169d5       0x71 ./Core/Src/main.o
 .debug_macro   0x0000000000016a46       0x1c ./Core/Src/main.o
 .debug_macro   0x0000000000016a62      0x12a ./Core/Src/main.o
 .debug_macro   0x0000000000016b8c       0x10 ./Core/Src/main.o
 .debug_macro   0x0000000000016b9c       0x1c ./Core/Src/main.o
 .debug_macro   0x0000000000016bb8       0x52 ./Core/Src/main.o
 .debug_macro   0x0000000000016c0a       0x22 ./Core/Src/main.o
 .debug_macro   0x0000000000016c2c       0x10 ./Core/Src/main.o
 .debug_macro   0x0000000000016c3c       0x52 ./Core/Src/main.o
 .debug_macro   0x0000000000016c8e       0xd5 ./Core/Src/main.o
 .debug_macro   0x0000000000016d63       0x1c ./Core/Src/main.o
 .debug_macro   0x0000000000016d7f       0x3d ./Core/Src/main.o
 .debug_macro   0x0000000000016dbc       0x16 ./Core/Src/main.o
 .debug_macro   0x0000000000016dd2      0x145 ./Core/Src/main.o
 .debug_macro   0x0000000000016f17       0x16 ./Core/Src/main.o
 .debug_macro   0x0000000000016f2d       0x16 ./Core/Src/main.o
 .debug_macro   0x0000000000016f43       0x29 ./Core/Src/main.o
 .debug_macro   0x0000000000016f6c       0x16 ./Core/Src/main.o
 .debug_macro   0x0000000000016f82       0x20 ./Core/Src/main.o
 .debug_macro   0x0000000000016fa2       0x52 ./Core/Src/main.o
 .debug_macro   0x0000000000016ff4      0x1d6 ./Core/Src/main.o
 .debug_macro   0x00000000000171ca       0x1c ./Core/Src/main.o
 .debug_macro   0x00000000000171e6      0x17d ./Core/Src/main.o
 .debug_macro   0x0000000000017363       0x34 ./Core/Src/main.o
 .debug_macro   0x0000000000017397      0x459 ./Core/Src/stm32f0xx_hal_msp.o
 .debug_macro   0x00000000000177f0      0x463 ./Core/Src/stm32f0xx_it.o
 .debug_macro   0x0000000000017c53      0x1c8 ./Core/Src/system_stm32f0xx.o
 .debug_macro   0x0000000000017e1b      0x45b ./Core/Src/usbd_desc.o
 .debug_macro   0x0000000000018276      0x1ec ./Drivers/STM32F0xx_HAL_Driver/Src/stm32f0xx_hal.o
 .debug_macro   0x0000000000018462      0x1c8 ./Drivers/STM32F0xx_HAL_Driver/Src/stm32f0xx_hal_cortex.o
 .debug_macro   0x000000000001862a      0x1cf ./Drivers/STM32F0xx_HAL_Driver/Src/stm32f0xx_hal_gpio.o
 .debug_macro   0x00000000000187f9      0x1c9 ./Drivers/STM32F0xx_HAL_Driver/Src/stm32f0xx_hal_i2s.o
 .debug_macro   0x00000000000189c2      0x1d4 ./Drivers/STM32F0xx_HAL_Driver/Src/stm32f0xx_hal_pcd.o
 .debug_macro   0x0000000000018b96      0x1c8 ./Drivers/STM32F0xx_HAL_Driver/Src/stm32f0xx_hal_pcd_ex.o
 .debug_macro   0x0000000000018d5e      0x1da ./Drivers/STM32F0xx_HAL_Driver/Src/stm32f0xx_hal_rcc.o
 .debug_macro   0x0000000000018f38      0x1da ./Drivers/STM32F0xx_HAL_Driver/Src/stm32f0xx_hal_rcc_ex.o
 .debug_macro   0x0000000000019112      0x1c8 ./Drivers/STM32F0xx_HAL_Driver/Src/stm32f0xx_ll_usb.o

.debug_line     0x0000000000000000     0xa5f7
 .debug_line    0x0000000000000000      0xba9 ./Core/Src/main.o
 .debug_line    0x0000000000000ba9      0xb14 ./Core/Src/stm32f0xx_hal_msp.o
 .debug_line    0x00000000000016bd      0xaf4 ./Core/Src/stm32f0xx_it.o
 .debug_line    0x00000000000021b1      0x755 ./Core/Src/system_stm32f0xx.o
 .debug_line    0x0000000000002906      0xb42 ./Core/Src/usbd_desc.o
 .debug_line    0x0000000000003448       0x9b ./Core/Startup/startup_stm32f042k6tx.o
 .debug_line    0x00000000000034e3      0x948 ./Drivers/STM32F0xx_HAL_Driver/Src/stm32f0xx_hal.o
 .debug_line    0x0000000000003e2b      0x9f4 ./Drivers/STM32F0xx_HAL_Driver/Src/stm32f0xx_hal_cortex.o
 .debug_line    0x000000000000481f      0xab2 ./Drivers/STM32F0xx_HAL_Driver/Src/stm32f0xx_hal_gpio.o
 .debug_line    0x00000000000052d1      0xfc1 ./Drivers/STM32F0xx_HAL_Driver/Src/stm32f0xx_hal_i2s.o
 .debug_line    0x0000000000006292     0x12cb ./Drivers/STM32F0xx_HAL_Driver/Src/stm32f0xx_hal_pcd.o
 .debug_line    0x000000000000755d      0x842 ./Drivers/STM32F0xx_HAL_Driver/Src/stm32f0xx_hal_pcd_ex.o
 .debug_line    0x0000000000007d9f      0xdd7 ./Drivers/STM32F0xx_HAL_Driver/Src/stm32f0xx_hal_rcc.o
 .debug_line    0x0000000000008b76      0xb86 ./Drivers/STM32F0xx_HAL_Driver/Src/stm32f0xx_hal_rcc_ex.o
 .debug_line    0x00000000000096fc      0xefb ./Drivers/STM32F0xx_HAL_Driver/Src/stm32f0xx_ll_usb.o

.debug_str      0x0000000000000000    0x8c280
 .debug_str     0x0000000000000000    0x8a724 ./Core/Src/main.o
                                      0x8aaba (size before relaxing)
 .debug_str     0x000000000008a724       0x8a ./Core/Src/stm32f0xx_hal_msp.o
                                      0x89fe8 (size before relaxing)
 .debug_str     0x000000000008a7ae       0x82 ./Core/Src/stm32f0xx_it.o
                                      0x89846 (size before relaxing)
 .debug_str     0x000000000008a830       0x8b ./Core/Src/system_stm32f0xx.o
                                      0x83281 (size before relaxing)
 .debug_str     0x000000000008a8bb      0x31f ./Core/Src/usbd_desc.o
                                      0x8902e (size before relaxing)
 .debug_str     0x000000000008abda       0x36 ./Core/Startup/startup_stm32f042k6tx.o
                                         0x77 (size before relaxing)
 .debug_str     0x000000000008ac10      0x4de ./Drivers/STM32F0xx_HAL_Driver/Src/stm32f0xx_hal.o
                                      0x83830 (size before relaxing)
 .debug_str     0x000000000008b0ee      0x1a0 ./Drivers/STM32F0xx_HAL_Driver/Src/stm32f0xx_hal_cortex.o
                                      0x83621 (size before relaxing)
 .debug_str     0x000000000008b28e      0x118 ./Drivers/STM32F0xx_HAL_Driver/Src/stm32f0xx_hal_gpio.o
                                      0x83422 (size before relaxing)
 .debug_str     0x000000000008b3a6      0x2af ./Drivers/STM32F0xx_HAL_Driver/Src/stm32f0xx_hal_i2s.o
                                      0x8385b (size before relaxing)
 .debug_str     0x000000000008b655      0x507 ./Drivers/STM32F0xx_HAL_Driver/Src/stm32f0xx_hal_pcd.o
                                      0x83b19 (size before relaxing)
 .debug_str     0x000000000008bb5c      0x186 ./Drivers/STM32F0xx_HAL_Driver/Src/stm32f0xx_hal_pcd_ex.o
                                      0x83794 (size before relaxing)
 .debug_str     0x000000000008bce2      0x1f7 ./Drivers/STM32F0xx_HAL_Driver/Src/stm32f0xx_hal_rcc.o
                                      0x836c8 (size before relaxing)
 .debug_str     0x000000000008bed9      0x2d4 ./Drivers/STM32F0xx_HAL_Driver/Src/stm32f0xx_hal_rcc_ex.o
                                      0x8366b (size before relaxing)
 .debug_str     0x000000000008c1ad       0xd3 ./Drivers/STM32F0xx_HAL_Driver/Src/stm32f0xx_ll_usb.o
                                      0x83665 (size before relaxing)

.comment        0x0000000000000000       0x50
 .comment       0x0000000000000000       0x50 ./Core/Src/main.o
                                         0x51 (size before relaxing)
 .comment       0x0000000000000050       0x51 ./Core/Src/stm32f0xx_hal_msp.o
 .comment       0x0000000000000050       0x51 ./Core/Src/stm32f0xx_it.o
 .comment       0x0000000000000050       0x51 ./Core/Src/system_stm32f0xx.o
 .comment       0x0000000000000050       0x51 ./Core/Src/usbd_desc.o
 .comment       0x0000000000000050       0x51 ./Drivers/STM32F0xx_HAL_Driver/Src/stm32f0xx_hal.o
 .comment       0x0000000000000050       0x51 ./Drivers/STM32F0xx_HAL_Driver/Src/stm32f0xx_hal_cortex.o
 .comment       0x0000000000000050       0x51 ./Drivers/STM32F0xx_HAL_Driver/Src/stm32f0xx_hal_gpio.o
 .comment       0x0000000000000050       0x51 ./Drivers/STM32F0xx_HAL_Driver/Src/stm32f0xx_hal_i2s.o
 .comment       0x0000000000000050       0x51 ./Drivers/STM32F0xx_HAL_Driver/Src/stm32f0xx_hal_pcd.o
 .comment       0x0000000000000050       0x51 ./Drivers/STM32F0xx_HAL_Driver/Src/stm32f0xx_hal_pcd_ex.o
 .comment       0x0000000000000050       0x51 ./Drivers/STM32F0xx_HAL_Driver/Src/stm32f0xx_hal_rcc.o
 .comment       0x0000000000000050       0x51 ./Drivers/STM32F0xx_HAL_Driver/Src/stm32f0xx_hal_rcc_ex.o
 .comment       0x0000000000000050       0x51 ./Drivers/STM32F0xx_HAL_Driver/Src/stm32f0xx_ll_usb.o

.debug_frame    0x0000000000000000     0x1910
 .debug_frame   0x0000000000000000       0xc0 ./Core/Src/main.o
 .debug_frame   0x00000000000000c0       0xb0 ./Core/Src/stm32f0xx_hal_msp.o
 .debug_frame   0x0000000000000170       0x9c ./Core/Src/stm32f0xx_it.o
 .debug_frame   0x000000000000020c       0x4c ./Core/Src/system_stm32f0xx.o
 .debug_frame   0x0000000000000258      0x130 ./Core/Src/usbd_desc.o
 .debug_frame   0x0000000000000388      0x2a4 ./Drivers/STM32F0xx_HAL_Driver/Src/stm32f0xx_hal.o
 .debug_frame   0x000000000000062c      0x2a0 ./Drivers/STM32F0xx_HAL_Driver/Src/stm32f0xx_hal_cortex.o
 .debug_frame   0x00000000000008cc      0x110 ./Drivers/STM32F0xx_HAL_Driver/Src/stm32f0xx_hal_gpio.o
 .debug_frame   0x00000000000009dc      0x3b0 ./Drivers/STM32F0xx_HAL_Driver/Src/stm32f0xx_hal_i2s.o
 .debug_frame   0x0000000000000d8c      0x478 ./Drivers/STM32F0xx_HAL_Driver/Src/stm32f0xx_hal_pcd.o
 .debug_frame   0x0000000000001204      0x110 ./Drivers/STM32F0xx_HAL_Driver/Src/stm32f0xx_hal_pcd_ex.o
 .debug_frame   0x0000000000001314      0x198 ./Drivers/STM32F0xx_HAL_Driver/Src/stm32f0xx_hal_rcc.o
 .debug_frame   0x00000000000014ac      0x180 ./Drivers/STM32F0xx_HAL_Driver/Src/stm32f0xx_hal_rcc_ex.o
 .debug_frame   0x000000000000162c      0x278 ./Drivers/STM32F0xx_HAL_Driver/Src/stm32f0xx_ll_usb.o
 .debug_frame   0x00000000000018a4       0x2c c:/st/stm32cubeide_1.9.0/stm32cubeide/plugins/com.st.stm32cube.ide.mcu.externaltools.gnu-tools-for-stm32.10.3-2021.10.win32_1.0.0.202111181127/tools/bin/../lib/gcc/arm-none-eabi/10.3.1/../../../../arm-none-eabi/lib/thumb/v6-m/nofp\libc_nano.a(lib_a-init.o)
 .debug_frame   0x00000000000018d0       0x20 c:/st/stm32cubeide_1.9.0/stm32cubeide/plugins/com.st.stm32cube.ide.mcu.externaltools.gnu-tools-for-stm32.10.3-2021.10.win32_1.0.0.202111181127/tools/bin/../lib/gcc/arm-none-eabi/10.3.1/../../../../arm-none-eabi/lib/thumb/v6-m/nofp\libc_nano.a(lib_a-memset.o)
 .debug_frame   0x00000000000018f0       0x20 c:/st/stm32cubeide_1.9.0/stm32cubeide/plugins/com.st.stm32cube.ide.mcu.externaltools.gnu-tools-for-stm32.10.3-2021.10.win32_1.0.0.202111181127/tools/bin/../lib/gcc/arm-none-eabi/10.3.1/thumb/v6-m/nofp\libgcc.a(_udivsi3.o)
