C:/Users/donsp/Documents/GitHub/audio_interface/tinyusb/src/osal/osal_none.h:153:13:osal_queue_send	40	static
C:/Users/donsp/Documents/GitHub/audio_interface/tinyusb/src/osal/osal_none.h:123:20:_osal_q_lock	8	static
C:/Users/donsp/Documents/GitHub/audio_interface/tinyusb/src/osal/osal_none.h:130:20:_osal_q_unlock	8	static
../Core/Src/main.c:102:6:copy_DMA_samples	16	static
../Core/Src/main.c:142:6:audio_task	48	static
../Core/Src/main.c:154:6:tud_audio_set_req_ep_cb	0	static
../Core/Src/main.c:173:6:tud_audio_set_req_itf_cb	0	static
../Core/Src/main.c:192:6:tud_audio_set_req_entity_cb	16	static
../Core/Src/main.c:240:6:tud_audio_get_req_ep_cb	0	static
../Core/Src/main.c:257:6:tud_audio_get_req_itf_cb	0	static
../Core/Src/main.c:272:6:tud_audio_get_req_entity_cb	24	static
../Core/Src/main.c:396:6:tud_audio_tx_done_pre_load_cb	8	static
../Core/Src/main.c:415:6:tud_audio_tx_done_post_load_cb	0	static
../Core/Src/main.c:443:6:tud_audio_set_itf_close_EP_cb	0	static
../Core/Src/main.c:523:6:SystemClock_Config	104	static,ignoring_inline_asm
../Core/Src/main.c:457:5:main	48	static,ignoring_inline_asm
../Core/Src/main.c:713:6:HAL_I2S_RxCpltCallback	8	static
../Core/Src/main.c:723:6:Error_Handler	0	static,ignoring_inline_asm
