C:/Users/donsp/Documents/GitHub/audio_interface/tinyusb/src/class/audio/audio_device.h:595:24:tud_audio_write_support_ff	16	static
../Core/Src/main.c:106:6:audio_task	8	static
../Core/Src/main.c:117:6:tud_audio_set_req_ep_cb	32	static
../Core/Src/main.c:136:6:tud_audio_set_req_itf_cb	32	static
../Core/Src/main.c:155:6:tud_audio_set_req_entity_cb	32	static
../Core/Src/main.c:203:6:tud_audio_get_req_ep_cb	24	static
../Core/Src/main.c:220:6:tud_audio_get_req_itf_cb	24	static
../Core/Src/main.c:235:6:tud_audio_get_req_entity_cb	40	static
../Core/Src/main.c:359:6:tud_audio_tx_done_pre_load_cb	32	static
../Core/Src/main.c:374:6:tud_audio_tx_done_post_load_cb	40	static
../Core/Src/main.c:401:6:tud_audio_set_itf_close_EP_cb	16	static
../Core/Src/main.c:415:5:main	16	static
../Core/Src/main.c:475:6:SystemClock_Config	112	static
../Core/Src/main.c:518:13:MX_I2S1_Init	8	static
../Core/Src/main.c:550:13:MX_USART2_UART_Init	8	static
../Core/Src/main.c:585:13:MX_USB_PCD_Init	8	static
../Core/Src/main.c:617:13:MX_GPIO_Init	16	static
../Core/Src/main.c:633:6:Error_Handler	8	static,ignoring_inline_asm
