../Core/Src/main.c:101:5:__io_putchar	16	static
../Core/Src/main.c:113:6:audio_task	0	static
../Core/Src/main.c:124:6:tud_audio_set_req_ep_cb	0	static
../Core/Src/main.c:143:6:tud_audio_set_req_itf_cb	0	static
../Core/Src/main.c:162:6:tud_audio_set_req_entity_cb	16	static
../Core/Src/main.c:210:6:tud_audio_get_req_ep_cb	0	static
../Core/Src/main.c:227:6:tud_audio_get_req_itf_cb	0	static
../Core/Src/main.c:242:6:tud_audio_get_req_entity_cb	40	static
../Core/Src/main.c:366:6:tud_audio_tx_done_pre_load_cb	8	static
../Core/Src/main.c:383:6:tud_audio_tx_done_post_load_cb	0	static
../Core/Src/main.c:409:6:tud_audio_set_itf_close_EP_cb	0	static
../Core/Src/main.c:482:6:SystemClock_Config	104	static,ignoring_inline_asm
../Core/Src/main.c:423:5:main	24	static,ignoring_inline_asm
../Core/Src/main.c:640:6:Error_Handler	0	static,ignoring_inline_asm
