C:/Users/donsp/Documents/GitHub/audio_interface/tinyusb/src/osal/osal_none.h:153:13:osal_queue_send	40	static
C:/Users/donsp/Documents/GitHub/audio_interface/tinyusb/src/osal/osal_none.h:123:20:_osal_q_lock	8	static
C:/Users/donsp/Documents/GitHub/audio_interface/tinyusb/src/osal/osal_none.h:130:20:_osal_q_unlock	8	static
../Core/Src/main.c:98:6:swap_endian_i2s	0	static
../Core/Src/main.c:110:6:copy_DMA_samples	24	static
../Core/Src/main.c:155:6:tud_audio_set_req_ep_cb	0	static
../Core/Src/main.c:174:6:tud_audio_set_req_itf_cb	0	static
../Core/Src/main.c:193:6:tud_audio_set_req_entity_cb	16	static
../Core/Src/main.c:241:6:tud_audio_get_req_ep_cb	0	static
../Core/Src/main.c:258:6:tud_audio_get_req_itf_cb	0	static
../Core/Src/main.c:273:6:tud_audio_get_req_entity_cb	24	static
../Core/Src/main.c:397:6:tud_audio_tx_done_pre_load_cb	8	static
../Core/Src/main.c:415:6:tud_audio_tx_done_post_load_cb	0	static
../Core/Src/main.c:443:6:tud_audio_set_itf_close_EP_cb	0	static
../Core/Src/main.c:524:6:SystemClock_Config	104	static,ignoring_inline_asm
../Core/Src/main.c:457:5:main	48	static,ignoring_inline_asm
../Core/Src/main.c:731:6:Error_Handler	0	static,ignoring_inline_asm
