C:/Users/donsp/Documents/GitHub/audio_interface/tinyusb/src/class/audio/audio_device.h:595:24:tud_audio_write_support_ff	16	static
../Core/Src/main.c:103:6:audio_task	8	static
../Core/Src/main.c:114:6:tud_audio_set_req_ep_cb	32	static
../Core/Src/main.c:133:6:tud_audio_set_req_itf_cb	32	static
../Core/Src/main.c:152:6:tud_audio_set_req_entity_cb	32	static
../Core/Src/main.c:200:6:tud_audio_get_req_ep_cb	24	static
../Core/Src/main.c:217:6:tud_audio_get_req_itf_cb	24	static
../Core/Src/main.c:232:6:tud_audio_get_req_entity_cb	40	static
../Core/Src/main.c:356:6:tud_audio_tx_done_pre_load_cb	32	static
../Core/Src/main.c:371:6:tud_audio_tx_done_post_load_cb	40	static
../Core/Src/main.c:398:6:tud_audio_set_itf_close_EP_cb	16	static
../Core/Src/main.c:412:5:main	8	static
../Core/Src/main.c:469:6:SystemClock_Config	112	static
../Core/Src/main.c:512:13:MX_I2S1_Init	8	static
../Core/Src/main.c:544:13:MX_USB_PCD_Init	8	static
../Core/Src/main.c:576:13:MX_GPIO_Init	16	static
../Core/Src/main.c:592:6:Error_Handler	8	static,ignoring_inline_asm
