C:/Users/donsp/Documents/GitHub/audio_interface/tinyusb/src/osal/osal_none.h:153:13:osal_queue_send	40	static
C:/Users/donsp/Documents/GitHub/audio_interface/tinyusb/src/osal/osal_none.h:123:20:_osal_q_lock	8	static
C:/Users/donsp/Documents/GitHub/audio_interface/tinyusb/src/osal/osal_none.h:130:20:_osal_q_unlock	8	static
../Core/Src/main.c:102:6:copy_DMA_samples	16	static
../Core/Src/main.c:145:6:tud_audio_set_req_ep_cb	0	static
../Core/Src/main.c:164:6:tud_audio_set_req_itf_cb	0	static
../Core/Src/main.c:183:6:tud_audio_set_req_entity_cb	16	static
../Core/Src/main.c:231:6:tud_audio_get_req_ep_cb	0	static
../Core/Src/main.c:248:6:tud_audio_get_req_itf_cb	0	static
../Core/Src/main.c:263:6:tud_audio_get_req_entity_cb	24	static
../Core/Src/main.c:387:6:tud_audio_tx_done_pre_load_cb	8	static
../Core/Src/main.c:405:6:tud_audio_tx_done_post_load_cb	0	static
../Core/Src/main.c:433:6:tud_audio_set_itf_close_EP_cb	0	static
../Core/Src/main.c:514:6:SystemClock_Config	104	static,ignoring_inline_asm
../Core/Src/main.c:447:5:main	48	static,ignoring_inline_asm
../Core/Src/main.c:715:6:HAL_I2S_RxCpltCallback	8	static
../Core/Src/main.c:725:6:Error_Handler	0	static,ignoring_inline_asm
