C:/Users/donsp/Documents/GitHub/audio_interface/tinyusb/src/osal/osal_none.h:153:13:osal_queue_send	40	static
C:/Users/donsp/Documents/GitHub/audio_interface/tinyusb/src/osal/osal_none.h:123:20:_osal_q_lock	8	static
C:/Users/donsp/Documents/GitHub/audio_interface/tinyusb/src/osal/osal_none.h:130:20:_osal_q_unlock	8	static
../Core/Src/main.c:95:6:swap_endian_i2s	0	static
../Core/Src/main.c:107:6:copy_DMA_samples	24	static
../Core/Src/main.c:152:6:tud_audio_set_req_ep_cb	0	static
../Core/Src/main.c:171:6:tud_audio_set_req_itf_cb	0	static
../Core/Src/main.c:190:6:tud_audio_set_req_entity_cb	16	static
../Core/Src/main.c:238:6:tud_audio_get_req_ep_cb	0	static
../Core/Src/main.c:255:6:tud_audio_get_req_itf_cb	0	static
../Core/Src/main.c:270:6:tud_audio_get_req_entity_cb	24	static
../Core/Src/main.c:394:6:tud_audio_tx_done_pre_load_cb	8	static
../Core/Src/main.c:412:6:tud_audio_tx_done_post_load_cb	0	static
../Core/Src/main.c:440:6:tud_audio_set_itf_close_EP_cb	0	static
../Core/Src/main.c:525:6:SystemClock_Config	104	static,ignoring_inline_asm
../Core/Src/main.c:454:5:main	48	static,ignoring_inline_asm
../Core/Src/main.c:703:6:Error_Handler	0	static,ignoring_inline_asm
