../Core/Src/main.c:102:5:__io_putchar	16	static
../Core/Src/main.c:114:6:audio_task	0	static
../Core/Src/main.c:125:6:tud_audio_set_req_ep_cb	0	static
../Core/Src/main.c:144:6:tud_audio_set_req_itf_cb	0	static
../Core/Src/main.c:163:6:tud_audio_set_req_entity_cb	16	static
../Core/Src/main.c:211:6:tud_audio_get_req_ep_cb	0	static
../Core/Src/main.c:228:6:tud_audio_get_req_itf_cb	0	static
../Core/Src/main.c:243:6:tud_audio_get_req_entity_cb	40	static
../Core/Src/main.c:367:6:tud_audio_tx_done_pre_load_cb	8	static
../Core/Src/main.c:384:6:tud_audio_tx_done_post_load_cb	0	static
../Core/Src/main.c:410:6:tud_audio_set_itf_close_EP_cb	0	static
../Core/Src/main.c:483:6:SystemClock_Config	104	static,ignoring_inline_asm
../Core/Src/main.c:424:5:main	16	static,ignoring_inline_asm
../Core/Src/main.c:642:6:Error_Handler	0	static,ignoring_inline_asm
