C:/Users/donsp/Documents/GitHub/audio_interface/tinyusb/src/osal/osal_none.h:153:13:osal_queue_send	40	static
C:/Users/donsp/Documents/GitHub/audio_interface/tinyusb/src/osal/osal_none.h:123:20:_osal_q_lock	8	static
C:/Users/donsp/Documents/GitHub/audio_interface/tinyusb/src/osal/osal_none.h:130:20:_osal_q_unlock	8	static
../Core/Src/main.c:121:6:audio_task	0	static
../Core/Src/main.c:132:6:tud_audio_set_req_ep_cb	0	static
../Core/Src/main.c:151:6:tud_audio_set_req_itf_cb	0	static
../Core/Src/main.c:170:6:tud_audio_set_req_entity_cb	16	static
../Core/Src/main.c:218:6:tud_audio_get_req_ep_cb	0	static
../Core/Src/main.c:235:6:tud_audio_get_req_itf_cb	0	static
../Core/Src/main.c:250:6:tud_audio_get_req_entity_cb	24	static
../Core/Src/main.c:374:6:tud_audio_tx_done_pre_load_cb	8	static
../Core/Src/main.c:391:6:tud_audio_tx_done_post_load_cb	8	static
../Core/Src/main.c:421:6:tud_audio_set_itf_close_EP_cb	0	static
../Core/Src/main.c:494:6:SystemClock_Config	104	static,ignoring_inline_asm
../Core/Src/main.c:435:5:main	24	static,ignoring_inline_asm
../Core/Src/main.c:652:6:Error_Handler	0	static,ignoring_inline_asm
