C:/Users/donsp/Documents/GitHub/audio_interface/tinyusb/src/osal/osal_none.h:153:13:osal_queue_send	40	static
C:/Users/donsp/Documents/GitHub/audio_interface/tinyusb/src/osal/osal_none.h:123:20:_osal_q_lock	8	static
C:/Users/donsp/Documents/GitHub/audio_interface/tinyusb/src/osal/osal_none.h:130:20:_osal_q_unlock	8	static
../Core/Src/usb_descriptors.c:68:17:tud_descriptor_device_cb	0	static
../Core/Src/usb_descriptors.c:110:17:tud_descriptor_configuration_cb	0	static
../Core/Src/usb_descriptors.c:134:17:tud_descriptor_string_cb	8	static
