C:/Users/donsp/Documents/GitHub/audio_interface/tinyusb/src/device/usbd.c:247:43:get_driver	0	static
C:/Users/donsp/Documents/GitHub/audio_interface/tinyusb/src/device/usbd.c:426:13:configuration_reset	16	static
C:/Users/donsp/Documents/GitHub/audio_interface/tinyusb/src/device/usbd.c:605:13:invoke_class_control	16	static
C:/Users/donsp/Documents/GitHub/audio_interface/tinyusb/src/device/usbd.c:1155:6:usbd_int_set	8	static
C:/Users/donsp/Documents/GitHub/audio_interface/tinyusb/src/osal/osal_none.h:151:20:osal_queue_send.isra	16	static
C:/Users/donsp/Documents/GitHub/audio_interface/tinyusb/src/device/usbd.c:315:6:usbd_driver_print_control_complete_name	16	static
C:/Users/donsp/Documents/GitHub/audio_interface/tinyusb/src/device/usbd.c:333:14:tud_speed_get	0	static
C:/Users/donsp/Documents/GitHub/audio_interface/tinyusb/src/device/usbd.c:338:6:tud_connected	0	static
C:/Users/donsp/Documents/GitHub/audio_interface/tinyusb/src/device/usbd.c:343:6:tud_mounted	0	static
C:/Users/donsp/Documents/GitHub/audio_interface/tinyusb/src/device/usbd.c:348:6:tud_suspended	0	static
C:/Users/donsp/Documents/GitHub/audio_interface/tinyusb/src/device/usbd.c:353:6:tud_remote_wakeup	8	static
C:/Users/donsp/Documents/GitHub/audio_interface/tinyusb/src/device/usbd.c:361:6:tud_disconnect	8	static
C:/Users/donsp/Documents/GitHub/audio_interface/tinyusb/src/device/usbd.c:368:6:tud_connect	8	static
C:/Users/donsp/Documents/GitHub/audio_interface/tinyusb/src/device/usbd.c:378:6:tud_inited	0	static
C:/Users/donsp/Documents/GitHub/audio_interface/tinyusb/src/device/usbd.c:383:6:tud_init	24	static
C:/Users/donsp/Documents/GitHub/audio_interface/tinyusb/src/device/usbd.c:444:6:tud_task_event_ready	8	static
C:/Users/donsp/Documents/GitHub/audio_interface/tinyusb/src/device/usbd.c:1069:6:dcd_event_handler	32	static
C:/Users/donsp/Documents/GitHub/audio_interface/tinyusb/src/device/usbd.c:1119:6:dcd_event_bus_signal	32	static
C:/Users/donsp/Documents/GitHub/audio_interface/tinyusb/src/device/usbd.c:1125:6:dcd_event_bus_reset	40	static
C:/Users/donsp/Documents/GitHub/audio_interface/tinyusb/src/device/usbd.c:1132:6:dcd_event_setup_received	24	static
C:/Users/donsp/Documents/GitHub/audio_interface/tinyusb/src/device/usbd.c:1140:6:dcd_event_xfer_complete	48	static
C:/Users/donsp/Documents/GitHub/audio_interface/tinyusb/src/device/usbd.c:1191:6:usbd_defer_func	24	static
C:/Users/donsp/Documents/GitHub/audio_interface/tinyusb/src/device/usbd.c:1209:6:usbd_edpt_open	16	static
C:/Users/donsp/Documents/GitHub/audio_interface/tinyusb/src/device/usbd.c:1167:6:usbd_open_edpt_pair	32	static
C:/Users/donsp/Documents/GitHub/audio_interface/tinyusb/src/device/usbd.c:1217:6:usbd_edpt_claim	8	static
C:/Users/donsp/Documents/GitHub/audio_interface/tinyusb/src/device/usbd.c:1235:6:usbd_edpt_release	8	static
C:/Users/donsp/Documents/GitHub/audio_interface/tinyusb/src/device/usbd.c:1250:6:usbd_edpt_xfer	32	static
C:/Users/donsp/Documents/GitHub/audio_interface/tinyusb/src/device/usbd.c:1285:6:usbd_edpt_xfer_fifo	32	static
C:/Users/donsp/Documents/GitHub/audio_interface/tinyusb/src/device/usbd.c:1314:6:usbd_edpt_busy	0	static
C:/Users/donsp/Documents/GitHub/audio_interface/tinyusb/src/device/usbd.c:1324:6:usbd_edpt_stall	16	static
C:/Users/donsp/Documents/GitHub/audio_interface/tinyusb/src/device/usbd.c:1340:6:usbd_edpt_clear_stall	16	static
C:/Users/donsp/Documents/GitHub/audio_interface/tinyusb/src/device/usbd.c:1355:6:usbd_edpt_stalled	0	static
C:/Users/donsp/Documents/GitHub/audio_interface/tinyusb/src/device/usbd.c:470:6:tud_task	64	static
C:/Users/donsp/Documents/GitHub/audio_interface/tinyusb/src/device/usbd.c:1371:6:usbd_edpt_close	16	static
