C:/Users/donsp/Documents/GitHub/audio_interface/tinyusb/src/common/tusb_types.h:495:26:tu_edpt_dir	16	static
C:/Users/donsp/Documents/GitHub/audio_interface/tinyusb/src/common/tusb_types.h:501:23:tu_edpt_number	16	static
C:/Users/donsp/Documents/GitHub/audio_interface/tinyusb/src/common/tusb_types.h:519:31:tu_desc_next	24	static
C:/Users/donsp/Documents/GitHub/audio_interface/tinyusb/src/common/tusb_types.h:525:23:tu_desc_type	16	static
C:/Users/donsp/Documents/GitHub/audio_interface/tinyusb/src/common/tusb_types.h:530:23:tu_desc_len	16	static
C:/Users/donsp/Documents/GitHub/audio_interface/tinyusb/src/osal/osal_none.h:123:20:_osal_q_lock	16	static
C:/Users/donsp/Documents/GitHub/audio_interface/tinyusb/src/osal/osal_none.h:130:20:_osal_q_unlock	16	static
C:/Users/donsp/Documents/GitHub/audio_interface/tinyusb/src/osal/osal_none.h:136:28:osal_queue_create	16	static
C:/Users/donsp/Documents/GitHub/audio_interface/tinyusb/src/osal/osal_none.h:142:20:osal_queue_receive	32	static
C:/Users/donsp/Documents/GitHub/audio_interface/tinyusb/src/osal/osal_none.h:151:20:osal_queue_send	40	static
C:/Users/donsp/Documents/GitHub/audio_interface/tinyusb/src/osal/osal_none.h:168:20:osal_queue_empty	16	static
C:/Users/donsp/Documents/GitHub/audio_interface/tinyusb/src/device/usbd.c:246:43:get_driver	16	static
C:/Users/donsp/Documents/GitHub/audio_interface/tinyusb/src/device/usbd.c:332:14:tud_speed_get	8	static
C:/Users/donsp/Documents/GitHub/audio_interface/tinyusb/src/device/usbd.c:337:6:tud_connected	8	static
C:/Users/donsp/Documents/GitHub/audio_interface/tinyusb/src/device/usbd.c:342:6:tud_mounted	8	static
C:/Users/donsp/Documents/GitHub/audio_interface/tinyusb/src/device/usbd.c:347:6:tud_suspended	8	static
C:/Users/donsp/Documents/GitHub/audio_interface/tinyusb/src/device/usbd.c:352:6:tud_remote_wakeup	8	static
C:/Users/donsp/Documents/GitHub/audio_interface/tinyusb/src/device/usbd.c:360:6:tud_disconnect	8	static
C:/Users/donsp/Documents/GitHub/audio_interface/tinyusb/src/device/usbd.c:367:6:tud_connect	8	static
C:/Users/donsp/Documents/GitHub/audio_interface/tinyusb/src/device/usbd.c:377:6:tud_inited	8	static
C:/Users/donsp/Documents/GitHub/audio_interface/tinyusb/src/device/usbd.c:382:6:tud_init	32	static
C:/Users/donsp/Documents/GitHub/audio_interface/tinyusb/src/device/usbd.c:425:13:configuration_reset	32	static
C:/Users/donsp/Documents/GitHub/audio_interface/tinyusb/src/device/usbd.c:437:13:usbd_reset	16	static
C:/Users/donsp/Documents/GitHub/audio_interface/tinyusb/src/device/usbd.c:443:6:tud_task_event_ready	8	static
C:/Users/donsp/Documents/GitHub/audio_interface/tinyusb/src/device/usbd.c:469:6:tud_task	48	static
C:/Users/donsp/Documents/GitHub/audio_interface/tinyusb/src/device/usbd.c:604:13:invoke_class_control	32	static
C:/Users/donsp/Documents/GitHub/audio_interface/tinyusb/src/device/usbd.c:613:13:process_control_request	72	static
C:/Users/donsp/Documents/GitHub/audio_interface/tinyusb/src/device/usbd.c:865:13:process_set_config	72	static
C:/Users/donsp/Documents/GitHub/audio_interface/tinyusb/src/device/usbd.c:960:13:process_get_descriptor	88	static
C:/Users/donsp/Documents/GitHub/audio_interface/tinyusb/src/device/usbd.c:1068:6:dcd_event_handler	40	static
C:/Users/donsp/Documents/GitHub/audio_interface/tinyusb/src/device/usbd.c:1118:6:dcd_event_bus_signal	40	static
C:/Users/donsp/Documents/GitHub/audio_interface/tinyusb/src/device/usbd.c:1124:6:dcd_event_bus_reset	40	static
C:/Users/donsp/Documents/GitHub/audio_interface/tinyusb/src/device/usbd.c:1131:6:dcd_event_setup_received	40	static
C:/Users/donsp/Documents/GitHub/audio_interface/tinyusb/src/device/usbd.c:1139:6:dcd_event_xfer_complete	40	static
C:/Users/donsp/Documents/GitHub/audio_interface/tinyusb/src/device/usbd.c:1154:6:usbd_int_set	16	static
C:/Users/donsp/Documents/GitHub/audio_interface/tinyusb/src/device/usbd.c:1166:6:usbd_open_edpt_pair	32	static
C:/Users/donsp/Documents/GitHub/audio_interface/tinyusb/src/device/usbd.c:1190:6:usbd_defer_func	48	static
C:/Users/donsp/Documents/GitHub/audio_interface/tinyusb/src/device/usbd.c:1208:6:usbd_edpt_open	16	static
C:/Users/donsp/Documents/GitHub/audio_interface/tinyusb/src/device/usbd.c:1216:6:usbd_edpt_claim	40	static
C:/Users/donsp/Documents/GitHub/audio_interface/tinyusb/src/device/usbd.c:1234:6:usbd_edpt_release	40	static
C:/Users/donsp/Documents/GitHub/audio_interface/tinyusb/src/device/usbd.c:1249:6:usbd_edpt_xfer	40	static
C:/Users/donsp/Documents/GitHub/audio_interface/tinyusb/src/device/usbd.c:1284:6:usbd_edpt_xfer_fifo	40	static
C:/Users/donsp/Documents/GitHub/audio_interface/tinyusb/src/device/usbd.c:1313:6:usbd_edpt_busy	40	static
C:/Users/donsp/Documents/GitHub/audio_interface/tinyusb/src/device/usbd.c:1323:6:usbd_edpt_stall	40	static
C:/Users/donsp/Documents/GitHub/audio_interface/tinyusb/src/device/usbd.c:1339:6:usbd_edpt_clear_stall	40	static
C:/Users/donsp/Documents/GitHub/audio_interface/tinyusb/src/device/usbd.c:1354:6:usbd_edpt_stalled	40	static
C:/Users/donsp/Documents/GitHub/audio_interface/tinyusb/src/device/usbd.c:1370:6:usbd_edpt_close	40	static
