Archive member included to satisfy reference by file (symbol)

c:/st/stm32cubeide_1.9.0/stm32cubeide/plugins/com.st.stm32cube.ide.mcu.externaltools.gnu-tools-for-stm32.10.3-2021.10.win32_1.0.0.202111181127/tools/bin/../lib/gcc/arm-none-eabi/10.3.1/../../../../arm-none-eabi/lib/thumb/v6-m/nofp\libc_nano.a(lib_a-errno.o)
                              ./Core/Src/syscalls.o (__errno)
c:/st/stm32cubeide_1.9.0/stm32cubeide/plugins/com.st.stm32cube.ide.mcu.externaltools.gnu-tools-for-stm32.10.3-2021.10.win32_1.0.0.202111181127/tools/bin/../lib/gcc/arm-none-eabi/10.3.1/../../../../arm-none-eabi/lib/thumb/v6-m/nofp\libc_nano.a(lib_a-exit.o)
                              c:/st/stm32cubeide_1.9.0/stm32cubeide/plugins/com.st.stm32cube.ide.mcu.externaltools.gnu-tools-for-stm32.10.3-2021.10.win32_1.0.0.202111181127/tools/bin/../lib/gcc/arm-none-eabi/10.3.1/../../../../arm-none-eabi/lib/thumb/v6-m/nofp/crt0.o (exit)
c:/st/stm32cubeide_1.9.0/stm32cubeide/plugins/com.st.stm32cube.ide.mcu.externaltools.gnu-tools-for-stm32.10.3-2021.10.win32_1.0.0.202111181127/tools/bin/../lib/gcc/arm-none-eabi/10.3.1/../../../../arm-none-eabi/lib/thumb/v6-m/nofp\libc_nano.a(lib_a-impure.o)
                              c:/st/stm32cubeide_1.9.0/stm32cubeide/plugins/com.st.stm32cube.ide.mcu.externaltools.gnu-tools-for-stm32.10.3-2021.10.win32_1.0.0.202111181127/tools/bin/../lib/gcc/arm-none-eabi/10.3.1/../../../../arm-none-eabi/lib/thumb/v6-m/nofp\libc_nano.a(lib_a-exit.o) (_global_impure_ptr)
c:/st/stm32cubeide_1.9.0/stm32cubeide/plugins/com.st.stm32cube.ide.mcu.externaltools.gnu-tools-for-stm32.10.3-2021.10.win32_1.0.0.202111181127/tools/bin/../lib/gcc/arm-none-eabi/10.3.1/../../../../arm-none-eabi/lib/thumb/v6-m/nofp\libc_nano.a(lib_a-init.o)
                              c:/st/stm32cubeide_1.9.0/stm32cubeide/plugins/com.st.stm32cube.ide.mcu.externaltools.gnu-tools-for-stm32.10.3-2021.10.win32_1.0.0.202111181127/tools/bin/../lib/gcc/arm-none-eabi/10.3.1/../../../../arm-none-eabi/lib/thumb/v6-m/nofp/crt0.o (__libc_init_array)
c:/st/stm32cubeide_1.9.0/stm32cubeide/plugins/com.st.stm32cube.ide.mcu.externaltools.gnu-tools-for-stm32.10.3-2021.10.win32_1.0.0.202111181127/tools/bin/../lib/gcc/arm-none-eabi/10.3.1/../../../../arm-none-eabi/lib/thumb/v6-m/nofp\libc_nano.a(lib_a-memcpy-stub.o)
                              ./Core/Src/usb_descriptors.o (memcpy)
c:/st/stm32cubeide_1.9.0/stm32cubeide/plugins/com.st.stm32cube.ide.mcu.externaltools.gnu-tools-for-stm32.10.3-2021.10.win32_1.0.0.202111181127/tools/bin/../lib/gcc/arm-none-eabi/10.3.1/../../../../arm-none-eabi/lib/thumb/v6-m/nofp\libc_nano.a(lib_a-memset.o)
                              c:/st/stm32cubeide_1.9.0/stm32cubeide/plugins/com.st.stm32cube.ide.mcu.externaltools.gnu-tools-for-stm32.10.3-2021.10.win32_1.0.0.202111181127/tools/bin/../lib/gcc/arm-none-eabi/10.3.1/../../../../arm-none-eabi/lib/thumb/v6-m/nofp/crt0.o (memset)
c:/st/stm32cubeide_1.9.0/stm32cubeide/plugins/com.st.stm32cube.ide.mcu.externaltools.gnu-tools-for-stm32.10.3-2021.10.win32_1.0.0.202111181127/tools/bin/../lib/gcc/arm-none-eabi/10.3.1/../../../../arm-none-eabi/lib/thumb/v6-m/nofp\libc_nano.a(lib_a-strlen.o)
                              ./Core/Src/usb_descriptors.o (strlen)
c:/st/stm32cubeide_1.9.0/stm32cubeide/plugins/com.st.stm32cube.ide.mcu.externaltools.gnu-tools-for-stm32.10.3-2021.10.win32_1.0.0.202111181127/tools/bin/../lib/gcc/arm-none-eabi/10.3.1/thumb/v6-m/nofp\libgcc.a(_udivsi3.o)
                              ./Core/Src/system_stm32f0xx.o (__aeabi_uidiv)
c:/st/stm32cubeide_1.9.0/stm32cubeide/plugins/com.st.stm32cube.ide.mcu.externaltools.gnu-tools-for-stm32.10.3-2021.10.win32_1.0.0.202111181127/tools/bin/../lib/gcc/arm-none-eabi/10.3.1/thumb/v6-m/nofp\libgcc.a(_dvmd_tls.o)
                              c:/st/stm32cubeide_1.9.0/stm32cubeide/plugins/com.st.stm32cube.ide.mcu.externaltools.gnu-tools-for-stm32.10.3-2021.10.win32_1.0.0.202111181127/tools/bin/../lib/gcc/arm-none-eabi/10.3.1/thumb/v6-m/nofp\libgcc.a(_udivsi3.o) (__aeabi_idiv0)

Discarded input sections

 .text          0x0000000000000000        0x0 c:/st/stm32cubeide_1.9.0/stm32cubeide/plugins/com.st.stm32cube.ide.mcu.externaltools.gnu-tools-for-stm32.10.3-2021.10.win32_1.0.0.202111181127/tools/bin/../lib/gcc/arm-none-eabi/10.3.1/thumb/v6-m/nofp/crti.o
 .data          0x0000000000000000        0x0 c:/st/stm32cubeide_1.9.0/stm32cubeide/plugins/com.st.stm32cube.ide.mcu.externaltools.gnu-tools-for-stm32.10.3-2021.10.win32_1.0.0.202111181127/tools/bin/../lib/gcc/arm-none-eabi/10.3.1/thumb/v6-m/nofp/crti.o
 .bss           0x0000000000000000        0x0 c:/st/stm32cubeide_1.9.0/stm32cubeide/plugins/com.st.stm32cube.ide.mcu.externaltools.gnu-tools-for-stm32.10.3-2021.10.win32_1.0.0.202111181127/tools/bin/../lib/gcc/arm-none-eabi/10.3.1/thumb/v6-m/nofp/crti.o
[...]
Memory Configuration

Name             Origin             Length             Attributes
RAM              0x0000000020000000 0x0000000000001800 xrw
FLASH            0x0000000008000000 0x0000000000008000 xr
*default*        0x0000000000000000 0xffffffffffffffff

Linker script and memory map

LOAD c:/st/stm32cubeide_1.9.0/stm32cubeide/plugins/com.st.stm32cube.ide.mcu.externaltools.gnu-tools-for-stm32.10.3-2021.10.win32_1.0.0.202111181127/tools/bin/../lib/gcc/arm-none-eabi/10.3.1/thumb/v6-m/nofp/crti.o
LOAD c:/st/stm32cubeide_1.9.0/stm32cubeide/plugins/com.st.stm32cube.ide.mcu.externaltools.gnu-tools-for-stm32.10.3-2021.10.win32_1.0.0.202111181127/tools/bin/../lib/gcc/arm-none-eabi/10.3.1/thumb/v6-m/nofp/crtbegin.o
LOAD c:/st/stm32cubeide_1.9.0/stm32cubeide/plugins/com.st.stm32cube.ide.mcu.externaltools.gnu-tools-for-stm32.10.3-2021.10.win32_1.0.0.202111181127/tools/bin/../lib/gcc/arm-none-eabi/10.3.1/../../../../arm-none-eabi/lib/thumb/v6-m/nofp/crt0.o
LOAD ./Core/Src/main.o
LOAD ./Core/Src/stm32f0xx_hal_msp.o
LOAD ./Core/Src/stm32f0xx_it.o
LOAD ./Core/Src/syscalls.o
LOAD ./Core/Src/sysmem.o
LOAD ./Core/Src/system_stm32f0xx.o
LOAD ./Core/Src/usb_descriptors.o
LOAD ./Core/Startup/startup_stm32f042k6tx.o
LOAD ./Drivers/STM32F0xx_HAL_Driver/Src/stm32f0xx_hal.o
LOAD ./Drivers/STM32F0xx_HAL_Driver/Src/stm32f0xx_hal_cortex.o
LOAD ./Drivers/STM32F0xx_HAL_Driver/Src/stm32f0xx_hal_dma.o
LOAD ./Drivers/STM32F0xx_HAL_Driver/Src/stm32f0xx_hal_exti.o
LOAD ./Drivers/STM32F0xx_HAL_Driver/Src/stm32f0xx_hal_flash.o
LOAD ./Drivers/STM32F0xx_HAL_Driver/Src/stm32f0xx_hal_flash_ex.o
LOAD ./Drivers/STM32F0xx_HAL_Driver/Src/stm32f0xx_hal_gpio.o
LOAD ./Drivers/STM32F0xx_HAL_Driver/Src/stm32f0xx_hal_i2c.o
LOAD ./Drivers/STM32F0xx_HAL_Driver/Src/stm32f0xx_hal_i2c_ex.o
LOAD ./Drivers/STM32F0xx_HAL_Driver/Src/stm32f0xx_hal_i2s.o
LOAD ./Drivers/STM32F0xx_HAL_Driver/Src/stm32f0xx_hal_pcd.o
LOAD ./Drivers/STM32F0xx_HAL_Driver/Src/stm32f0xx_hal_pcd_ex.o
LOAD ./Drivers/STM32F0xx_HAL_Driver/Src/stm32f0xx_hal_pwr.o
LOAD ./Drivers/STM32F0xx_HAL_Driver/Src/stm32f0xx_hal_pwr_ex.o
LOAD ./Drivers/STM32F0xx_HAL_Driver/Src/stm32f0xx_hal_rcc.o
LOAD ./Drivers/STM32F0xx_HAL_Driver/Src/stm32f0xx_hal_rcc_ex.o
LOAD ./Drivers/STM32F0xx_HAL_Driver/Src/stm32f0xx_hal_tim.o
LOAD ./Drivers/STM32F0xx_HAL_Driver/Src/stm32f0xx_hal_tim_ex.o
LOAD ./Drivers/STM32F0xx_HAL_Driver/Src/stm32f0xx_ll_usb.o
LOAD ./src/class/audio/audio_device.o
LOAD ./src/class/bth/bth_device.o
LOAD ./src/class/cdc/cdc_device.o
LOAD ./src/class/cdc/cdc_host.o
LOAD ./src/class/cdc/cdc_rndis_host.o
LOAD ./src/class/dfu/dfu_device.o
LOAD ./src/class/dfu/dfu_rt_device.o
LOAD ./src/class/hid/hid_device.o
LOAD ./src/class/hid/hid_host.o
LOAD ./src/class/midi/midi_device.o
LOAD ./src/class/msc/msc_device.o
LOAD ./src/class/msc/msc_host.o
LOAD ./src/class/net/ecm_rndis_device.o
LOAD ./src/class/net/ncm_device.o
LOAD ./src/class/usbtmc/usbtmc_device.o
LOAD ./src/class/vendor/vendor_device.o
LOAD ./src/class/vendor/vendor_host.o
LOAD ./src/class/video/video_device.o
LOAD ./src/common/tusb_fifo.o
LOAD ./src/device/usbd.o
LOAD ./src/device/usbd_control.o
LOAD ./src/host/hub.o
LOAD ./src/host/usbh.o
LOAD ./src/portable/bridgetek/ft9xx/dcd_ft9xx.o
LOAD ./src/portable/broadcom/synopsys/dcd_synopsys.o
LOAD ./src/portable/chipidea/ci_hs/dcd_ci_hs.o
LOAD ./src/portable/chipidea/ci_hs/hcd_ci_hs.o
LOAD ./src/portable/dialog/da146xx/dcd_da146xx.o
LOAD ./src/portable/ehci/ehci.o
LOAD ./src/portable/espressif/esp32sx/dcd_esp32sx.o
LOAD ./src/portable/mentor/musb/dcd_musb.o
LOAD ./src/portable/mentor/musb/hcd_musb.o
LOAD ./src/portable/microchip/pic32mz/dcd_pic32mz.o
LOAD ./src/portable/microchip/samd/dcd_samd.o
LOAD ./src/portable/microchip/samg/dcd_samg.o
LOAD ./src/portable/microchip/samx7x/dcd_samx7x.o
LOAD ./src/portable/mindmotion/mm32/dcd_mm32f327x_otg.o
LOAD ./src/portable/nordic/nrf5x/dcd_nrf5x.o
LOAD ./src/portable/nuvoton/nuc120/dcd_nuc120.o
LOAD ./src/portable/nuvoton/nuc121/dcd_nuc121.o
LOAD ./src/portable/nuvoton/nuc505/dcd_nuc505.o
LOAD ./src/portable/nxp/khci/dcd_khci.o
LOAD ./src/portable/nxp/khci/hcd_khci.o
LOAD ./src/portable/nxp/lpc17_40/dcd_lpc17_40.o
LOAD ./src/portable/nxp/lpc17_40/hcd_lpc17_40.o
LOAD ./src/portable/nxp/lpc_ip3511/dcd_lpc_ip3511.o
LOAD ./src/portable/nxp/transdimension/dcd_transdimension.o
LOAD ./src/portable/nxp/transdimension/hcd_transdimension.o
LOAD ./src/portable/ohci/ohci.o
LOAD ./src/portable/raspberrypi/rp2040/dcd_rp2040.o
LOAD ./src/portable/raspberrypi/rp2040/hcd_rp2040.o
LOAD ./src/portable/raspberrypi/rp2040/rp2040_usb.o
LOAD ./src/portable/renesas/usba/dcd_usba.o
LOAD ./src/portable/renesas/usba/hcd_usba.o
LOAD ./src/portable/sony/cxd56/dcd_cxd56.o
LOAD ./src/portable/st/stm32_fsdev/dcd_stm32_fsdev.o
LOAD ./src/portable/st/synopsys/dcd_synopsys.o
LOAD ./src/portable/sunxi/dcd_sunxi_musb.o
LOAD ./src/portable/synopsys/dwc2/dcd_dwc2.o
LOAD ./src/portable/template/dcd_template.o
LOAD ./src/portable/ti/msp430x5xx/dcd_msp430x5xx.o
LOAD ./src/portable/valentyusb/eptri/dcd_eptri.o
LOAD ./src/tusb.o
START GROUP
LOAD c:/st/stm32cubeide_1.9.0/stm32cubeide/plugins/com.st.stm32cube.ide.mcu.externaltools.gnu-tools-for-stm32.10.3-2021.10.win32_1.0.0.202111181127/tools/bin/../lib/gcc/arm-none-eabi/10.3.1/../../../../arm-none-eabi/lib/thumb/v6-m/nofp\libc_nano.a
LOAD c:/st/stm32cubeide_1.9.0/stm32cubeide/plugins/com.st.stm32cube.ide.mcu.externaltools.gnu-tools-for-stm32.10.3-2021.10.win32_1.0.0.202111181127/tools/bin/../lib/gcc/arm-none-eabi/10.3.1/../../../../arm-none-eabi/lib/thumb/v6-m/nofp\libm.a
END GROUP
START GROUP
LOAD c:/st/stm32cubeide_1.9.0/stm32cubeide/plugins/com.st.stm32cube.ide.mcu.externaltools.gnu-tools-for-stm32.10.3-2021.10.win32_1.0.0.202111181127/tools/bin/../lib/gcc/arm-none-eabi/10.3.1/thumb/v6-m/nofp\libgcc.a
LOAD c:/st/stm32cubeide_1.9.0/stm32cubeide/plugins/com.st.stm32cube.ide.mcu.externaltools.gnu-tools-for-stm32.10.3-2021.10.win32_1.0.0.202111181127/tools/bin/../lib/gcc/arm-none-eabi/10.3.1/../../../../arm-none-eabi/lib/thumb/v6-m/nofp\libc_nano.a
END GROUP
START GROUP
LOAD c:/st/stm32cubeide_1.9.0/stm32cubeide/plugins/com.st.stm32cube.ide.mcu.externaltools.gnu-tools-for-stm32.10.3-2021.10.win32_1.0.0.202111181127/tools/bin/../lib/gcc/arm-none-eabi/10.3.1/thumb/v6-m/nofp\libgcc.a
LOAD c:/st/stm32cubeide_1.9.0/stm32cubeide/plugins/com.st.stm32cube.ide.mcu.externaltools.gnu-tools-for-stm32.10.3-2021.10.win32_1.0.0.202111181127/tools/bin/../lib/gcc/arm-none-eabi/10.3.1/../../../../arm-none-eabi/lib/thumb/v6-m/nofp\libc_nano.a
LOAD c:/st/stm32cubeide_1.9.0/stm32cubeide/plugins/com.st.stm32cube.ide.mcu.externaltools.gnu-tools-for-stm32.10.3-2021.10.win32_1.0.0.202111181127/tools/bin/../lib/gcc/arm-none-eabi/10.3.1/../../../../arm-none-eabi/lib/thumb/v6-m/nofp\libnosys.a
END GROUP
START GROUP
LOAD c:/st/stm32cubeide_1.9.0/stm32cubeide/plugins/com.st.stm32cube.ide.mcu.externaltools.gnu-tools-for-stm32.10.3-2021.10.win32_1.0.0.202111181127/tools/bin/../lib/gcc/arm-none-eabi/10.3.1/thumb/v6-m/nofp\libgcc.a
LOAD c:/st/stm32cubeide_1.9.0/stm32cubeide/plugins/com.st.stm32cube.ide.mcu.externaltools.gnu-tools-for-stm32.10.3-2021.10.win32_1.0.0.202111181127/tools/bin/../lib/gcc/arm-none-eabi/10.3.1/../../../../arm-none-eabi/lib/thumb/v6-m/nofp\libc_nano.a
LOAD c:/st/stm32cubeide_1.9.0/stm32cubeide/plugins/com.st.stm32cube.ide.mcu.externaltools.gnu-tools-for-stm32.10.3-2021.10.win32_1.0.0.202111181127/tools/bin/../lib/gcc/arm-none-eabi/10.3.1/../../../../arm-none-eabi/lib/thumb/v6-m/nofp\libnosys.a
END GROUP
LOAD c:/st/stm32cubeide_1.9.0/stm32cubeide/plugins/com.st.stm32cube.ide.mcu.externaltools.gnu-tools-for-stm32.10.3-2021.10.win32_1.0.0.202111181127/tools/bin/../lib/gcc/arm-none-eabi/10.3.1/thumb/v6-m/nofp/crtend.o
LOAD c:/st/stm32cubeide_1.9.0/stm32cubeide/plugins/com.st.stm32cube.ide.mcu.externaltools.gnu-tools-for-stm32.10.3-2021.10.win32_1.0.0.202111181127/tools/bin/../lib/gcc/arm-none-eabi/10.3.1/thumb/v6-m/nofp/crtn.o
                0x0000000020001800                _estack = (ORIGIN (RAM) + LENGTH (RAM))
                0x0000000000000200                _Min_Heap_Size = 0x200
                0x0000000000000400                _Min_Stack_Size = 0x400

.isr_vector     0x0000000008000000       0xc0
                0x0000000008000000                . = ALIGN (0x4)
 *(.isr_vector)
 .isr_vector    0x0000000008000000       0xc0 ./Core/Startup/startup_stm32f042k6tx.o
                0x0000000008000000                g_pfnVectors
                0x00000000080000c0                . = ALIGN (0x4)

.text           0x00000000080000c0     0x5fe8
                0x00000000080000c0                . = ALIGN (0x4)
 *(.text)
 .text          0x00000000080000c0       0x48 c:/st/stm32cubeide_1.9.0/stm32cubeide/plugins/com.st.stm32cube.ide.mcu.externaltools.gnu-tools-for-stm32.10.3-2021.10.win32_1.0.0.202111181127/tools/bin/../lib/gcc/arm-none-eabi/10.3.1/thumb/v6-m/nofp/crtbegin.o
 .text          0x0000000008000108        0xe c:/st/stm32cubeide_1.9.0/stm32cubeide/plugins/com.st.stm32cube.ide.mcu.externaltools.gnu-tools-for-stm32.10.3-2021.10.win32_1.0.0.202111181127/tools/bin/../lib/gcc/arm-none-eabi/10.3.1/../../../../arm-none-eabi/lib/thumb/v6-m/nofp\libc_nano.a(lib_a-strlen.o)
                0x0000000008000108                strlen
 *fill*         0x0000000008000116        0x2 
 .text          0x0000000008000118      0x114 c:/st/stm32cubeide_1.9.0/stm32cubeide/plugins/com.st.stm32cube.ide.mcu.externaltools.gnu-tools-for-stm32.10.3-2021.10.win32_1.0.0.202111181127/tools/bin/../lib/gcc/arm-none-eabi/10.3.1/thumb/v6-m/nofp\libgcc.a(_udivsi3.o)
                0x0000000008000118                __aeabi_uidiv
                0x0000000008000118                __udivsi3
                0x0000000008000224                __aeabi_uidivmod
 .text          0x000000000800022c        0x4 c:/st/stm32cubeide_1.9.0/stm32cubeide/plugins/com.st.stm32cube.ide.mcu.externaltools.gnu-tools-for-stm32.10.3-2021.10.win32_1.0.0.202111181127/tools/bin/../lib/gcc/arm-none-eabi/10.3.1/thumb/v6-m/nofp\libgcc.a(_dvmd_tls.o)
                0x000000000800022c                __aeabi_idiv0
                0x000000000800022c                __aeabi_ldiv0
 *(.text*)
 .text.tud_cdc_available
                0x0000000008000230       0x12 ./Core/Src/main.o
 .text.tud_cdc_read
                0x0000000008000242       0x20 ./Core/Src/main.o
 .text.tud_cdc_write
                0x0000000008000262       0x20 ./Core/Src/main.o
 .text.tud_cdc_write_flush
                0x0000000008000282       0x12 ./Core/Src/main.o
 .text.cdc_task
                0x0000000008000294       0x40 ./Core/Src/main.o
                0x0000000008000294                cdc_task
 .text.tud_cdc_line_state_cb
                0x00000000080002d4       0x26 ./Core/Src/main.o
                0x00000000080002d4                tud_cdc_line_state_cb
 .text.tud_cdc_rx_cb
                0x00000000080002fa       0x14 ./Core/Src/main.o
                0x00000000080002fa                tud_cdc_rx_cb
 .text.main     0x000000000800030e       0x22 ./Core/Src/main.o
                0x000000000800030e                main
 .text.SystemClock_Config
                0x0000000008000330       0xa8 ./Core/Src/main.o
                0x0000000008000330                SystemClock_Config
 .text.MX_USB_PCD_Init
                0x00000000080003d8       0x4c ./Core/Src/main.o
 .text.MX_GPIO_Init
                0x0000000008000424       0x30 ./Core/Src/main.o
 .text.Error_Handler
                0x0000000008000454        0xa ./Core/Src/main.o
                0x0000000008000454                Error_Handler
 *fill*         0x000000000800045e        0x2 
 .text.HAL_MspInit
                0x0000000008000460       0x48 ./Core/Src/stm32f0xx_hal_msp.o
                0x0000000008000460                HAL_MspInit
 .text.HAL_PCD_MspInit
                0x00000000080004a8       0x40 ./Core/Src/stm32f0xx_hal_msp.o
                0x00000000080004a8                HAL_PCD_MspInit
 .text.NMI_Handler
                0x00000000080004e8        0x6 ./Core/Src/stm32f0xx_it.o
                0x00000000080004e8                NMI_Handler
 .text.HardFault_Handler
                0x00000000080004ee        0x6 ./Core/Src/stm32f0xx_it.o
                0x00000000080004ee                HardFault_Handler
 .text.SVC_Handler
                0x00000000080004f4        0xa ./Core/Src/stm32f0xx_it.o
                0x00000000080004f4                SVC_Handler
 .text.PendSV_Handler
                0x00000000080004fe        0xa ./Core/Src/stm32f0xx_it.o
                0x00000000080004fe                PendSV_Handler
 .text.SysTick_Handler
                0x0000000008000508        0xe ./Core/Src/stm32f0xx_it.o
                0x0000000008000508                SysTick_Handler
 .text.USB_IRQHandler
                0x0000000008000516       0x10 ./Core/Src/stm32f0xx_it.o
                0x0000000008000516                USB_IRQHandler
 .text.SystemInit
                0x0000000008000526        0xa ./Core/Src/system_stm32f0xx.o
                0x0000000008000526                SystemInit
 .text.tud_descriptor_device_cb
                0x0000000008000530       0x10 ./Core/Src/usb_descriptors.o
                0x0000000008000530                tud_descriptor_device_cb
 .text.tud_descriptor_configuration_cb
                0x0000000008000540       0x1c ./Core/Src/usb_descriptors.o
                0x0000000008000540                tud_descriptor_configuration_cb
 .text.tud_descriptor_string_cb
                0x000000000800055c       0xdc ./Core/Src/usb_descriptors.o
                0x000000000800055c                tud_descriptor_string_cb
 .text.Reset_Handler
                0x0000000008000638       0x80 ./Core/Startup/startup_stm32f042k6tx.o
                0x0000000008000638                Reset_Handler
 .text.Default_Handler
                0x00000000080006b8        0x2 ./Core/Startup/startup_stm32f042k6tx.o
                0x00000000080006b8                TIM1_CC_IRQHandler
                0x00000000080006b8                TSC_IRQHandler
                0x00000000080006b8                I2C1_IRQHandler
                0x00000000080006b8                RCC_CRS_IRQHandler
                0x00000000080006b8                SPI1_IRQHandler
                0x00000000080006b8                EXTI2_3_IRQHandler
                0x00000000080006b8                ADC1_IRQHandler
                0x00000000080006b8                TIM17_IRQHandler
                0x00000000080006b8                CEC_CAN_IRQHandler
                0x00000000080006b8                RTC_IRQHandler
                0x00000000080006b8                PVD_VDDIO2_IRQHandler
                0x00000000080006b8                TIM16_IRQHandler
                0x00000000080006b8                TIM3_IRQHandler
                0x00000000080006b8                EXTI4_15_IRQHandler
                0x00000000080006b8                DMA1_Channel1_IRQHandler
                0x00000000080006b8                Default_Handler
                0x00000000080006b8                TIM14_IRQHandler
                0x00000000080006b8                DMA1_Channel4_5_IRQHandler
                0x00000000080006b8                EXTI0_1_IRQHandler
                0x00000000080006b8                SPI2_IRQHandler
                0x00000000080006b8                WWDG_IRQHandler
                0x00000000080006b8                TIM2_IRQHandler
                0x00000000080006b8                DMA1_Channel2_3_IRQHandler
                0x00000000080006b8                USART2_IRQHandler
                0x00000000080006b8                FLASH_IRQHandler
                0x00000000080006b8                USART1_IRQHandler
                0x00000000080006b8                TIM1_BRK_UP_TRG_COM_IRQHandler
 *fill*         0x00000000080006ba        0x2 
 .text.HAL_Init
                0x00000000080006bc       0x28 ./Drivers/STM32F0xx_HAL_Driver/Src/stm32f0xx_hal.o
                0x00000000080006bc                HAL_Init
 .text.HAL_InitTick
                0x00000000080006e4       0x68 ./Drivers/STM32F0xx_HAL_Driver/Src/stm32f0xx_hal.o
                0x00000000080006e4                HAL_InitTick
 .text.HAL_IncTick
                0x000000000800074c       0x24 ./Drivers/STM32F0xx_HAL_Driver/Src/stm32f0xx_hal.o
                0x000000000800074c                HAL_IncTick
 .text.HAL_GetTick
                0x0000000008000770       0x14 ./Drivers/STM32F0xx_HAL_Driver/Src/stm32f0xx_hal.o
                0x0000000008000770                HAL_GetTick
 .text.__NVIC_SetPriority
                0x0000000008000784       0xdc ./Drivers/STM32F0xx_HAL_Driver/Src/stm32f0xx_hal_cortex.o
 .text.SysTick_Config
                0x0000000008000860       0x48 ./Drivers/STM32F0xx_HAL_Driver/Src/stm32f0xx_hal_cortex.o
 .text.HAL_NVIC_SetPriority
                0x00000000080008a8       0x2a ./Drivers/STM32F0xx_HAL_Driver/Src/stm32f0xx_hal_cortex.o
                0x00000000080008a8                HAL_NVIC_SetPriority
 .text.HAL_SYSTICK_Config
                0x00000000080008d2       0x1a ./Drivers/STM32F0xx_HAL_Driver/Src/stm32f0xx_hal_cortex.o
                0x00000000080008d2                HAL_SYSTICK_Config
 .text.HAL_PCD_Init
                0x00000000080008ec      0x220 ./Drivers/STM32F0xx_HAL_Driver/Src/stm32f0xx_hal_pcd.o
                0x00000000080008ec                HAL_PCD_Init
 .text.HAL_PCDEx_ActivateLPM
                0x0000000008000b0c       0x54 ./Drivers/STM32F0xx_HAL_Driver/Src/stm32f0xx_hal_pcd_ex.o
                0x0000000008000b0c                HAL_PCDEx_ActivateLPM
 .text.HAL_RCC_OscConfig
                0x0000000008000b60      0x70c ./Drivers/STM32F0xx_HAL_Driver/Src/stm32f0xx_hal_rcc.o
                0x0000000008000b60                HAL_RCC_OscConfig
 .text.HAL_RCC_ClockConfig
                0x000000000800126c      0x1b4 ./Drivers/STM32F0xx_HAL_Driver/Src/stm32f0xx_hal_rcc.o
                0x000000000800126c                HAL_RCC_ClockConfig
 .text.HAL_RCC_GetSysClockFreq
                0x0000000008001420      0x100 ./Drivers/STM32F0xx_HAL_Driver/Src/stm32f0xx_hal_rcc.o
                0x0000000008001420                HAL_RCC_GetSysClockFreq
 .text.HAL_RCCEx_PeriphCLKConfig
                0x0000000008001520      0x1dc ./Drivers/STM32F0xx_HAL_Driver/Src/stm32f0xx_hal_rcc_ex.o
                0x0000000008001520                HAL_RCCEx_PeriphCLKConfig
 .text.USB_DisableGlobalInt
                0x00000000080016fc       0x34 ./Drivers/STM32F0xx_HAL_Driver/Src/stm32f0xx_ll_usb.o
                0x00000000080016fc                USB_DisableGlobalInt
 .text.USB_DevInit
                0x0000000008001730       0x4e ./Drivers/STM32F0xx_HAL_Driver/Src/stm32f0xx_ll_usb.o
                0x0000000008001730                USB_DevInit
 .text.tu_desc_next
                0x000000000800177e       0x1e ./src/class/cdc/cdc_device.o
 .text.tu_desc_type
                0x000000000800179c       0x16 ./src/class/cdc/cdc_device.o
 .text.tu_desc_len
                0x00000000080017b2       0x14 ./src/class/cdc/cdc_device.o
 .text._prep_out_transaction
                0x00000000080017c6       0xa2 ./src/class/cdc/cdc_device.o
 .text.tud_cdc_n_available
                0x0000000008001868       0x38 ./src/class/cdc/cdc_device.o
                0x0000000008001868                tud_cdc_n_available
 .text.tud_cdc_n_read
                0x00000000080018a0       0x54 ./src/class/cdc/cdc_device.o
                0x00000000080018a0                tud_cdc_n_read
 .text.tud_cdc_n_write
                0x00000000080018f4       0x6c ./src/class/cdc/cdc_device.o
                0x00000000080018f4                tud_cdc_n_write
 .text.tud_cdc_n_write_flush
                0x0000000008001960      0x10c ./src/class/cdc/cdc_device.o
                0x0000000008001960                tud_cdc_n_write_flush
 .text.cdcd_init
                0x0000000008001a6c       0xc0 ./src/class/cdc/cdc_device.o
                0x0000000008001a6c                cdcd_init
 .text.cdcd_reset
                0x0000000008001b2c       0x7c ./src/class/cdc/cdc_device.o
                0x0000000008001b2c                cdcd_reset
 .text.cdcd_open
                0x0000000008001ba8      0x1d8 ./src/class/cdc/cdc_device.o
                0x0000000008001ba8                cdcd_open
 .text.cdcd_control_xfer_cb
                0x0000000008001d80      0x234 ./src/class/cdc/cdc_device.o
                0x0000000008001d80                cdcd_control_xfer_cb
 .text.cdcd_xfer_cb
                0x0000000008001fb4      0x1b8 ./src/class/cdc/cdc_device.o
                0x0000000008001fb4                cdcd_xfer_cb
 .text.tu_fifo_config
                0x000000000800216c       0x7a ./src/common/tusb_fifo.o
                0x000000000800216c                tu_fifo_config
 .text._ff_mod  0x00000000080021e6       0x3a ./src/common/tusb_fifo.o
 .text._ff_push_const_addr
                0x0000000008002220       0xd0 ./src/common/tusb_fifo.o
 .text._ff_pull_const_addr
                0x00000000080022f0       0x96 ./src/common/tusb_fifo.o
 .text._ff_push
                0x0000000008002386       0x34 ./src/common/tusb_fifo.o
 .text._ff_push_n
                0x00000000080023ba      0x206 ./src/common/tusb_fifo.o
 .text._ff_pull
                0x00000000080025c0       0x34 ./src/common/tusb_fifo.o
 .text._ff_pull_n
                0x00000000080025f4      0x20a ./src/common/tusb_fifo.o
 .text.advance_pointer
                0x00000000080027fe       0x72 ./src/common/tusb_fifo.o
 .text.backward_pointer
                0x0000000008002870       0x6a ./src/common/tusb_fifo.o
 .text.get_relative_pointer
                0x00000000080028da       0x28 ./src/common/tusb_fifo.o
 .text._tu_fifo_count
                0x0000000008002902       0x50 ./src/common/tusb_fifo.o
 .text._tu_fifo_empty
                0x0000000008002952       0x2a ./src/common/tusb_fifo.o
 .text._tu_fifo_full
                0x000000000800297c       0x40 ./src/common/tusb_fifo.o
 .text._tu_fifo_correct_read_pointer
                0x00000000080029bc       0x2e ./src/common/tusb_fifo.o
 .text._tu_fifo_peek
                0x00000000080029ea       0x8c ./src/common/tusb_fifo.o
 .text._tu_fifo_peek_n
                0x0000000008002a76       0xca ./src/common/tusb_fifo.o
 .text._tu_fifo_remaining
                0x0000000008002b40       0x3a ./src/common/tusb_fifo.o
 .text._tu_fifo_write_n
                0x0000000008002b7a      0x114 ./src/common/tusb_fifo.o
 .text._tu_fifo_read_n
                0x0000000008002c8e       0x66 ./src/common/tusb_fifo.o
 .text.tu_fifo_count
                0x0000000008002cf4       0x4c ./src/common/tusb_fifo.o
                0x0000000008002cf4                tu_fifo_count
 .text.tu_fifo_empty
                0x0000000008002d40       0x26 ./src/common/tusb_fifo.o
                0x0000000008002d40                tu_fifo_empty
 .text.tu_fifo_remaining
                0x0000000008002d66       0x26 ./src/common/tusb_fifo.o
                0x0000000008002d66                tu_fifo_remaining
 .text.tu_fifo_read
                0x0000000008002d8c       0x50 ./src/common/tusb_fifo.o
                0x0000000008002d8c                tu_fifo_read
 .text.tu_fifo_read_n
                0x0000000008002ddc       0x26 ./src/common/tusb_fifo.o
                0x0000000008002ddc                tu_fifo_read_n
 .text.tu_fifo_write
                0x0000000008002e02       0x94 ./src/common/tusb_fifo.o
                0x0000000008002e02                tu_fifo_write
 .text.tu_fifo_write_n
                0x0000000008002e96       0x26 ./src/common/tusb_fifo.o
                0x0000000008002e96                tu_fifo_write_n
 .text.tu_fifo_clear
                0x0000000008002ebc       0x3c ./src/common/tusb_fifo.o
                0x0000000008002ebc                tu_fifo_clear
 .text.tu_fifo_set_overwritable
                0x0000000008002ef8       0x20 ./src/common/tusb_fifo.o
                0x0000000008002ef8                tu_fifo_set_overwritable
 .text.tu_edpt_dir
                0x0000000008002f18       0x1c ./src/device/usbd.o
 .text.tu_edpt_number
                0x0000000008002f34       0x1e ./src/device/usbd.o
 .text.tu_desc_next
                0x0000000008002f52       0x1e ./src/device/usbd.o
 .text.tu_desc_type
                0x0000000008002f70       0x16 ./src/device/usbd.o
 .text.tu_desc_len
                0x0000000008002f86       0x14 ./src/device/usbd.o
 .text._osal_q_lock
                0x0000000008002f9a       0x18 ./src/device/usbd.o
 .text._osal_q_unlock
                0x0000000008002fb2       0x18 ./src/device/usbd.o
 .text.osal_queue_create
                0x0000000008002fca       0x1c ./src/device/usbd.o
 .text.osal_queue_receive
                0x0000000008002fe6       0x3c ./src/device/usbd.o
 .text.osal_queue_send
                0x0000000008003022       0x72 ./src/device/usbd.o
 .text.get_driver
                0x0000000008003094       0x74 ./src/device/usbd.o
 .text.tud_mounted
                0x0000000008003108       0x1c ./src/device/usbd.o
                0x0000000008003108                tud_mounted
 .text.tud_suspended
                0x0000000008003124       0x20 ./src/device/usbd.o
                0x0000000008003124                tud_suspended
 .text.tud_inited
                0x0000000008003144       0x1c ./src/device/usbd.o
                0x0000000008003144                tud_inited
 .text.tud_init
                0x0000000008003160       0xcc ./src/device/usbd.o
                0x0000000008003160                tud_init
 .text.configuration_reset
                0x000000000800322c       0x84 ./src/device/usbd.o
 .text.usbd_reset
                0x00000000080032b0       0x22 ./src/device/usbd.o
 *fill*         0x00000000080032d2        0x2 
 .text.tud_task
                0x00000000080032d4      0x2a4 ./src/device/usbd.o
                0x00000000080032d4                tud_task
 .text.invoke_class_control
                0x0000000008003578       0x36 ./src/device/usbd.o
 *fill*         0x00000000080035ae        0x2 
 .text.process_control_request
                0x00000000080035b0      0x4e0 ./src/device/usbd.o
 .text.process_set_config
                0x0000000008003a90      0x230 ./src/device/usbd.o
 .text.process_get_descriptor
                0x0000000008003cc0      0x1d8 ./src/device/usbd.o
 .text.dcd_event_handler
                0x0000000008003e98      0x12c ./src/device/usbd.o
                0x0000000008003e98                dcd_event_handler
 .text.dcd_event_bus_signal
                0x0000000008003fc4       0x56 ./src/device/usbd.o
                0x0000000008003fc4                dcd_event_bus_signal
 .text.dcd_event_bus_reset
                0x000000000800401a       0x5c ./src/device/usbd.o
                0x000000000800401a                dcd_event_bus_reset
 .text.dcd_event_setup_received
                0x0000000008004076       0x5a ./src/device/usbd.o
                0x0000000008004076                dcd_event_setup_received
 .text.dcd_event_xfer_complete
                0x00000000080040d0       0x6e ./src/device/usbd.o
                0x00000000080040d0                dcd_event_xfer_complete
 *fill*         0x000000000800413e        0x2 
 .text.usbd_int_set
                0x0000000008004140       0x38 ./src/device/usbd.o
                0x0000000008004140                usbd_int_set
 .text.usbd_open_edpt_pair
                0x0000000008004178       0xb2 ./src/device/usbd.o
                0x0000000008004178                usbd_open_edpt_pair
 *fill*         0x000000000800422a        0x2 
 .text.usbd_edpt_open
                0x000000000800422c       0x60 ./src/device/usbd.o
                0x000000000800422c                usbd_edpt_open
 .text.usbd_edpt_claim
                0x000000000800428c       0x68 ./src/device/usbd.o
                0x000000000800428c                usbd_edpt_claim
 .text.usbd_edpt_release
                0x00000000080042f4       0x68 ./src/device/usbd.o
                0x00000000080042f4                usbd_edpt_release
 .text.usbd_edpt_xfer
                0x000000000800435c       0xf0 ./src/device/usbd.o
                0x000000000800435c                usbd_edpt_xfer
 .text.usbd_edpt_stall
                0x000000000800444c       0xb0 ./src/device/usbd.o
                0x000000000800444c                usbd_edpt_stall
 .text.usbd_edpt_clear_stall
                0x00000000080044fc       0xb0 ./src/device/usbd.o
                0x00000000080044fc                usbd_edpt_clear_stall
 .text.usbd_edpt_stalled
                0x00000000080045ac       0x64 ./src/device/usbd.o
                0x00000000080045ac                usbd_edpt_stalled
 .text.tu_edpt_dir
                0x0000000008004610       0x1c ./src/device/usbd_control.o
 .text._status_stage_xact
                0x000000000800462c       0x42 ./src/device/usbd_control.o
 *fill*         0x000000000800466e        0x2 
 .text.tud_control_status
                0x0000000008004670       0x4c ./src/device/usbd_control.o
                0x0000000008004670                tud_control_status
 .text._data_stage_xact
                0x00000000080046bc       0xb0 ./src/device/usbd_control.o
 .text.tud_control_xfer
                0x000000000800476c       0xe0 ./src/device/usbd_control.o
                0x000000000800476c                tud_control_xfer
 .text.usbd_control_reset
                0x000000000800484c       0x1c ./src/device/usbd_control.o
                0x000000000800484c                usbd_control_reset
 .text.usbd_control_set_complete_callback
                0x0000000008004868       0x1c ./src/device/usbd_control.o
                0x0000000008004868                usbd_control_set_complete_callback
 .text.usbd_control_set_request
                0x0000000008004884       0x38 ./src/device/usbd_control.o
                0x0000000008004884                usbd_control_set_request
 .text.usbd_control_xfer_cb
                0x00000000080048bc      0x16c ./src/device/usbd_control.o
                0x00000000080048bc                usbd_control_xfer_cb
 .text.tu_edpt_dir
                0x0000000008004a28       0x1c ./src/portable/st/stm32_fsdev/dcd_stm32_fsdev.o
 .text.tu_edpt_number
                0x0000000008004a44       0x1e ./src/portable/st/stm32_fsdev/dcd_stm32_fsdev.o
 .text.tu_edpt_addr
                0x0000000008004a62       0x36 ./src/portable/st/stm32_fsdev/dcd_stm32_fsdev.o
 .text.tu_edpt_packet_size
                0x0000000008004a98       0x22 ./src/portable/st/stm32_fsdev/dcd_stm32_fsdev.o
 *fill*         0x0000000008004aba        0x2 
 .text.__NVIC_EnableIRQ
                0x0000000008004abc       0x34 ./src/portable/st/stm32_fsdev/dcd_stm32_fsdev.o
 .text.__NVIC_DisableIRQ
                0x0000000008004af0       0x44 ./src/portable/st/stm32_fsdev/dcd_stm32_fsdev.o
 .text.pcd_set_endpoint
                0x0000000008004b34       0x26 ./src/portable/st/stm32_fsdev/dcd_stm32_fsdev.o
 .text.pcd_get_endpoint
                0x0000000008004b5a       0x22 ./src/portable/st/stm32_fsdev/dcd_stm32_fsdev.o
 .text.pcd_set_eptype
                0x0000000008004b7c       0x50 ./src/portable/st/stm32_fsdev/dcd_stm32_fsdev.o
 .text.pcd_clear_rx_ep_ctr
                0x0000000008004bcc       0x50 ./src/portable/st/stm32_fsdev/dcd_stm32_fsdev.o
 .text.pcd_clear_tx_ep_ctr
                0x0000000008004c1c       0x4c ./src/portable/st/stm32_fsdev/dcd_stm32_fsdev.o
 .text.pcd_get_ep_rx_cnt
                0x0000000008004c68       0x2c ./src/portable/st/stm32_fsdev/dcd_stm32_fsdev.o
 .text.pcd_set_ep_cnt_rx_reg
                0x0000000008004c94       0x66 ./src/portable/st/stm32_fsdev/dcd_stm32_fsdev.o
 *fill*         0x0000000008004cfa        0x2 
 .text.pcd_set_ep_address
                0x0000000008004cfc       0x50 ./src/portable/st/stm32_fsdev/dcd_stm32_fsdev.o
 .text.pcd_btable_word_ptr
                0x0000000008004d4c       0x34 ./src/portable/st/stm32_fsdev/dcd_stm32_fsdev.o
 .text.pcd_ep_tx_address_ptr
                0x0000000008004d80       0x22 ./src/portable/st/stm32_fsdev/dcd_stm32_fsdev.o
 .text.pcd_ep_tx_cnt_ptr
                0x0000000008004da2       0x24 ./src/portable/st/stm32_fsdev/dcd_stm32_fsdev.o
 .text.pcd_ep_rx_address_ptr
                0x0000000008004dc6       0x24 ./src/portable/st/stm32_fsdev/dcd_stm32_fsdev.o
 .text.pcd_ep_rx_cnt_ptr
                0x0000000008004dea       0x24 ./src/portable/st/stm32_fsdev/dcd_stm32_fsdev.o
 .text.pcd_set_ep_tx_cnt
                0x0000000008004e0e       0x28 ./src/portable/st/stm32_fsdev/dcd_stm32_fsdev.o
 .text.pcd_set_ep_rx_cnt
                0x0000000008004e36       0x30 ./src/portable/st/stm32_fsdev/dcd_stm32_fsdev.o
 *fill*         0x0000000008004e66        0x2 
 .text.pcd_set_ep_tx_status
                0x0000000008004e68       0x68 ./src/portable/st/stm32_fsdev/dcd_stm32_fsdev.o
 .text.pcd_set_ep_rx_status
                0x0000000008004ed0       0x70 ./src/portable/st/stm32_fsdev/dcd_stm32_fsdev.o
 .text.pcd_rx_dtog
                0x0000000008004f40       0x48 ./src/portable/st/stm32_fsdev/dcd_stm32_fsdev.o
 .text.pcd_tx_dtog
                0x0000000008004f88       0x48 ./src/portable/st/stm32_fsdev/dcd_stm32_fsdev.o
 .text.pcd_clear_rx_dtog
                0x0000000008004fd0       0x38 ./src/portable/st/stm32_fsdev/dcd_stm32_fsdev.o
 .text.pcd_clear_tx_dtog
                0x0000000008005008       0x36 ./src/portable/st/stm32_fsdev/dcd_stm32_fsdev.o
 *fill*         0x000000000800503e        0x2 
 .text.pcd_clear_ep_kind
                0x0000000008005040       0x48 ./src/portable/st/stm32_fsdev/dcd_stm32_fsdev.o
 .text.xfer_ctl_ptr
                0x0000000008005088       0x34 ./src/portable/st/stm32_fsdev/dcd_stm32_fsdev.o
 .text.reg16_clear_bits
                0x00000000080050bc       0x32 ./src/portable/st/stm32_fsdev/dcd_stm32_fsdev.o
 *fill*         0x00000000080050ee        0x2 
 .text.clear_istr_bits
                0x00000000080050f0       0x28 ./src/portable/st/stm32_fsdev/dcd_stm32_fsdev.o
 .text.dcd_connect
                0x0000000008005118       0x30 ./src/portable/st/stm32_fsdev/dcd_stm32_fsdev.o
                0x0000000008005118                dcd_connect
 .text.dcd_init
                0x0000000008005148       0xc8 ./src/portable/st/stm32_fsdev/dcd_stm32_fsdev.o
                0x0000000008005148                dcd_init
 .text.dcd_int_enable
                0x0000000008005210       0x26 ./src/portable/st/stm32_fsdev/dcd_stm32_fsdev.o
                0x0000000008005210                dcd_int_enable
 .text.dcd_int_disable
                0x0000000008005236       0x1a ./src/portable/st/stm32_fsdev/dcd_stm32_fsdev.o
                0x0000000008005236                dcd_int_disable
 .text.dcd_set_address
                0x0000000008005250       0x32 ./src/portable/st/stm32_fsdev/dcd_stm32_fsdev.o
                0x0000000008005250                dcd_set_address
 *fill*         0x0000000008005282        0x2 
 .text.dcd_handle_bus_reset
                0x0000000008005284       0x60 ./src/portable/st/stm32_fsdev/dcd_stm32_fsdev.o
 .text.dcd_ep_ctr_tx_handler
                0x00000000080052e4       0x88 ./src/portable/st/stm32_fsdev/dcd_stm32_fsdev.o
 .text.dcd_ep_ctr_rx_handler
                0x000000000800536c      0x19c ./src/portable/st/stm32_fsdev/dcd_stm32_fsdev.o
 .text.dcd_ep_ctr_handler
                0x0000000008005508       0x44 ./src/portable/st/stm32_fsdev/dcd_stm32_fsdev.o
 .text.dcd_int_handler
                0x000000000800554c      0x118 ./src/portable/st/stm32_fsdev/dcd_stm32_fsdev.o
                0x000000000800554c                dcd_int_handler
 .text.dcd_edpt0_status_complete
                0x0000000008005664       0x78 ./src/portable/st/stm32_fsdev/dcd_stm32_fsdev.o
                0x0000000008005664                dcd_edpt0_status_complete
 .text.dcd_pma_alloc_reset
                0x00000000080056dc       0x6c ./src/portable/st/stm32_fsdev/dcd_stm32_fsdev.o
 .text.dcd_pma_alloc
                0x0000000008005748       0xb4 ./src/portable/st/stm32_fsdev/dcd_stm32_fsdev.o
 .text.dcd_edpt_open
                0x00000000080057fc      0x1a4 ./src/portable/st/stm32_fsdev/dcd_stm32_fsdev.o
                0x00000000080057fc                dcd_edpt_open
 .text.dcd_edpt_close_all
                0x00000000080059a0       0x14 ./src/portable/st/stm32_fsdev/dcd_stm32_fsdev.o
                0x00000000080059a0                dcd_edpt_close_all
 .text.dcd_transmit_packet
                0x00000000080059b4       0xa4 ./src/portable/st/stm32_fsdev/dcd_stm32_fsdev.o
 .text.dcd_edpt_xfer
                0x0000000008005a58       0xfc ./src/portable/st/stm32_fsdev/dcd_stm32_fsdev.o
                0x0000000008005a58                dcd_edpt_xfer
 .text.dcd_edpt_stall
                0x0000000008005b54       0x4c ./src/portable/st/stm32_fsdev/dcd_stm32_fsdev.o
                0x0000000008005b54                dcd_edpt_stall
 .text.dcd_edpt_clear_stall
                0x0000000008005ba0       0x70 ./src/portable/st/stm32_fsdev/dcd_stm32_fsdev.o
                0x0000000008005ba0                dcd_edpt_clear_stall
 .text.dcd_write_packet_memory
                0x0000000008005c10       0x88 ./src/portable/st/stm32_fsdev/dcd_stm32_fsdev.o
 .text.dcd_read_packet_memory
                0x0000000008005c98       0x98 ./src/portable/st/stm32_fsdev/dcd_stm32_fsdev.o
 .text.tu_edpt_dir
                0x0000000008005d30       0x1c ./src/tusb.o
 .text.tu_edpt_number
                0x0000000008005d4c       0x1e ./src/tusb.o
 .text.tu_edpt_packet_size
                0x0000000008005d6a       0x22 ./src/tusb.o
 .text.tu_desc_next
                0x0000000008005d8c       0x1e ./src/tusb.o
 .text.tu_desc_type
                0x0000000008005daa       0x16 ./src/tusb.o
 .text.tusb_init
                0x0000000008005dc0       0x24 ./src/tusb.o
                0x0000000008005dc0                tusb_init
 .text.tusb_inited
                0x0000000008005de4       0x3a ./src/tusb.o
                0x0000000008005de4                tusb_inited
 .text.tu_edpt_claim
                0x0000000008005e1e       0x5a ./src/tusb.o
                0x0000000008005e1e                tu_edpt_claim
 .text.tu_edpt_release
                0x0000000008005e78       0x5a ./src/tusb.o
                0x0000000008005e78                tu_edpt_release
 *fill*         0x0000000008005ed2        0x2 
 .text.tu_edpt_validate
                0x0000000008005ed4       0xcc ./src/tusb.o
                0x0000000008005ed4                tu_edpt_validate
 .text.tu_edpt_bind_driver
                0x0000000008005fa0       0x82 ./src/tusb.o
                0x0000000008005fa0                tu_edpt_bind_driver
 *fill*         0x0000000008006022        0x2 
 .text.__libc_init_array
                0x0000000008006024       0x48 c:/st/stm32cubeide_1.9.0/stm32cubeide/plugins/com.st.stm32cube.ide.mcu.externaltools.gnu-tools-for-stm32.10.3-2021.10.win32_1.0.0.202111181127/tools/bin/../lib/gcc/arm-none-eabi/10.3.1/../../../../arm-none-eabi/lib/thumb/v6-m/nofp\libc_nano.a(lib_a-init.o)
                0x0000000008006024                __libc_init_array
 .text.memcpy   0x000000000800606c       0x12 c:/st/stm32cubeide_1.9.0/stm32cubeide/plugins/com.st.stm32cube.ide.mcu.externaltools.gnu-tools-for-stm32.10.3-2021.10.win32_1.0.0.202111181127/tools/bin/../lib/gcc/arm-none-eabi/10.3.1/../../../../arm-none-eabi/lib/thumb/v6-m/nofp\libc_nano.a(lib_a-memcpy-stub.o)
                0x000000000800606c                memcpy
 .text.memset   0x000000000800607e       0x10 c:/st/stm32cubeide_1.9.0/stm32cubeide/plugins/com.st.stm32cube.ide.mcu.externaltools.gnu-tools-for-stm32.10.3-2021.10.win32_1.0.0.202111181127/tools/bin/../lib/gcc/arm-none-eabi/10.3.1/../../../../arm-none-eabi/lib/thumb/v6-m/nofp\libc_nano.a(lib_a-memset.o)
                0x000000000800607e                memset
 *(.glue_7)
 .glue_7        0x000000000800608e        0x0 linker stubs
 *(.glue_7t)
 .glue_7t       0x000000000800608e        0x0 linker stubs
 *(.eh_frame)
 *fill*         0x000000000800608e        0x2 
 .eh_frame      0x0000000008006090        0x0 c:/st/stm32cubeide_1.9.0/stm32cubeide/plugins/com.st.stm32cube.ide.mcu.externaltools.gnu-tools-for-stm32.10.3-2021.10.win32_1.0.0.202111181127/tools/bin/../lib/gcc/arm-none-eabi/10.3.1/thumb/v6-m/nofp/crtbegin.o
 *(.init)
 .init          0x0000000008006090        0x4 c:/st/stm32cubeide_1.9.0/stm32cubeide/plugins/com.st.stm32cube.ide.mcu.externaltools.gnu-tools-for-stm32.10.3-2021.10.win32_1.0.0.202111181127/tools/bin/../lib/gcc/arm-none-eabi/10.3.1/thumb/v6-m/nofp/crti.o
                0x0000000008006090                _init
 .init          0x0000000008006094        0x8 c:/st/stm32cubeide_1.9.0/stm32cubeide/plugins/com.st.stm32cube.ide.mcu.externaltools.gnu-tools-for-stm32.10.3-2021.10.win32_1.0.0.202111181127/tools/bin/../lib/gcc/arm-none-eabi/10.3.1/thumb/v6-m/nofp/crtn.o
 *(.fini)
 .fini          0x000000000800609c        0x4 c:/st/stm32cubeide_1.9.0/stm32cubeide/plugins/com.st.stm32cube.ide.mcu.externaltools.gnu-tools-for-stm32.10.3-2021.10.win32_1.0.0.202111181127/tools/bin/../lib/gcc/arm-none-eabi/10.3.1/thumb/v6-m/nofp/crti.o
                0x000000000800609c                _fini
 .fini          0x00000000080060a0        0x8 c:/st/stm32cubeide_1.9.0/stm32cubeide/plugins/com.st.stm32cube.ide.mcu.externaltools.gnu-tools-for-stm32.10.3-2021.10.win32_1.0.0.202111181127/tools/bin/../lib/gcc/arm-none-eabi/10.3.1/thumb/v6-m/nofp/crtn.o
                0x00000000080060a8                . = ALIGN (0x4)
                0x00000000080060a8                _etext = .

.vfp11_veneer   0x00000000080060a8        0x0
 .vfp11_veneer  0x00000000080060a8        0x0 linker stubs

.v4_bx          0x00000000080060a8        0x0
 .v4_bx         0x00000000080060a8        0x0 linker stubs

.iplt           0x00000000080060a8        0x0
 .iplt          0x00000000080060a8        0x0 c:/st/stm32cubeide_1.9.0/stm32cubeide/plugins/com.st.stm32cube.ide.mcu.externaltools.gnu-tools-for-stm32.10.3-2021.10.win32_1.0.0.202111181127/tools/bin/../lib/gcc/arm-none-eabi/10.3.1/thumb/v6-m/nofp/crtbegin.o

.rodata         0x00000000080060a8      0x17c
                0x00000000080060a8                . = ALIGN (0x4)
 *(.rodata)
 .rodata        0x00000000080060a8       0x34 ./Core/Src/usb_descriptors.o
 .rodata        0x00000000080060dc       0x20 ./Drivers/STM32F0xx_HAL_Driver/Src/stm32f0xx_hal_rcc.o
 *(.rodata*)
 .rodata.AHBPrescTable
                0x00000000080060fc       0x10 ./Core/Src/system_stm32f0xx.o
                0x00000000080060fc                AHBPrescTable
 .rodata.desc_device
                0x000000000800610c       0x12 ./Core/Src/usb_descriptors.o
                0x000000000800610c                desc_device
 *fill*         0x000000000800611e        0x2 
 .rodata.desc_fs_configuration
                0x0000000008006120       0x4b ./Core/Src/usb_descriptors.o
                0x0000000008006120                desc_fs_configuration
 *fill*         0x000000000800616b        0x1 
 .rodata.__compound_literal.0
                0x000000000800616c        0x2 ./Core/Src/usb_descriptors.o
 *fill*         0x000000000800616e        0x2 
 .rodata._usbd_driver
                0x0000000008006170       0x18 ./src/device/usbd.o
 .rodata.tud_task
                0x0000000008006188       0x24 ./src/device/usbd.o
 .rodata.process_control_request
                0x00000000080061ac       0x28 ./src/device/usbd.o
 .rodata.process_get_descriptor
                0x00000000080061d4       0x40 ./src/device/usbd.o
 .rodata.ep0OUT_desc
                0x0000000008006214        0x7 ./src/portable/st/stm32_fsdev/dcd_stm32_fsdev.o
 *fill*         0x000000000800621b        0x1 
 .rodata.ep0IN_desc
                0x000000000800621c        0x7 ./src/portable/st/stm32_fsdev/dcd_stm32_fsdev.o
                0x0000000008006224                . = ALIGN (0x4)
 *fill*         0x0000000008006223        0x1 

.rel.dyn        0x0000000008006224        0x0
 .rel.iplt      0x0000000008006224        0x0 c:/st/stm32cubeide_1.9.0/stm32cubeide/plugins/com.st.stm32cube.ide.mcu.externaltools.gnu-tools-for-stm32.10.3-2021.10.win32_1.0.0.202111181127/tools/bin/../lib/gcc/arm-none-eabi/10.3.1/thumb/v6-m/nofp/crtbegin.o

.ARM.extab      0x0000000008006224        0x0
                0x0000000008006224                . = ALIGN (0x4)
 *(.ARM.extab* .gnu.linkonce.armextab.*)
                0x0000000008006224                . = ALIGN (0x4)

.ARM            0x0000000008006224        0x0
                0x0000000008006224                . = ALIGN (0x4)
                0x0000000008006224                __exidx_start = .
 *(.ARM.exidx*)
                0x0000000008006224                __exidx_end = .
                0x0000000008006224                . = ALIGN (0x4)

.preinit_array  0x0000000008006224        0x0
                0x0000000008006224                . = ALIGN (0x4)
                0x0000000008006224                PROVIDE (__preinit_array_start = .)
 *(.preinit_array*)
                0x0000000008006224                PROVIDE (__preinit_array_end = .)
                0x0000000008006224                . = ALIGN (0x4)

.init_array     0x0000000008006224        0x4
                0x0000000008006224                . = ALIGN (0x4)
                0x0000000008006224                PROVIDE (__init_array_start = .)
 *(SORT_BY_NAME(.init_array.*))
 *(.init_array*)
 .init_array    0x0000000008006224        0x4 c:/st/stm32cubeide_1.9.0/stm32cubeide/plugins/com.st.stm32cube.ide.mcu.externaltools.gnu-tools-for-stm32.10.3-2021.10.win32_1.0.0.202111181127/tools/bin/../lib/gcc/arm-none-eabi/10.3.1/thumb/v6-m/nofp/crtbegin.o
                0x0000000008006228                PROVIDE (__init_array_end = .)
                0x0000000008006228                . = ALIGN (0x4)

.fini_array     0x0000000008006228        0x4
                0x0000000008006228                . = ALIGN (0x4)
                [!provide]                        PROVIDE (__fini_array_start = .)
 *(SORT_BY_NAME(.fini_array.*))
 *(.fini_array*)
 .fini_array    0x0000000008006228        0x4 c:/st/stm32cubeide_1.9.0/stm32cubeide/plugins/com.st.stm32cube.ide.mcu.externaltools.gnu-tools-for-stm32.10.3-2021.10.win32_1.0.0.202111181127/tools/bin/../lib/gcc/arm-none-eabi/10.3.1/thumb/v6-m/nofp/crtbegin.o
                [!provide]                        PROVIDE (__fini_array_end = .)
                0x000000000800622c                . = ALIGN (0x4)
                0x000000000800622c                _sidata = LOADADDR (.data)

.data           0x0000000020000000       0x38 load address 0x000000000800622c
                0x0000000020000000                . = ALIGN (0x4)
                0x0000000020000000                _sdata = .
 *(.data)
 *(.data*)
 .data.SystemCoreClock
                0x0000000020000000        0x4 ./Core/Src/system_stm32f0xx.o
                0x0000000020000000                SystemCoreClock
 .data.string_desc_arr
                0x0000000020000004       0x14 ./Core/Src/usb_descriptors.o
                0x0000000020000004                string_desc_arr
 .data.uwTickPrio
                0x0000000020000018        0x4 ./Drivers/STM32F0xx_HAL_Driver/Src/stm32f0xx_hal.o
                0x0000000020000018                uwTickPrio
 .data.uwTickFreq
                0x000000002000001c        0x1 ./Drivers/STM32F0xx_HAL_Driver/Src/stm32f0xx_hal.o
                0x000000002000001c                uwTickFreq
 .data._usbd_rhport
                0x000000002000001d        0x1 ./src/device/usbd.o
 *fill*         0x000000002000001e        0x2 
 .data._usbd_qdef
                0x0000000020000020       0x18 ./src/device/usbd.o
                0x0000000020000020                _usbd_qdef
 *(.RamFunc)
 *(.RamFunc*)
                0x0000000020000038                . = ALIGN (0x4)
                0x0000000020000038                _edata = .

.igot.plt       0x0000000020000038        0x0 load address 0x0000000008006264
 .igot.plt      0x0000000020000038        0x0 c:/st/stm32cubeide_1.9.0/stm32cubeide/plugins/com.st.stm32cube.ide.mcu.externaltools.gnu-tools-for-stm32.10.3-2021.10.win32_1.0.0.202111181127/tools/bin/../lib/gcc/arm-none-eabi/10.3.1/thumb/v6-m/nofp/crtbegin.o
                0x0000000020000038                . = ALIGN (0x4)

.bss            0x0000000020000038      0x6bc load address 0x0000000008006264
                0x0000000020000038                _sbss = .
                0x0000000020000038                __bss_start__ = _sbss
 *(.bss)
 .bss           0x0000000020000038       0x1c c:/st/stm32cubeide_1.9.0/stm32cubeide/plugins/com.st.stm32cube.ide.mcu.externaltools.gnu-tools-for-stm32.10.3-2021.10.win32_1.0.0.202111181127/tools/bin/../lib/gcc/arm-none-eabi/10.3.1/thumb/v6-m/nofp/crtbegin.o
 *(.bss*)
 .bss.hpcd_USB_FS
                0x0000000020000054      0x2f4 ./Core/Src/main.o
                0x0000000020000054                hpcd_USB_FS
 .bss._desc_str
                0x0000000020000348       0x40 ./Core/Src/usb_descriptors.o
 .bss.uwTick    0x0000000020000388        0x4 ./Drivers/STM32F0xx_HAL_Driver/Src/stm32f0xx_hal.o
                0x0000000020000388                uwTick
 .bss._cdcd_itf
                0x000000002000038c      0x138 ./src/class/cdc/cdc_device.o
 .bss._usbd_dev
                0x00000000200004c4       0x33 ./src/device/usbd.o
 *fill*         0x00000000200004f7        0x1 
 .bss._app_driver
                0x00000000200004f8        0x4 ./src/device/usbd.o
 .bss._app_driver_count
                0x00000000200004fc        0x1 ./src/device/usbd.o
 *fill*         0x00000000200004fd        0x3 
 .bss._usbd_qdef_buf
                0x0000000020000500       0xc0 ./src/device/usbd.o
                0x0000000020000500                _usbd_qdef_buf
 .bss._usbd_q   0x00000000200005c0        0x4 ./src/device/usbd.o
 .bss._ctrl_xfer
                0x00000000200005c4       0x14 ./src/device/usbd_control.o
 .bss._usbd_ctrl_buf
                0x00000000200005d8       0x40 ./src/device/usbd_control.o
 .bss.xfer_status
                0x0000000020000618       0xc0 ./src/portable/st/stm32_fsdev/dcd_stm32_fsdev.o
 .bss._setup_packet
                0x00000000200006d8       0x18 ./src/portable/st/stm32_fsdev/dcd_stm32_fsdev.o
 .bss.remoteWakeCountdown
                0x00000000200006f0        0x1 ./src/portable/st/stm32_fsdev/dcd_stm32_fsdev.o
 *fill*         0x00000000200006f1        0x1 
 .bss.ep_buf_ptr
                0x00000000200006f2        0x2 ./src/portable/st/stm32_fsdev/dcd_stm32_fsdev.o
 *(COMMON)
                0x00000000200006f4                . = ALIGN (0x4)
                0x00000000200006f4                _ebss = .
                0x00000000200006f4                __bss_end__ = _ebss

._user_heap_stack
                0x00000000200006f4      0x604 load address 0x0000000008006264
                0x00000000200006f8                . = ALIGN (0x8)
 *fill*         0x00000000200006f4        0x4 
                [!provide]                        PROVIDE (end = .)
                0x00000000200006f8                PROVIDE (_end = .)
                0x00000000200008f8                . = (. + _Min_Heap_Size)
 *fill*         0x00000000200006f8      0x200 
                0x0000000020000cf8                . = (. + _Min_Stack_Size)
 *fill*         0x00000000200008f8      0x400 
                0x0000000020000cf8                . = ALIGN (0x8)

/DISCARD/
 libc.a(*)
 libm.a(*)
 libgcc.a(*)

.ARM.attributes
                0x0000000000000000       0x28
 *(.ARM.attributes)
 .ARM.attributes
                0x0000000000000000       0x1e c:/st/stm32cubeide_1.9.0/stm32cubeide/plugins/com.st.stm32cube.ide.mcu.externaltools.gnu-tools-for-stm32.10.3-2021.10.win32_1.0.0.202111181127/tools/bin/../lib/gcc/arm-none-eabi/10.3.1/thumb/v6-m/nofp/crti.o
 .ARM.attributes
                0x000000000000001e       0x2c c:/st/stm32cubeide_1.9.0/stm32cubeide/plugins/com.st.stm32cube.ide.mcu.externaltools.gnu-tools-for-stm32.10.3-2021.10.win32_1.0.0.202111181127/tools/bin/../lib/gcc/arm-none-eabi/10.3.1/thumb/v6-m/nofp/crtbegin.o
 .ARM.attributes
                0x000000000000004a       0x2c ./Core/Src/main.o
 .ARM.attributes
                0x0000000000000076       0x2c ./Core/Src/stm32f0xx_hal_msp.o
 .ARM.attributes
                0x00000000000000a2       0x2c ./Core/Src/stm32f0xx_it.o
 .ARM.attributes
                0x00000000000000ce       0x2c ./Core/Src/system_stm32f0xx.o
 .ARM.attributes
                0x00000000000000fa       0x2c ./Core/Src/usb_descriptors.o
 .ARM.attributes
                0x0000000000000126       0x21 ./Core/Startup/startup_stm32f042k6tx.o
 .ARM.attributes
                0x0000000000000147       0x2c ./Drivers/STM32F0xx_HAL_Driver/Src/stm32f0xx_hal.o
 .ARM.attributes
                0x0000000000000173       0x2c ./Drivers/STM32F0xx_HAL_Driver/Src/stm32f0xx_hal_cortex.o
 .ARM.attributes
                0x000000000000019f       0x2c ./Drivers/STM32F0xx_HAL_Driver/Src/stm32f0xx_hal_pcd.o
 .ARM.attributes
                0x00000000000001cb       0x2c ./Drivers/STM32F0xx_HAL_Driver/Src/stm32f0xx_hal_pcd_ex.o
 .ARM.attributes
                0x00000000000001f7       0x2c ./Drivers/STM32F0xx_HAL_Driver/Src/stm32f0xx_hal_rcc.o
 .ARM.attributes
                0x0000000000000223       0x2c ./Drivers/STM32F0xx_HAL_Driver/Src/stm32f0xx_hal_rcc_ex.o
 .ARM.attributes
                0x000000000000024f       0x2c ./Drivers/STM32F0xx_HAL_Driver/Src/stm32f0xx_ll_usb.o
 .ARM.attributes
                0x000000000000027b       0x2c ./src/class/cdc/cdc_device.o
 .ARM.attributes
                0x00000000000002a7       0x2c ./src/common/tusb_fifo.o
 .ARM.attributes
                0x00000000000002d3       0x2c ./src/device/usbd.o
 .ARM.attributes
                0x00000000000002ff       0x2c ./src/device/usbd_control.o
 .ARM.attributes
                0x000000000000032b       0x2c ./src/portable/st/stm32_fsdev/dcd_stm32_fsdev.o
 .ARM.attributes
                0x0000000000000357       0x2c ./src/tusb.o
 .ARM.attributes
                0x0000000000000383       0x2c c:/st/stm32cubeide_1.9.0/stm32cubeide/plugins/com.st.stm32cube.ide.mcu.externaltools.gnu-tools-for-stm32.10.3-2021.10.win32_1.0.0.202111181127/tools/bin/../lib/gcc/arm-none-eabi/10.3.1/../../../../arm-none-eabi/lib/thumb/v6-m/nofp\libc_nano.a(lib_a-init.o)
 .ARM.attributes
                0x00000000000003af       0x2c c:/st/stm32cubeide_1.9.0/stm32cubeide/plugins/com.st.stm32cube.ide.mcu.externaltools.gnu-tools-for-stm32.10.3-2021.10.win32_1.0.0.202111181127/tools/bin/../lib/gcc/arm-none-eabi/10.3.1/../../../../arm-none-eabi/lib/thumb/v6-m/nofp\libc_nano.a(lib_a-memcpy-stub.o)
 .ARM.attributes
                0x00000000000003db       0x2c c:/st/stm32cubeide_1.9.0/stm32cubeide/plugins/com.st.stm32cube.ide.mcu.externaltools.gnu-tools-for-stm32.10.3-2021.10.win32_1.0.0.202111181127/tools/bin/../lib/gcc/arm-none-eabi/10.3.1/../../../../arm-none-eabi/lib/thumb/v6-m/nofp\libc_nano.a(lib_a-memset.o)
 .ARM.attributes
                0x0000000000000407       0x1c c:/st/stm32cubeide_1.9.0/stm32cubeide/plugins/com.st.stm32cube.ide.mcu.externaltools.gnu-tools-for-stm32.10.3-2021.10.win32_1.0.0.202111181127/tools/bin/../lib/gcc/arm-none-eabi/10.3.1/../../../../arm-none-eabi/lib/thumb/v6-m/nofp\libc_nano.a(lib_a-strlen.o)
 .ARM.attributes
                0x0000000000000423       0x1e c:/st/stm32cubeide_1.9.0/stm32cubeide/plugins/com.st.stm32cube.ide.mcu.externaltools.gnu-tools-for-stm32.10.3-2021.10.win32_1.0.0.202111181127/tools/bin/../lib/gcc/arm-none-eabi/10.3.1/thumb/v6-m/nofp\libgcc.a(_udivsi3.o)
 .ARM.attributes
                0x0000000000000441       0x1e c:/st/stm32cubeide_1.9.0/stm32cubeide/plugins/com.st.stm32cube.ide.mcu.externaltools.gnu-tools-for-stm32.10.3-2021.10.win32_1.0.0.202111181127/tools/bin/../lib/gcc/arm-none-eabi/10.3.1/thumb/v6-m/nofp\libgcc.a(_dvmd_tls.o)
 .ARM.attributes
                0x000000000000045f       0x1e c:/st/stm32cubeide_1.9.0/stm32cubeide/plugins/com.st.stm32cube.ide.mcu.externaltools.gnu-tools-for-stm32.10.3-2021.10.win32_1.0.0.202111181127/tools/bin/../lib/gcc/arm-none-eabi/10.3.1/thumb/v6-m/nofp/crtn.o
OUTPUT(audio_usb_test.elf elf32-littlearm)
LOAD linker stubs
LOAD c:/st/stm32cubeide_1.9.0/stm32cubeide/plugins/com.st.stm32cube.ide.mcu.externaltools.gnu-tools-for-stm32.10.3-2021.10.win32_1.0.0.202111181127/tools/bin/../lib/gcc/arm-none-eabi/10.3.1/../../../../arm-none-eabi/lib/thumb/v6-m/nofp\libc.a
LOAD c:/st/stm32cubeide_1.9.0/stm32cubeide/plugins/com.st.stm32cube.ide.mcu.externaltools.gnu-tools-for-stm32.10.3-2021.10.win32_1.0.0.202111181127/tools/bin/../lib/gcc/arm-none-eabi/10.3.1/../../../../arm-none-eabi/lib/thumb/v6-m/nofp\libm.a
LOAD c:/st/stm32cubeide_1.9.0/stm32cubeide/plugins/com.st.stm32cube.ide.mcu.externaltools.gnu-tools-for-stm32.10.3-2021.10.win32_1.0.0.202111181127/tools/bin/../lib/gcc/arm-none-eabi/10.3.1/thumb/v6-m/nofp\libgcc.a

.debug_info     0x0000000000000000     0xe6eb
 .debug_info    0x0000000000000000     0x103f ./Core/Src/main.o
 .debug_info    0x000000000000103f      0xd54 ./Core/Src/stm32f0xx_hal_msp.o
 .debug_info    0x0000000000001d93      0x124 ./Core/Src/stm32f0xx_it.o
 .debug_info    0x0000000000001eb7      0x269 ./Core/Src/system_stm32f0xx.o
 .debug_info    0x0000000000002120      0x618 ./Core/Src/usb_descriptors.o
 .debug_info    0x0000000000002738       0x22 ./Core/Startup/startup_stm32f042k6tx.o
 .debug_info    0x000000000000275a      0x6d3 ./Drivers/STM32F0xx_HAL_Driver/Src/stm32f0xx_hal.o
 .debug_info    0x0000000000002e2d      0x705 ./Drivers/STM32F0xx_HAL_Driver/Src/stm32f0xx_hal_cortex.o
 .debug_info    0x0000000000003532     0x169e ./Drivers/STM32F0xx_HAL_Driver/Src/stm32f0xx_hal_pcd.o
 .debug_info    0x0000000000004bd0      0x88f ./Drivers/STM32F0xx_HAL_Driver/Src/stm32f0xx_hal_pcd_ex.o
 .debug_info    0x000000000000545f      0x8ac ./Drivers/STM32F0xx_HAL_Driver/Src/stm32f0xx_hal_rcc.o
 .debug_info    0x0000000000005d0b      0x640 ./Drivers/STM32F0xx_HAL_Driver/Src/stm32f0xx_hal_rcc_ex.o
 .debug_info    0x000000000000634b     0x1676 ./Drivers/STM32F0xx_HAL_Driver/Src/stm32f0xx_ll_usb.o
 .debug_info    0x00000000000079c1     0x11bf ./src/class/cdc/cdc_device.o
 .debug_info    0x0000000000008b80     0x119c ./src/common/tusb_fifo.o
 .debug_info    0x0000000000009d1c     0x219b ./src/device/usbd.o
 .debug_info    0x000000000000beb7      0x626 ./src/device/usbd_control.o
 .debug_info    0x000000000000c4dd     0x1a97 ./src/portable/st/stm32_fsdev/dcd_stm32_fsdev.o
 .debug_info    0x000000000000df74      0x777 ./src/tusb.o

.debug_abbrev   0x0000000000000000     0x2c52
 .debug_abbrev  0x0000000000000000      0x30e ./Core/Src/main.o
 .debug_abbrev  0x000000000000030e      0x1d0 ./Core/Src/stm32f0xx_hal_msp.o
 .debug_abbrev  0x00000000000004de       0x9f ./Core/Src/stm32f0xx_it.o
 .debug_abbrev  0x000000000000057d      0x116 ./Core/Src/system_stm32f0xx.o
 .debug_abbrev  0x0000000000000693      0x17a ./Core/Src/usb_descriptors.o
 .debug_abbrev  0x000000000000080d       0x12 ./Core/Startup/startup_stm32f042k6tx.o
 .debug_abbrev  0x000000000000081f      0x23f ./Drivers/STM32F0xx_HAL_Driver/Src/stm32f0xx_hal.o
 .debug_abbrev  0x0000000000000a5e      0x283 ./Drivers/STM32F0xx_HAL_Driver/Src/stm32f0xx_hal_cortex.o
 .debug_abbrev  0x0000000000000ce1      0x2a4 ./Drivers/STM32F0xx_HAL_Driver/Src/stm32f0xx_hal_pcd.o
 .debug_abbrev  0x0000000000000f85      0x21d ./Drivers/STM32F0xx_HAL_Driver/Src/stm32f0xx_hal_pcd_ex.o
 .debug_abbrev  0x00000000000011a2      0x283 ./Drivers/STM32F0xx_HAL_Driver/Src/stm32f0xx_hal_rcc.o
 .debug_abbrev  0x0000000000001425      0x1d0 ./Drivers/STM32F0xx_HAL_Driver/Src/stm32f0xx_hal_rcc_ex.o
 .debug_abbrev  0x00000000000015f5      0x22f ./Drivers/STM32F0xx_HAL_Driver/Src/stm32f0xx_ll_usb.o
 .debug_abbrev  0x0000000000001824      0x3d9 ./src/class/cdc/cdc_device.o
 .debug_abbrev  0x0000000000001bfd      0x300 ./src/common/tusb_fifo.o
 .debug_abbrev  0x0000000000001efd      0x4a5 ./src/device/usbd.o
 .debug_abbrev  0x00000000000023a2      0x2a9 ./src/device/usbd_control.o
 .debug_abbrev  0x000000000000264b      0x3be ./src/portable/st/stm32_fsdev/dcd_stm32_fsdev.o
 .debug_abbrev  0x0000000000002a09      0x249 ./src/tusb.o

.debug_aranges  0x0000000000000000      0xcb0
 .debug_aranges
                0x0000000000000000       0x80 ./Core/Src/main.o
 .debug_aranges
                0x0000000000000080       0x40 ./Core/Src/stm32f0xx_hal_msp.o
 .debug_aranges
                0x00000000000000c0       0x48 ./Core/Src/stm32f0xx_it.o
 .debug_aranges
                0x0000000000000108       0x28 ./Core/Src/system_stm32f0xx.o
 .debug_aranges
                0x0000000000000130       0x30 ./Core/Src/usb_descriptors.o
 .debug_aranges
                0x0000000000000160       0x28 ./Core/Startup/startup_stm32f042k6tx.o
 .debug_aranges
                0x0000000000000188       0xd0 ./Drivers/STM32F0xx_HAL_Driver/Src/stm32f0xx_hal.o
 .debug_aranges
                0x0000000000000258       0xc0 ./Drivers/STM32F0xx_HAL_Driver/Src/stm32f0xx_hal_cortex.o
 .debug_aranges
                0x0000000000000318      0x130 ./Drivers/STM32F0xx_HAL_Driver/Src/stm32f0xx_hal_pcd.o
 .debug_aranges
                0x0000000000000448       0x58 ./Drivers/STM32F0xx_HAL_Driver/Src/stm32f0xx_hal_pcd_ex.o
 .debug_aranges
                0x00000000000004a0       0x80 ./Drivers/STM32F0xx_HAL_Driver/Src/stm32f0xx_hal_rcc.o
 .debug_aranges
                0x0000000000000520       0x78 ./Drivers/STM32F0xx_HAL_Driver/Src/stm32f0xx_hal_rcc_ex.o
 .debug_aranges
                0x0000000000000598       0xb0 ./Drivers/STM32F0xx_HAL_Driver/Src/stm32f0xx_ll_usb.o
 .debug_aranges
                0x0000000000000648       0xc0 ./src/class/cdc/cdc_device.o
 .debug_aranges
                0x0000000000000708      0x160 ./src/common/tusb_fifo.o
 .debug_aranges
                0x0000000000000868      0x190 ./src/device/usbd.o
 .debug_aranges
                0x00000000000009f8       0x60 ./src/device/usbd_control.o
 .debug_aranges
                0x0000000000000a58      0x1d8 ./src/portable/st/stm32_fsdev/dcd_stm32_fsdev.o
 .debug_aranges
                0x0000000000000c30       0x80 ./src/tusb.o

.debug_ranges   0x0000000000000000      0xbc0
 .debug_ranges  0x0000000000000000       0x70 ./Core/Src/main.o
 .debug_ranges  0x0000000000000070       0x30 ./Core/Src/stm32f0xx_hal_msp.o
 .debug_ranges  0x00000000000000a0       0x38 ./Core/Src/stm32f0xx_it.o
 .debug_ranges  0x00000000000000d8       0x18 ./Core/Src/system_stm32f0xx.o
 .debug_ranges  0x00000000000000f0       0x20 ./Core/Src/usb_descriptors.o
 .debug_ranges  0x0000000000000110       0x20 ./Core/Startup/startup_stm32f042k6tx.o
 .debug_ranges  0x0000000000000130       0xc0 ./Drivers/STM32F0xx_HAL_Driver/Src/stm32f0xx_hal.o
 .debug_ranges  0x00000000000001f0       0xb0 ./Drivers/STM32F0xx_HAL_Driver/Src/stm32f0xx_hal_cortex.o
 .debug_ranges  0x00000000000002a0      0x120 ./Drivers/STM32F0xx_HAL_Driver/Src/stm32f0xx_hal_pcd.o
 .debug_ranges  0x00000000000003c0       0x48 ./Drivers/STM32F0xx_HAL_Driver/Src/stm32f0xx_hal_pcd_ex.o
 .debug_ranges  0x0000000000000408       0x70 ./Drivers/STM32F0xx_HAL_Driver/Src/stm32f0xx_hal_rcc.o
 .debug_ranges  0x0000000000000478       0x68 ./Drivers/STM32F0xx_HAL_Driver/Src/stm32f0xx_hal_rcc_ex.o
 .debug_ranges  0x00000000000004e0       0xa0 ./Drivers/STM32F0xx_HAL_Driver/Src/stm32f0xx_ll_usb.o
 .debug_ranges  0x0000000000000580       0xb0 ./src/class/cdc/cdc_device.o
 .debug_ranges  0x0000000000000630      0x150 ./src/common/tusb_fifo.o
 .debug_ranges  0x0000000000000780      0x1b8 ./src/device/usbd.o
 .debug_ranges  0x0000000000000938       0x50 ./src/device/usbd_control.o
 .debug_ranges  0x0000000000000988      0x1c8 ./src/portable/st/stm32_fsdev/dcd_stm32_fsdev.o
 .debug_ranges  0x0000000000000b50       0x70 ./src/tusb.o

.debug_macro    0x0000000000000000    0x1abcc
 .debug_macro   0x0000000000000000      0x435 ./Core/Src/main.o
 .debug_macro   0x0000000000000435      0xa4e ./Core/Src/main.o
 .debug_macro   0x0000000000000e83      0x133 ./Core/Src/main.o
 .debug_macro   0x0000000000000fb6       0x2e ./Core/Src/main.o
 .debug_macro   0x0000000000000fe4       0x22 ./Core/Src/main.o
 .debug_macro   0x0000000000001006       0x22 ./Core/Src/main.o
 .debug_macro   0x0000000000001028       0x8e ./Core/Src/main.o
 .debug_macro   0x00000000000010b6       0x51 ./Core/Src/main.o
 .debug_macro   0x0000000000001107      0x103 ./Core/Src/main.o
 .debug_macro   0x000000000000120a       0x6a ./Core/Src/main.o
 .debug_macro   0x0000000000001274      0x1df ./Core/Src/main.o
 .debug_macro   0x0000000000001453       0x1c ./Core/Src/main.o
 .debug_macro   0x000000000000146f       0x22 ./Core/Src/main.o
 .debug_macro   0x0000000000001491       0xaf ./Core/Src/main.o
 .debug_macro   0x0000000000001540      0x391 ./Core/Src/main.o
 .debug_macro   0x00000000000018d1     0xf1ed ./Core/Src/main.o
 .debug_macro   0x0000000000010abe       0x66 ./Core/Src/main.o
 .debug_macro   0x0000000000010b24     0x34a6 ./Core/Src/main.o
 .debug_macro   0x0000000000013fca      0x174 ./Core/Src/main.o
 .debug_macro   0x000000000001413e       0x55 ./Core/Src/main.o
 .debug_macro   0x0000000000014193      0x946 ./Core/Src/main.o
 .debug_macro   0x0000000000014ad9      0x46b ./Core/Src/main.o
 .debug_macro   0x0000000000014f44      0x1af ./Core/Src/main.o
 .debug_macro   0x00000000000150f3      0x130 ./Core/Src/main.o
 .debug_macro   0x0000000000015223      0x199 ./Core/Src/main.o
 .debug_macro   0x00000000000153bc      0x1ed ./Core/Src/main.o
 .debug_macro   0x00000000000155a9       0x34 ./Core/Src/main.o
 .debug_macro   0x00000000000155dd       0x43 ./Core/Src/main.o
 .debug_macro   0x0000000000015620       0x28 ./Core/Src/main.o
 .debug_macro   0x0000000000015648       0xb0 ./Core/Src/main.o
 .debug_macro   0x00000000000156f8      0x182 ./Core/Src/main.o
 .debug_macro   0x000000000001587a      0x22c ./Core/Src/main.o
 .debug_macro   0x0000000000015aa6       0x61 ./Core/Src/main.o
 .debug_macro   0x0000000000015b07       0xa5 ./Core/Src/main.o
 .debug_macro   0x0000000000015bac      0x1b5 ./Core/Src/main.o
 .debug_macro   0x0000000000015d61       0x65 ./Core/Src/main.o
 .debug_macro   0x0000000000015dc6      0x234 ./Core/Src/main.o
 .debug_macro   0x0000000000015ffa       0x4c ./Core/Src/main.o
 .debug_macro   0x0000000000016046      0x15b ./Core/Src/main.o
 .debug_macro   0x00000000000161a1      0x12e ./Core/Src/main.o
 .debug_macro   0x00000000000162cf       0x6a ./Core/Src/main.o
 .debug_macro   0x0000000000016339       0x22 ./Core/Src/main.o
 .debug_macro   0x000000000001635b       0x52 ./Core/Src/main.o
 .debug_macro   0x00000000000163ad       0x18 ./Core/Src/main.o
 .debug_macro   0x00000000000163c5       0x3c ./Core/Src/main.o
 .debug_macro   0x0000000000016401       0x34 ./Core/Src/main.o
 .debug_macro   0x0000000000016435       0x16 ./Core/Src/main.o
 .debug_macro   0x000000000001644b       0x43 ./Core/Src/main.o
 .debug_macro   0x000000000001648e       0x34 ./Core/Src/main.o
 .debug_macro   0x00000000000164c2       0x10 ./Core/Src/main.o
 .debug_macro   0x00000000000164d2       0x58 ./Core/Src/main.o
 .debug_macro   0x000000000001652a       0x71 ./Core/Src/main.o
 .debug_macro   0x000000000001659b       0x1c ./Core/Src/main.o
 .debug_macro   0x00000000000165b7      0x12a ./Core/Src/main.o
 .debug_macro   0x00000000000166e1      0x341 ./Core/Src/main.o
 .debug_macro   0x0000000000016a22       0x10 ./Core/Src/main.o
 .debug_macro   0x0000000000016a32       0x35 ./Core/Src/main.o
 .debug_macro   0x0000000000016a67       0x20 ./Core/Src/main.o
 .debug_macro   0x0000000000016a87       0x1c ./Core/Src/main.o
 .debug_macro   0x0000000000016aa3       0x10 ./Core/Src/main.o
 .debug_macro   0x0000000000016ab3       0x10 ./Core/Src/main.o
 .debug_macro   0x0000000000016ac3       0x1c ./Core/Src/main.o
 .debug_macro   0x0000000000016adf       0x52 ./Core/Src/main.o
 .debug_macro   0x0000000000016b31       0x22 ./Core/Src/main.o
 .debug_macro   0x0000000000016b53       0x10 ./Core/Src/main.o
 .debug_macro   0x0000000000016b63       0x52 ./Core/Src/main.o
 .debug_macro   0x0000000000016bb5       0xd5 ./Core/Src/main.o
 .debug_macro   0x0000000000016c8a       0x1c ./Core/Src/main.o
 .debug_macro   0x0000000000016ca6       0x3d ./Core/Src/main.o
 .debug_macro   0x0000000000016ce3       0x16 ./Core/Src/main.o
 .debug_macro   0x0000000000016cf9      0x145 ./Core/Src/main.o
 .debug_macro   0x0000000000016e3e      0x13f ./Core/Src/main.o
 .debug_macro   0x0000000000016f7d      0x1eb ./Core/Src/main.o
 .debug_macro   0x0000000000017168       0x70 ./Core/Src/main.o
 .debug_macro   0x00000000000171d8       0x1d ./Core/Src/main.o
 .debug_macro   0x00000000000171f5      0x107 ./Core/Src/main.o
 .debug_macro   0x00000000000172fc       0x63 ./Core/Src/main.o
 .debug_macro   0x000000000001735f       0x11 ./Core/Src/main.o
 .debug_macro   0x0000000000017370       0xc7 ./Core/Src/main.o
 .debug_macro   0x0000000000017437       0x25 ./Core/Src/main.o
 .debug_macro   0x000000000001745c       0x1c ./Core/Src/main.o
 .debug_macro   0x0000000000017478       0x1c ./Core/Src/main.o
 .debug_macro   0x0000000000017494      0x6cb ./Core/Src/main.o
 .debug_macro   0x0000000000017b5f      0x37b ./Core/Src/main.o
 .debug_macro   0x0000000000017eda       0x18 ./Core/Src/main.o
 .debug_macro   0x0000000000017ef2      0x1d2 ./Core/Src/stm32f0xx_hal_msp.o
 .debug_macro   0x00000000000180c4      0x43f ./Core/Src/stm32f0xx_it.o
 .debug_macro   0x0000000000018503      0x1c8 ./Core/Src/system_stm32f0xx.o
 .debug_macro   0x00000000000186cb      0x30d ./Core/Src/usb_descriptors.o
 .debug_macro   0x00000000000189d8      0x1ec ./Drivers/STM32F0xx_HAL_Driver/Src/stm32f0xx_hal.o
 .debug_macro   0x0000000000018bc4      0x1c8 ./Drivers/STM32F0xx_HAL_Driver/Src/stm32f0xx_hal_cortex.o
 .debug_macro   0x0000000000018d8c      0x1d4 ./Drivers/STM32F0xx_HAL_Driver/Src/stm32f0xx_hal_pcd.o
 .debug_macro   0x0000000000018f60      0x1c8 ./Drivers/STM32F0xx_HAL_Driver/Src/stm32f0xx_hal_pcd_ex.o
 .debug_macro   0x0000000000019128      0x1da ./Drivers/STM32F0xx_HAL_Driver/Src/stm32f0xx_hal_rcc.o
 .debug_macro   0x0000000000019302      0x1da ./Drivers/STM32F0xx_HAL_Driver/Src/stm32f0xx_hal_rcc_ex.o
 .debug_macro   0x00000000000194dc      0x1c8 ./Drivers/STM32F0xx_HAL_Driver/Src/stm32f0xx_ll_usb.o
 .debug_macro   0x00000000000196a4      0x2c0 ./src/class/cdc/cdc_device.o
 .debug_macro   0x0000000000019964      0x375 ./src/class/cdc/cdc_device.o
 .debug_macro   0x0000000000019cd9       0x22 ./src/class/cdc/cdc_device.o
 .debug_macro   0x0000000000019cfb      0x2a4 ./src/common/tusb_fifo.o
 .debug_macro   0x0000000000019f9f      0x309 ./src/device/usbd.o
 .debug_macro   0x000000000001a2a8       0x10 ./src/device/usbd.o
 .debug_macro   0x000000000001a2b8      0x2e2 ./src/device/usbd_control.o
 .debug_macro   0x000000000001a59a      0x326 ./src/portable/st/stm32_fsdev/dcd_stm32_fsdev.o
 .debug_macro   0x000000000001a8c0       0x25 ./src/portable/st/stm32_fsdev/dcd_stm32_fsdev.o
 .debug_macro   0x000000000001a8e5      0x2e7 ./src/tusb.o

.debug_line     0x0000000000000000     0xe4a0
 .debug_line    0x0000000000000000      0xd2e ./Core/Src/main.o
 .debug_line    0x0000000000000d2e      0x752 ./Core/Src/stm32f0xx_hal_msp.o
 .debug_line    0x0000000000001480      0xbea ./Core/Src/stm32f0xx_it.o
 .debug_line    0x000000000000206a      0x755 ./Core/Src/system_stm32f0xx.o
 .debug_line    0x00000000000027bf      0x8d3 ./Core/Src/usb_descriptors.o
 .debug_line    0x0000000000003092       0x9b ./Core/Startup/startup_stm32f042k6tx.o
 .debug_line    0x000000000000312d      0x948 ./Drivers/STM32F0xx_HAL_Driver/Src/stm32f0xx_hal.o
 .debug_line    0x0000000000003a75      0x9f4 ./Drivers/STM32F0xx_HAL_Driver/Src/stm32f0xx_hal_cortex.o
 .debug_line    0x0000000000004469     0x12cb ./Drivers/STM32F0xx_HAL_Driver/Src/stm32f0xx_hal_pcd.o
 .debug_line    0x0000000000005734      0x842 ./Drivers/STM32F0xx_HAL_Driver/Src/stm32f0xx_hal_pcd_ex.o
 .debug_line    0x0000000000005f76      0xdd7 ./Drivers/STM32F0xx_HAL_Driver/Src/stm32f0xx_hal_rcc.o
 .debug_line    0x0000000000006d4d      0xb86 ./Drivers/STM32F0xx_HAL_Driver/Src/stm32f0xx_hal_rcc_ex.o
 .debug_line    0x00000000000078d3      0xefb ./Drivers/STM32F0xx_HAL_Driver/Src/stm32f0xx_ll_usb.o
 .debug_line    0x00000000000087ce      0xe2a ./src/class/cdc/cdc_device.o
 .debug_line    0x00000000000095f8      0xfc7 ./src/common/tusb_fifo.o
 .debug_line    0x000000000000a5bf     0x150d ./src/device/usbd.o
 .debug_line    0x000000000000bacc      0xa4f ./src/device/usbd_control.o
 .debug_line    0x000000000000c51b     0x1485 ./src/portable/st/stm32_fsdev/dcd_stm32_fsdev.o
 .debug_line    0x000000000000d9a0      0xb00 ./src/tusb.o

.debug_str      0x0000000000000000    0x97821
 .debug_str     0x0000000000000000    0x930d4 ./Core/Src/main.o
                                      0x933d9 (size before relaxing)
 .debug_str     0x00000000000930d4      0x100 ./Core/Src/stm32f0xx_hal_msp.o
                                      0x839af (size before relaxing)
 .debug_str     0x00000000000931d4       0x91 ./Core/Src/stm32f0xx_it.o
                                      0x9299d (size before relaxing)
 .debug_str     0x0000000000093265       0x8b ./Core/Src/system_stm32f0xx.o
                                      0x83285 (size before relaxing)
 .debug_str     0x00000000000932f0      0xdf8 ./Core/Src/usb_descriptors.o
                                      0x143d8 (size before relaxing)
 .debug_str     0x00000000000940e8       0x36 ./Core/Startup/startup_stm32f042k6tx.o
                                         0x7b (size before relaxing)
 .debug_str     0x000000000009411e      0x4de ./Drivers/STM32F0xx_HAL_Driver/Src/stm32f0xx_hal.o
                                      0x83834 (size before relaxing)
 .debug_str     0x00000000000945fc      0x1a0 ./Drivers/STM32F0xx_HAL_Driver/Src/stm32f0xx_hal_cortex.o
                                      0x83625 (size before relaxing)
 .debug_str     0x000000000009479c      0x507 ./Drivers/STM32F0xx_HAL_Driver/Src/stm32f0xx_hal_pcd.o
                                      0x83b1d (size before relaxing)
 .debug_str     0x0000000000094ca3      0x17e ./Drivers/STM32F0xx_HAL_Driver/Src/stm32f0xx_hal_pcd_ex.o
                                      0x83798 (size before relaxing)
 .debug_str     0x0000000000094e21      0x21a ./Drivers/STM32F0xx_HAL_Driver/Src/stm32f0xx_hal_rcc.o
                                      0x836cc (size before relaxing)
 .debug_str     0x000000000009503b      0x2e2 ./Drivers/STM32F0xx_HAL_Driver/Src/stm32f0xx_hal_rcc_ex.o
                                      0x8366f (size before relaxing)
 .debug_str     0x000000000009531d       0xd8 ./Drivers/STM32F0xx_HAL_Driver/Src/stm32f0xx_ll_usb.o
                                      0x83669 (size before relaxing)
 .debug_str     0x00000000000953f5      0xb6a ./src/class/cdc/cdc_device.o
                                      0x11edc (size before relaxing)
 .debug_str     0x0000000000095f5f      0x3e0 ./src/common/tusb_fifo.o
                                       0xa775 (size before relaxing)
 .debug_str     0x000000000009633f      0xd49 ./src/device/usbd.o
                                      0x14af7 (size before relaxing)
 .debug_str     0x0000000000097088       0xff ./src/device/usbd_control.o
                                      0x13999 (size before relaxing)
 .debug_str     0x0000000000097187      0x61d ./src/portable/st/stm32_fsdev/dcd_stm32_fsdev.o
                                      0x5cefd (size before relaxing)
 .debug_str     0x00000000000977a4       0x7d ./src/tusb.o
                                      0x13bd4 (size before relaxing)

.comment        0x0000000000000000       0x50
 .comment       0x0000000000000000       0x50 ./Core/Src/main.o
                                         0x51 (size before relaxing)
 .comment       0x0000000000000050       0x51 ./Core/Src/stm32f0xx_hal_msp.o
 .comment       0x0000000000000050       0x51 ./Core/Src/stm32f0xx_it.o
 .comment       0x0000000000000050       0x51 ./Core/Src/system_stm32f0xx.o
 .comment       0x0000000000000050       0x51 ./Core/Src/usb_descriptors.o
 .comment       0x0000000000000050       0x51 ./Drivers/STM32F0xx_HAL_Driver/Src/stm32f0xx_hal.o
 .comment       0x0000000000000050       0x51 ./Drivers/STM32F0xx_HAL_Driver/Src/stm32f0xx_hal_cortex.o
 .comment       0x0000000000000050       0x51 ./Drivers/STM32F0xx_HAL_Driver/Src/stm32f0xx_hal_pcd.o
 .comment       0x0000000000000050       0x51 ./Drivers/STM32F0xx_HAL_Driver/Src/stm32f0xx_hal_pcd_ex.o
 .comment       0x0000000000000050       0x51 ./Drivers/STM32F0xx_HAL_Driver/Src/stm32f0xx_hal_rcc.o
 .comment       0x0000000000000050       0x51 ./Drivers/STM32F0xx_HAL_Driver/Src/stm32f0xx_hal_rcc_ex.o
 .comment       0x0000000000000050       0x51 ./Drivers/STM32F0xx_HAL_Driver/Src/stm32f0xx_ll_usb.o
 .comment       0x0000000000000050       0x51 ./src/class/cdc/cdc_device.o
 .comment       0x0000000000000050       0x51 ./src/common/tusb_fifo.o
 .comment       0x0000000000000050       0x51 ./src/device/usbd.o
 .comment       0x0000000000000050       0x51 ./src/device/usbd_control.o
 .comment       0x0000000000000050       0x51 ./src/portable/st/stm32_fsdev/dcd_stm32_fsdev.o
 .comment       0x0000000000000050       0x51 ./src/tusb.o

.debug_frame    0x0000000000000000     0x2cc4
 .debug_frame   0x0000000000000000      0x198 ./Core/Src/main.o
 .debug_frame   0x0000000000000198       0xb0 ./Core/Src/stm32f0xx_hal_msp.o
 .debug_frame   0x0000000000000248       0xb8 ./Core/Src/stm32f0xx_it.o
 .debug_frame   0x0000000000000300       0x4c ./Core/Src/system_stm32f0xx.o
 .debug_frame   0x000000000000034c       0x6c ./Core/Src/usb_descriptors.o
 .debug_frame   0x00000000000003b8      0x2a4 ./Drivers/STM32F0xx_HAL_Driver/Src/stm32f0xx_hal.o
 .debug_frame   0x000000000000065c      0x2a0 ./Drivers/STM32F0xx_HAL_Driver/Src/stm32f0xx_hal_cortex.o
 .debug_frame   0x00000000000008fc      0x478 ./Drivers/STM32F0xx_HAL_Driver/Src/stm32f0xx_hal_pcd.o
 .debug_frame   0x0000000000000d74      0x110 ./Drivers/STM32F0xx_HAL_Driver/Src/stm32f0xx_hal_pcd_ex.o
 .debug_frame   0x0000000000000e84      0x198 ./Drivers/STM32F0xx_HAL_Driver/Src/stm32f0xx_hal_rcc.o
 .debug_frame   0x000000000000101c      0x180 ./Drivers/STM32F0xx_HAL_Driver/Src/stm32f0xx_hal_rcc_ex.o
 .debug_frame   0x000000000000119c      0x278 ./Drivers/STM32F0xx_HAL_Driver/Src/stm32f0xx_ll_usb.o
 .debug_frame   0x0000000000001414      0x2c0 ./src/class/cdc/cdc_device.o
 .debug_frame   0x00000000000016d4      0x560 ./src/common/tusb_fifo.o
 .debug_frame   0x0000000000001c34      0x600 ./src/device/usbd.o
 .debug_frame   0x0000000000002234      0x12c ./src/device/usbd_control.o
 .debug_frame   0x0000000000002360      0x720 ./src/portable/st/stm32_fsdev/dcd_stm32_fsdev.o
 .debug_frame   0x0000000000002a80      0x1b0 ./src/tusb.o
 .debug_frame   0x0000000000002c30       0x2c c:/st/stm32cubeide_1.9.0/stm32cubeide/plugins/com.st.stm32cube.ide.mcu.externaltools.gnu-tools-for-stm32.10.3-2021.10.win32_1.0.0.202111181127/tools/bin/../lib/gcc/arm-none-eabi/10.3.1/../../../../arm-none-eabi/lib/thumb/v6-m/nofp\libc_nano.a(lib_a-init.o)
 .debug_frame   0x0000000000002c5c       0x28 c:/st/stm32cubeide_1.9.0/stm32cubeide/plugins/com.st.stm32cube.ide.mcu.externaltools.gnu-tools-for-stm32.10.3-2021.10.win32_1.0.0.202111181127/tools/bin/../lib/gcc/arm-none-eabi/10.3.1/../../../../arm-none-eabi/lib/thumb/v6-m/nofp\libc_nano.a(lib_a-memcpy-stub.o)
 .debug_frame   0x0000000000002c84       0x20 c:/st/stm32cubeide_1.9.0/stm32cubeide/plugins/com.st.stm32cube.ide.mcu.externaltools.gnu-tools-for-stm32.10.3-2021.10.win32_1.0.0.202111181127/tools/bin/../lib/gcc/arm-none-eabi/10.3.1/../../../../arm-none-eabi/lib/thumb/v6-m/nofp\libc_nano.a(lib_a-memset.o)
 .debug_frame   0x0000000000002ca4       0x20 c:/st/stm32cubeide_1.9.0/stm32cubeide/plugins/com.st.stm32cube.ide.mcu.externaltools.gnu-tools-for-stm32.10.3-2021.10.win32_1.0.0.202111181127/tools/bin/../lib/gcc/arm-none-eabi/10.3.1/thumb/v6-m/nofp\libgcc.a(_udivsi3.o)
