Archive member included to satisfy reference by file (symbol)

c:/st/stm32cubeide_1.9.0/stm32cubeide/plugins/com.st.stm32cube.ide.mcu.externaltools.gnu-tools-for-stm32.10.3-2021.10.win32_1.0.0.202111181127/tools/bin/../lib/gcc/arm-none-eabi/10.3.1/../../../../arm-none-eabi/lib/thumb/v6-m/nofp\libc_nano.a(lib_a-ctype_.o)
                              ./src/tusb.o (_ctype_)
c:/st/stm32cubeide_1.9.0/stm32cubeide/plugins/com.st.stm32cube.ide.mcu.externaltools.gnu-tools-for-stm32.10.3-2021.10.win32_1.0.0.202111181127/tools/bin/../lib/gcc/arm-none-eabi/10.3.1/../../../../arm-none-eabi/lib/thumb/v6-m/nofp\libc_nano.a(lib_a-errno.o)
                              ./Core/Src/syscalls.o (__errno)
c:/st/stm32cubeide_1.9.0/stm32cubeide/plugins/com.st.stm32cube.ide.mcu.externaltools.gnu-tools-for-stm32.10.3-2021.10.win32_1.0.0.202111181127/tools/bin/../lib/gcc/arm-none-eabi/10.3.1/../../../../arm-none-eabi/lib/thumb/v6-m/nofp\libc_nano.a(lib_a-exit.o)
                              c:/st/stm32cubeide_1.9.0/stm32cubeide/plugins/com.st.stm32cube.ide.mcu.externaltools.gnu-tools-for-stm32.10.3-2021.10.win32_1.0.0.202111181127/tools/bin/../lib/gcc/arm-none-eabi/10.3.1/../../../../arm-none-eabi/lib/thumb/v6-m/nofp/crt0.o (exit)
c:/st/stm32cubeide_1.9.0/stm32cubeide/plugins/com.st.stm32cube.ide.mcu.externaltools.gnu-tools-for-stm32.10.3-2021.10.win32_1.0.0.202111181127/tools/bin/../lib/gcc/arm-none-eabi/10.3.1/../../../../arm-none-eabi/lib/thumb/v6-m/nofp\libc_nano.a(lib_a-impure.o)
                              c:/st/stm32cubeide_1.9.0/stm32cubeide/plugins/com.st.stm32cube.ide.mcu.externaltools.gnu-tools-for-stm32.10.3-2021.10.win32_1.0.0.202111181127/tools/bin/../lib/gcc/arm-none-eabi/10.3.1/../../../../arm-none-eabi/lib/thumb/v6-m/nofp\libc_nano.a(lib_a-exit.o) (_global_impure_ptr)
c:/st/stm32cubeide_1.9.0/stm32cubeide/plugins/com.st.stm32cube.ide.mcu.externaltools.gnu-tools-for-stm32.10.3-2021.10.win32_1.0.0.202111181127/tools/bin/../lib/gcc/arm-none-eabi/10.3.1/../../../../arm-none-eabi/lib/thumb/v6-m/nofp\libc_nano.a(lib_a-init.o)
                              c:/st/stm32cubeide_1.9.0/stm32cubeide/plugins/com.st.stm32cube.ide.mcu.externaltools.gnu-tools-for-stm32.10.3-2021.10.win32_1.0.0.202111181127/tools/bin/../lib/gcc/arm-none-eabi/10.3.1/../../../../arm-none-eabi/lib/thumb/v6-m/nofp/crt0.o (__libc_init_array)
c:/st/stm32cubeide_1.9.0/stm32cubeide/plugins/com.st.stm32cube.ide.mcu.externaltools.gnu-tools-for-stm32.10.3-2021.10.win32_1.0.0.202111181127/tools/bin/../lib/gcc/arm-none-eabi/10.3.1/../../../../arm-none-eabi/lib/thumb/v6-m/nofp\libc_nano.a(lib_a-memcpy-stub.o)
                              ./Core/Src/usb_descriptors.o (memcpy)
c:/st/stm32cubeide_1.9.0/stm32cubeide/plugins/com.st.stm32cube.ide.mcu.externaltools.gnu-tools-for-stm32.10.3-2021.10.win32_1.0.0.202111181127/tools/bin/../lib/gcc/arm-none-eabi/10.3.1/../../../../arm-none-eabi/lib/thumb/v6-m/nofp\libc_nano.a(lib_a-memset.o)
                              c:/st/stm32cubeide_1.9.0/stm32cubeide/plugins/com.st.stm32cube.ide.mcu.externaltools.gnu-tools-for-stm32.10.3-2021.10.win32_1.0.0.202111181127/tools/bin/../lib/gcc/arm-none-eabi/10.3.1/../../../../arm-none-eabi/lib/thumb/v6-m/nofp/crt0.o (memset)
c:/st/stm32cubeide_1.9.0/stm32cubeide/plugins/com.st.stm32cube.ide.mcu.externaltools.gnu-tools-for-stm32.10.3-2021.10.win32_1.0.0.202111181127/tools/bin/../lib/gcc/arm-none-eabi/10.3.1/../../../../arm-none-eabi/lib/thumb/v6-m/nofp\libc_nano.a(lib_a-printf.o)
                              ./Core/Src/main.o (printf)
c:/st/stm32cubeide_1.9.0/stm32cubeide/plugins/com.st.stm32cube.ide.mcu.externaltools.gnu-tools-for-stm32.10.3-2021.10.win32_1.0.0.202111181127/tools/bin/../lib/gcc/arm-none-eabi/10.3.1/../../../../arm-none-eabi/lib/thumb/v6-m/nofp\libc_nano.a(lib_a-putchar.o)
                              ./src/tusb.o (putchar)
c:/st/stm32cubeide_1.9.0/stm32cubeide/plugins/com.st.stm32cube.ide.mcu.externaltools.gnu-tools-for-stm32.10.3-2021.10.win32_1.0.0.202111181127/tools/bin/../lib/gcc/arm-none-eabi/10.3.1/../../../../arm-none-eabi/lib/thumb/v6-m/nofp\libc_nano.a(lib_a-puts.o)
                              ./Core/Src/main.o (puts)
c:/st/stm32cubeide_1.9.0/stm32cubeide/plugins/com.st.stm32cube.ide.mcu.externaltools.gnu-tools-for-stm32.10.3-2021.10.win32_1.0.0.202111181127/tools/bin/../lib/gcc/arm-none-eabi/10.3.1/../../../../arm-none-eabi/lib/thumb/v6-m/nofp\libc_nano.a(lib_a-strlen.o)
                              ./Core/Src/usb_descriptors.o (strlen)
c:/st/stm32cubeide_1.9.0/stm32cubeide/plugins/com.st.stm32cube.ide.mcu.externaltools.gnu-tools-for-stm32.10.3-2021.10.win32_1.0.0.202111181127/tools/bin/../lib/gcc/arm-none-eabi/10.3.1/../../../../arm-none-eabi/lib/thumb/v6-m/nofp\libc_nano.a(lib_a-wbuf.o)
[...]
Memory Configuration

Name             Origin             Length             Attributes
RAM              0x0000000020000000 0x0000000000001800 xrw
FLASH            0x0000000008000000 0x0000000000008000 xr
*default*        0x0000000000000000 0xffffffffffffffff

Linker script and memory map

LOAD c:/st/stm32cubeide_1.9.0/stm32cubeide/plugins/com.st.stm32cube.ide.mcu.externaltools.gnu-tools-for-stm32.10.3-2021.10.win32_1.0.0.202111181127/tools/bin/../lib/gcc/arm-none-eabi/10.3.1/thumb/v6-m/nofp/crti.o
LOAD c:/st/stm32cubeide_1.9.0/stm32cubeide/plugins/com.st.stm32cube.ide.mcu.externaltools.gnu-tools-for-stm32.10.3-2021.10.win32_1.0.0.202111181127/tools/bin/../lib/gcc/arm-none-eabi/10.3.1/thumb/v6-m/nofp/crtbegin.o
LOAD c:/st/stm32cubeide_1.9.0/stm32cubeide/plugins/com.st.stm32cube.ide.mcu.externaltools.gnu-tools-for-stm32.10.3-2021.10.win32_1.0.0.202111181127/tools/bin/../lib/gcc/arm-none-eabi/10.3.1/../../../../arm-none-eabi/lib/thumb/v6-m/nofp/crt0.o
LOAD ./Core/Src/main.o
LOAD ./Core/Src/stm32f0xx_hal_msp.o
LOAD ./Core/Src/stm32f0xx_it.o
LOAD ./Core/Src/syscalls.o
LOAD ./Core/Src/sysmem.o
LOAD ./Core/Src/system_stm32f0xx.o
LOAD ./Core/Src/usb_descriptors.o
LOAD ./Core/Startup/startup_stm32f042k6tx.o
LOAD ./Drivers/STM32F0xx_HAL_Driver/Src/stm32f0xx_hal.o
LOAD ./Drivers/STM32F0xx_HAL_Driver/Src/stm32f0xx_hal_cortex.o
LOAD ./Drivers/STM32F0xx_HAL_Driver/Src/stm32f0xx_hal_dma.o
LOAD ./Drivers/STM32F0xx_HAL_Driver/Src/stm32f0xx_hal_exti.o
LOAD ./Drivers/STM32F0xx_HAL_Driver/Src/stm32f0xx_hal_flash.o
LOAD ./Drivers/STM32F0xx_HAL_Driver/Src/stm32f0xx_hal_flash_ex.o
LOAD ./Drivers/STM32F0xx_HAL_Driver/Src/stm32f0xx_hal_gpio.o
LOAD ./Drivers/STM32F0xx_HAL_Driver/Src/stm32f0xx_hal_i2c.o
LOAD ./Drivers/STM32F0xx_HAL_Driver/Src/stm32f0xx_hal_i2c_ex.o
LOAD ./Drivers/STM32F0xx_HAL_Driver/Src/stm32f0xx_hal_i2s.o
LOAD ./Drivers/STM32F0xx_HAL_Driver/Src/stm32f0xx_hal_pcd.o
LOAD ./Drivers/STM32F0xx_HAL_Driver/Src/stm32f0xx_hal_pcd_ex.o
LOAD ./Drivers/STM32F0xx_HAL_Driver/Src/stm32f0xx_hal_pwr.o
LOAD ./Drivers/STM32F0xx_HAL_Driver/Src/stm32f0xx_hal_pwr_ex.o
LOAD ./Drivers/STM32F0xx_HAL_Driver/Src/stm32f0xx_hal_rcc.o
LOAD ./Drivers/STM32F0xx_HAL_Driver/Src/stm32f0xx_hal_rcc_ex.o
LOAD ./Drivers/STM32F0xx_HAL_Driver/Src/stm32f0xx_hal_tim.o
LOAD ./Drivers/STM32F0xx_HAL_Driver/Src/stm32f0xx_hal_tim_ex.o
LOAD ./Drivers/STM32F0xx_HAL_Driver/Src/stm32f0xx_hal_uart.o
LOAD ./Drivers/STM32F0xx_HAL_Driver/Src/stm32f0xx_hal_uart_ex.o
LOAD ./Drivers/STM32F0xx_HAL_Driver/Src/stm32f0xx_ll_usb.o
LOAD ./src/class/audio/audio_device.o
LOAD ./src/class/bth/bth_device.o
LOAD ./src/class/cdc/cdc_device.o
LOAD ./src/class/cdc/cdc_host.o
LOAD ./src/class/cdc/cdc_rndis_host.o
LOAD ./src/class/dfu/dfu_device.o
LOAD ./src/class/dfu/dfu_rt_device.o
LOAD ./src/class/hid/hid_device.o
LOAD ./src/class/hid/hid_host.o
LOAD ./src/class/midi/midi_device.o
LOAD ./src/class/msc/msc_device.o
LOAD ./src/class/msc/msc_host.o
LOAD ./src/class/net/ecm_rndis_device.o
LOAD ./src/class/net/ncm_device.o
LOAD ./src/class/usbtmc/usbtmc_device.o
LOAD ./src/class/vendor/vendor_device.o
LOAD ./src/class/vendor/vendor_host.o
LOAD ./src/class/video/video_device.o
LOAD ./src/common/tusb_fifo.o
LOAD ./src/device/usbd.o
LOAD ./src/device/usbd_control.o
LOAD ./src/host/hub.o
LOAD ./src/host/usbh.o
LOAD ./src/portable/bridgetek/ft9xx/dcd_ft9xx.o
LOAD ./src/portable/broadcom/synopsys/dcd_synopsys.o
LOAD ./src/portable/chipidea/ci_hs/dcd_ci_hs.o
LOAD ./src/portable/chipidea/ci_hs/hcd_ci_hs.o
LOAD ./src/portable/dialog/da146xx/dcd_da146xx.o
LOAD ./src/portable/ehci/ehci.o
LOAD ./src/portable/espressif/esp32sx/dcd_esp32sx.o
LOAD ./src/portable/mentor/musb/dcd_musb.o
LOAD ./src/portable/mentor/musb/hcd_musb.o
LOAD ./src/portable/microchip/pic32mz/dcd_pic32mz.o
LOAD ./src/portable/microchip/samd/dcd_samd.o
LOAD ./src/portable/microchip/samg/dcd_samg.o
LOAD ./src/portable/microchip/samx7x/dcd_samx7x.o
LOAD ./src/portable/mindmotion/mm32/dcd_mm32f327x_otg.o
LOAD ./src/portable/nordic/nrf5x/dcd_nrf5x.o
LOAD ./src/portable/nuvoton/nuc120/dcd_nuc120.o
LOAD ./src/portable/nuvoton/nuc121/dcd_nuc121.o
LOAD ./src/portable/nuvoton/nuc505/dcd_nuc505.o
LOAD ./src/portable/nxp/khci/dcd_khci.o
LOAD ./src/portable/nxp/khci/hcd_khci.o
LOAD ./src/portable/nxp/lpc17_40/dcd_lpc17_40.o
LOAD ./src/portable/nxp/lpc17_40/hcd_lpc17_40.o
LOAD ./src/portable/nxp/lpc_ip3511/dcd_lpc_ip3511.o
LOAD ./src/portable/nxp/transdimension/dcd_transdimension.o
LOAD ./src/portable/nxp/transdimension/hcd_transdimension.o
LOAD ./src/portable/ohci/ohci.o
LOAD ./src/portable/raspberrypi/rp2040/dcd_rp2040.o
LOAD ./src/portable/raspberrypi/rp2040/hcd_rp2040.o
LOAD ./src/portable/raspberrypi/rp2040/rp2040_usb.o
LOAD ./src/portable/renesas/usba/dcd_usba.o
LOAD ./src/portable/renesas/usba/hcd_usba.o
LOAD ./src/portable/sony/cxd56/dcd_cxd56.o
LOAD ./src/portable/st/stm32_fsdev/dcd_stm32_fsdev.o
LOAD ./src/portable/st/synopsys/dcd_synopsys.o
LOAD ./src/portable/sunxi/dcd_sunxi_musb.o
LOAD ./src/portable/synopsys/dwc2/dcd_dwc2.o
LOAD ./src/portable/template/dcd_template.o
LOAD ./src/portable/ti/msp430x5xx/dcd_msp430x5xx.o
LOAD ./src/portable/valentyusb/eptri/dcd_eptri.o
LOAD ./src/tusb.o
START GROUP
LOAD c:/st/stm32cubeide_1.9.0/stm32cubeide/plugins/com.st.stm32cube.ide.mcu.externaltools.gnu-tools-for-stm32.10.3-2021.10.win32_1.0.0.202111181127/tools/bin/../lib/gcc/arm-none-eabi/10.3.1/../../../../arm-none-eabi/lib/thumb/v6-m/nofp\libc_nano.a
LOAD c:/st/stm32cubeide_1.9.0/stm32cubeide/plugins/com.st.stm32cube.ide.mcu.externaltools.gnu-tools-for-stm32.10.3-2021.10.win32_1.0.0.202111181127/tools/bin/../lib/gcc/arm-none-eabi/10.3.1/../../../../arm-none-eabi/lib/thumb/v6-m/nofp\libm.a
END GROUP
START GROUP
LOAD c:/st/stm32cubeide_1.9.0/stm32cubeide/plugins/com.st.stm32cube.ide.mcu.externaltools.gnu-tools-for-stm32.10.3-2021.10.win32_1.0.0.202111181127/tools/bin/../lib/gcc/arm-none-eabi/10.3.1/thumb/v6-m/nofp\libgcc.a
LOAD c:/st/stm32cubeide_1.9.0/stm32cubeide/plugins/com.st.stm32cube.ide.mcu.externaltools.gnu-tools-for-stm32.10.3-2021.10.win32_1.0.0.202111181127/tools/bin/../lib/gcc/arm-none-eabi/10.3.1/../../../../arm-none-eabi/lib/thumb/v6-m/nofp\libc_nano.a
END GROUP
START GROUP
LOAD c:/st/stm32cubeide_1.9.0/stm32cubeide/plugins/com.st.stm32cube.ide.mcu.externaltools.gnu-tools-for-stm32.10.3-2021.10.win32_1.0.0.202111181127/tools/bin/../lib/gcc/arm-none-eabi/10.3.1/thumb/v6-m/nofp\libgcc.a
LOAD c:/st/stm32cubeide_1.9.0/stm32cubeide/plugins/com.st.stm32cube.ide.mcu.externaltools.gnu-tools-for-stm32.10.3-2021.10.win32_1.0.0.202111181127/tools/bin/../lib/gcc/arm-none-eabi/10.3.1/../../../../arm-none-eabi/lib/thumb/v6-m/nofp\libc_nano.a
LOAD c:/st/stm32cubeide_1.9.0/stm32cubeide/plugins/com.st.stm32cube.ide.mcu.externaltools.gnu-tools-for-stm32.10.3-2021.10.win32_1.0.0.202111181127/tools/bin/../lib/gcc/arm-none-eabi/10.3.1/../../../../arm-none-eabi/lib/thumb/v6-m/nofp\libnosys.a
END GROUP
START GROUP
LOAD c:/st/stm32cubeide_1.9.0/stm32cubeide/plugins/com.st.stm32cube.ide.mcu.externaltools.gnu-tools-for-stm32.10.3-2021.10.win32_1.0.0.202111181127/tools/bin/../lib/gcc/arm-none-eabi/10.3.1/thumb/v6-m/nofp\libgcc.a
LOAD c:/st/stm32cubeide_1.9.0/stm32cubeide/plugins/com.st.stm32cube.ide.mcu.externaltools.gnu-tools-for-stm32.10.3-2021.10.win32_1.0.0.202111181127/tools/bin/../lib/gcc/arm-none-eabi/10.3.1/../../../../arm-none-eabi/lib/thumb/v6-m/nofp\libc_nano.a
LOAD c:/st/stm32cubeide_1.9.0/stm32cubeide/plugins/com.st.stm32cube.ide.mcu.externaltools.gnu-tools-for-stm32.10.3-2021.10.win32_1.0.0.202111181127/tools/bin/../lib/gcc/arm-none-eabi/10.3.1/../../../../arm-none-eabi/lib/thumb/v6-m/nofp\libnosys.a
END GROUP
LOAD c:/st/stm32cubeide_1.9.0/stm32cubeide/plugins/com.st.stm32cube.ide.mcu.externaltools.gnu-tools-for-stm32.10.3-2021.10.win32_1.0.0.202111181127/tools/bin/../lib/gcc/arm-none-eabi/10.3.1/thumb/v6-m/nofp/crtend.o
LOAD c:/st/stm32cubeide_1.9.0/stm32cubeide/plugins/com.st.stm32cube.ide.mcu.externaltools.gnu-tools-for-stm32.10.3-2021.10.win32_1.0.0.202111181127/tools/bin/../lib/gcc/arm-none-eabi/10.3.1/thumb/v6-m/nofp/crtn.o
                0x0000000020001800                _estack = (ORIGIN (RAM) + LENGTH (RAM))
                0x0000000000000200                _Min_Heap_Size = 0x200
                0x0000000000000400                _Min_Stack_Size = 0x400

.isr_vector     0x0000000008000000       0xc0
                0x0000000008000000                . = ALIGN (0x4)
 *(.isr_vector)
 .isr_vector    0x0000000008000000       0xc0 ./Core/Startup/startup_stm32f042k6tx.o
                0x0000000008000000                g_pfnVectors
                0x00000000080000c0                . = ALIGN (0x4)

.text           0x00000000080000c0     0x62dc
                0x00000000080000c0                . = ALIGN (0x4)
 *(.text)
 .text          0x00000000080000c0       0x48 c:/st/stm32cubeide_1.9.0/stm32cubeide/plugins/com.st.stm32cube.ide.mcu.externaltools.gnu-tools-for-stm32.10.3-2021.10.win32_1.0.0.202111181127/tools/bin/../lib/gcc/arm-none-eabi/10.3.1/thumb/v6-m/nofp/crtbegin.o
 .text          0x0000000008000108        0xe c:/st/stm32cubeide_1.9.0/stm32cubeide/plugins/com.st.stm32cube.ide.mcu.externaltools.gnu-tools-for-stm32.10.3-2021.10.win32_1.0.0.202111181127/tools/bin/../lib/gcc/arm-none-eabi/10.3.1/../../../../arm-none-eabi/lib/thumb/v6-m/nofp\libc_nano.a(lib_a-strlen.o)
                0x0000000008000108                strlen
 *fill*         0x0000000008000116        0x2 
 .text          0x0000000008000118       0x14 c:/st/stm32cubeide_1.9.0/stm32cubeide/plugins/com.st.stm32cube.ide.mcu.externaltools.gnu-tools-for-stm32.10.3-2021.10.win32_1.0.0.202111181127/tools/bin/../lib/gcc/arm-none-eabi/10.3.1/thumb/v6-m/nofp\libgcc.a(_thumb1_case_uqi.o)
                0x0000000008000118                __gnu_thumb1_case_uqi
 .text          0x000000000800012c       0x14 c:/st/stm32cubeide_1.9.0/stm32cubeide/plugins/com.st.stm32cube.ide.mcu.externaltools.gnu-tools-for-stm32.10.3-2021.10.win32_1.0.0.202111181127/tools/bin/../lib/gcc/arm-none-eabi/10.3.1/thumb/v6-m/nofp\libgcc.a(_thumb1_case_shi.o)
                0x000000000800012c                __gnu_thumb1_case_shi
 .text          0x0000000008000140       0x14 c:/st/stm32cubeide_1.9.0/stm32cubeide/plugins/com.st.stm32cube.ide.mcu.externaltools.gnu-tools-for-stm32.10.3-2021.10.win32_1.0.0.202111181127/tools/bin/../lib/gcc/arm-none-eabi/10.3.1/thumb/v6-m/nofp\libgcc.a(_thumb1_case_uhi.o)
                0x0000000008000140                __gnu_thumb1_case_uhi
 .text          0x0000000008000154      0x114 c:/st/stm32cubeide_1.9.0/stm32cubeide/plugins/com.st.stm32cube.ide.mcu.externaltools.gnu-tools-for-stm32.10.3-2021.10.win32_1.0.0.202111181127/tools/bin/../lib/gcc/arm-none-eabi/10.3.1/thumb/v6-m/nofp\libgcc.a(_udivsi3.o)
                0x0000000008000154                __aeabi_uidiv
                0x0000000008000154                __udivsi3
                0x0000000008000260                __aeabi_uidivmod
 .text          0x0000000008000268      0x1d4 c:/st/stm32cubeide_1.9.0/stm32cubeide/plugins/com.st.stm32cube.ide.mcu.externaltools.gnu-tools-for-stm32.10.3-2021.10.win32_1.0.0.202111181127/tools/bin/../lib/gcc/arm-none-eabi/10.3.1/thumb/v6-m/nofp\libgcc.a(_divsi3.o)
                0x0000000008000268                __divsi3
                0x0000000008000268                __aeabi_idiv
                0x0000000008000434                __aeabi_idivmod
 .text          0x000000000800043c        0x4 c:/st/stm32cubeide_1.9.0/stm32cubeide/plugins/com.st.stm32cube.ide.mcu.externaltools.gnu-tools-for-stm32.10.3-2021.10.win32_1.0.0.202111181127/tools/bin/../lib/gcc/arm-none-eabi/10.3.1/thumb/v6-m/nofp\libgcc.a(_dvmd_tls.o)
                0x000000000800043c                __aeabi_idiv0
                0x000000000800043c                __aeabi_ldiv0
 *(.text*)
 .text.__io_putchar
                0x0000000008000440       0x1c ./Core/Src/main.o
                0x0000000008000440                __io_putchar
 .text.tud_audio_set_req_ep_cb
                0x000000000800045c        0x4 ./Core/Src/main.o
                0x000000000800045c                tud_audio_set_req_ep_cb
 .text.tud_audio_set_req_itf_cb
                0x0000000008000460        0x4 ./Core/Src/main.o
                0x0000000008000460                tud_audio_set_req_itf_cb
 .text.tud_audio_set_req_entity_cb
                0x0000000008000464       0x7c ./Core/Src/main.o
                0x0000000008000464                tud_audio_set_req_entity_cb
 .text.tud_audio_get_req_ep_cb
                0x00000000080004e0        0x4 ./Core/Src/main.o
                0x00000000080004e0                tud_audio_get_req_ep_cb
 .text.tud_audio_get_req_itf_cb
                0x00000000080004e4        0x4 ./Core/Src/main.o
                0x00000000080004e4                tud_audio_get_req_itf_cb
 .text.tud_audio_get_req_entity_cb
                0x00000000080004e8      0x12c ./Core/Src/main.o
                0x00000000080004e8                tud_audio_get_req_entity_cb
 .text.tud_audio_tx_done_pre_load_cb
                0x0000000008000614       0x18 ./Core/Src/main.o
                0x0000000008000614                tud_audio_tx_done_pre_load_cb
 .text.tud_audio_tx_done_post_load_cb
                0x000000000800062c       0x28 ./Core/Src/main.o
                0x000000000800062c                tud_audio_tx_done_post_load_cb
 .text.tud_audio_set_itf_close_EP_cb
                0x0000000008000654        0x4 ./Core/Src/main.o
                0x0000000008000654                tud_audio_set_itf_close_EP_cb
 .text.SystemClock_Config
                0x0000000008000658       0x6e ./Core/Src/main.o
                0x0000000008000658                SystemClock_Config
 *fill*         0x00000000080006c6        0x2 
 .text.startup.main
                0x00000000080006c8      0x104 ./Core/Src/main.o
                0x00000000080006c8                main
 .text.HAL_MspInit
                0x00000000080007cc       0x30 ./Core/Src/stm32f0xx_hal_msp.o
                0x00000000080007cc                HAL_MspInit
 .text.HAL_I2S_MspInit
                0x00000000080007fc       0x5c ./Core/Src/stm32f0xx_hal_msp.o
                0x00000000080007fc                HAL_I2S_MspInit
 .text.HAL_UART_MspInit
                0x0000000008000858       0x64 ./Core/Src/stm32f0xx_hal_msp.o
                0x0000000008000858                HAL_UART_MspInit
 .text.HAL_PCD_MspInit
                0x00000000080008bc       0x2c ./Core/Src/stm32f0xx_hal_msp.o
                0x00000000080008bc                HAL_PCD_MspInit
 .text.NMI_Handler
                0x00000000080008e8        0x2 ./Core/Src/stm32f0xx_it.o
                0x00000000080008e8                NMI_Handler
 .text.HardFault_Handler
                0x00000000080008ea        0x2 ./Core/Src/stm32f0xx_it.o
                0x00000000080008ea                HardFault_Handler
 .text.SVC_Handler
                0x00000000080008ec        0x2 ./Core/Src/stm32f0xx_it.o
                0x00000000080008ec                SVC_Handler
 .text.PendSV_Handler
                0x00000000080008ee        0x2 ./Core/Src/stm32f0xx_it.o
                0x00000000080008ee                PendSV_Handler
 .text.SysTick_Handler
                0x00000000080008f0        0x8 ./Core/Src/stm32f0xx_it.o
                0x00000000080008f0                SysTick_Handler
 .text.USB_IRQHandler
                0x00000000080008f8        0xa ./Core/Src/stm32f0xx_it.o
                0x00000000080008f8                USB_IRQHandler
 .text._read    0x0000000008000902       0x1a ./Core/Src/syscalls.o
                0x0000000008000902                _read
 .text._write   0x000000000800091c       0x1a ./Core/Src/syscalls.o
                0x000000000800091c                _write
 .text._close   0x0000000008000936        0x6 ./Core/Src/syscalls.o
                0x0000000008000936                _close
 .text._fstat   0x000000000800093c        0xa ./Core/Src/syscalls.o
                0x000000000800093c                _fstat
 .text._isatty  0x0000000008000946        0x4 ./Core/Src/syscalls.o
                0x0000000008000946                _isatty
 .text._lseek   0x000000000800094a        0x4 ./Core/Src/syscalls.o
                0x000000000800094a                _lseek
 *fill*         0x000000000800094e        0x2 
 .text._sbrk    0x0000000008000950       0x40 ./Core/Src/sysmem.o
                0x0000000008000950                _sbrk
 .text.SystemInit
                0x0000000008000990        0x2 ./Core/Src/system_stm32f0xx.o
                0x0000000008000990                SystemInit
 *fill*         0x0000000008000992        0x2 
 .text.tud_descriptor_device_cb
                0x0000000008000994        0x8 ./Core/Src/usb_descriptors.o
                0x0000000008000994                tud_descriptor_device_cb
 .text.tud_descriptor_configuration_cb
                0x000000000800099c        0x8 ./Core/Src/usb_descriptors.o
                0x000000000800099c                tud_descriptor_configuration_cb
 .text.tud_descriptor_string_cb
                0x00000000080009a4       0x64 ./Core/Src/usb_descriptors.o
                0x00000000080009a4                tud_descriptor_string_cb
 .text.Reset_Handler
                0x0000000008000a08       0x80 ./Core/Startup/startup_stm32f042k6tx.o
                0x0000000008000a08                Reset_Handler
 .text.Default_Handler
                0x0000000008000a88        0x2 ./Core/Startup/startup_stm32f042k6tx.o
                0x0000000008000a88                TIM1_CC_IRQHandler
                0x0000000008000a88                TSC_IRQHandler
                0x0000000008000a88                I2C1_IRQHandler
                0x0000000008000a88                RCC_CRS_IRQHandler
                0x0000000008000a88                SPI1_IRQHandler
                0x0000000008000a88                EXTI2_3_IRQHandler
                0x0000000008000a88                ADC1_IRQHandler
                0x0000000008000a88                TIM17_IRQHandler
                0x0000000008000a88                CEC_CAN_IRQHandler
                0x0000000008000a88                RTC_IRQHandler
                0x0000000008000a88                PVD_VDDIO2_IRQHandler
                0x0000000008000a88                TIM16_IRQHandler
                0x0000000008000a88                TIM3_IRQHandler
                0x0000000008000a88                EXTI4_15_IRQHandler
                0x0000000008000a88                DMA1_Channel1_IRQHandler
                0x0000000008000a88                Default_Handler
                0x0000000008000a88                TIM14_IRQHandler
                0x0000000008000a88                DMA1_Channel4_5_IRQHandler
                0x0000000008000a88                EXTI0_1_IRQHandler
                0x0000000008000a88                SPI2_IRQHandler
                0x0000000008000a88                WWDG_IRQHandler
                0x0000000008000a88                TIM2_IRQHandler
                0x0000000008000a88                DMA1_Channel2_3_IRQHandler
                0x0000000008000a88                USART2_IRQHandler
                0x0000000008000a88                FLASH_IRQHandler
                0x0000000008000a88                USART1_IRQHandler
                0x0000000008000a88                TIM1_BRK_UP_TRG_COM_IRQHandler
 *fill*         0x0000000008000a8a        0x2 
 .text.HAL_InitTick
                0x0000000008000a8c       0x48 ./Drivers/STM32F0xx_HAL_Driver/Src/stm32f0xx_hal.o
                0x0000000008000a8c                HAL_InitTick
 .text.HAL_Init
                0x0000000008000ad4       0x20 ./Drivers/STM32F0xx_HAL_Driver/Src/stm32f0xx_hal.o
                0x0000000008000ad4                HAL_Init
 .text.HAL_IncTick
                0x0000000008000af4       0x18 ./Drivers/STM32F0xx_HAL_Driver/Src/stm32f0xx_hal.o
                0x0000000008000af4                HAL_IncTick
 .text.HAL_GetTick
                0x0000000008000b0c        0xc ./Drivers/STM32F0xx_HAL_Driver/Src/stm32f0xx_hal.o
                0x0000000008000b0c                HAL_GetTick
 .text.HAL_NVIC_SetPriority
                0x0000000008000b18       0x54 ./Drivers/STM32F0xx_HAL_Driver/Src/stm32f0xx_hal_cortex.o
                0x0000000008000b18                HAL_NVIC_SetPriority
 .text.HAL_SYSTICK_Config
                0x0000000008000b6c       0x34 ./Drivers/STM32F0xx_HAL_Driver/Src/stm32f0xx_hal_cortex.o
                0x0000000008000b6c                HAL_SYSTICK_Config
 .text.HAL_GPIO_Init
                0x0000000008000ba0      0x160 ./Drivers/STM32F0xx_HAL_Driver/Src/stm32f0xx_hal_gpio.o
                0x0000000008000ba0                HAL_GPIO_Init
 .text.HAL_I2S_Init
                0x0000000008000d00       0xe0 ./Drivers/STM32F0xx_HAL_Driver/Src/stm32f0xx_hal_i2s.o
                0x0000000008000d00                HAL_I2S_Init
 .text.HAL_PCD_Init
                0x0000000008000de0       0xd8 ./Drivers/STM32F0xx_HAL_Driver/Src/stm32f0xx_hal_pcd.o
                0x0000000008000de0                HAL_PCD_Init
 .text.HAL_PCDEx_ActivateLPM
                0x0000000008000eb8       0x28 ./Drivers/STM32F0xx_HAL_Driver/Src/stm32f0xx_hal_pcd_ex.o
                0x0000000008000eb8                HAL_PCDEx_ActivateLPM
 .text.HAL_RCC_OscConfig
                0x0000000008000ee0      0x4a0 ./Drivers/STM32F0xx_HAL_Driver/Src/stm32f0xx_hal_rcc.o
                0x0000000008000ee0                HAL_RCC_OscConfig
 .text.HAL_RCC_GetSysClockFreq
                0x0000000008001380       0x84 ./Drivers/STM32F0xx_HAL_Driver/Src/stm32f0xx_hal_rcc.o
                0x0000000008001380                HAL_RCC_GetSysClockFreq
 .text.HAL_RCC_ClockConfig
                0x0000000008001404      0x118 ./Drivers/STM32F0xx_HAL_Driver/Src/stm32f0xx_hal_rcc.o
                0x0000000008001404                HAL_RCC_ClockConfig
 .text.HAL_RCC_GetPCLK1Freq
                0x000000000800151c       0x20 ./Drivers/STM32F0xx_HAL_Driver/Src/stm32f0xx_hal_rcc.o
                0x000000000800151c                HAL_RCC_GetPCLK1Freq
 .text.HAL_RCCEx_PeriphCLKConfig
                0x000000000800153c      0x130 ./Drivers/STM32F0xx_HAL_Driver/Src/stm32f0xx_hal_rcc_ex.o
                0x000000000800153c                HAL_RCCEx_PeriphCLKConfig
 .text.UART_SetConfig
                0x000000000800166c      0x134 ./Drivers/STM32F0xx_HAL_Driver/Src/stm32f0xx_hal_uart.o
                0x000000000800166c                UART_SetConfig
 .text.UART_AdvFeatureConfig
                0x00000000080017a0       0xd0 ./Drivers/STM32F0xx_HAL_Driver/Src/stm32f0xx_hal_uart.o
                0x00000000080017a0                UART_AdvFeatureConfig
 .text.UART_WaitOnFlagUntilTimeout
                0x0000000008001870       0xc4 ./Drivers/STM32F0xx_HAL_Driver/Src/stm32f0xx_hal_uart.o
                0x0000000008001870                UART_WaitOnFlagUntilTimeout
 .text.HAL_UART_Transmit
                0x0000000008001934       0xe2 ./Drivers/STM32F0xx_HAL_Driver/Src/stm32f0xx_hal_uart.o
                0x0000000008001934                HAL_UART_Transmit
 *fill*         0x0000000008001a16        0x2 
 .text.UART_CheckIdleState
                0x0000000008001a18       0x64 ./Drivers/STM32F0xx_HAL_Driver/Src/stm32f0xx_hal_uart.o
                0x0000000008001a18                UART_CheckIdleState
 .text.HAL_UART_Init
                0x0000000008001a7c       0x64 ./Drivers/STM32F0xx_HAL_Driver/Src/stm32f0xx_hal_uart.o
                0x0000000008001a7c                HAL_UART_Init
 .text.USB_DisableGlobalInt
                0x0000000008001ae0       0x14 ./Drivers/STM32F0xx_HAL_Driver/Src/stm32f0xx_ll_usb.o
                0x0000000008001ae0                USB_DisableGlobalInt
 .text.USB_DevInit
                0x0000000008001af4       0x26 ./Drivers/STM32F0xx_HAL_Driver/Src/stm32f0xx_ll_usb.o
                0x0000000008001af4                USB_DevInit
 .text.tu_desc_subtype
                0x0000000008001b1a       0x16 ./src/class/audio/audio_device.o
 .text.tud_audio_n_write_support_ff
                0x0000000008001b30       0x94 ./src/class/audio/audio_device.o
                0x0000000008001b30                tud_audio_n_write_support_ff
 .text.audiod_tx_done_cb
                0x0000000008001bc4      0x188 ./src/class/audio/audio_device.o
 .text.audiod_interleaved_copy_bytes_fast_encode
                0x0000000008001d4c      0x10e ./src/class/audio/audio_device.o
 .text.audiod_encode_type_I_pcm
                0x0000000008001e5a      0x2b6 ./src/class/audio/audio_device.o
 .text.audiod_init
                0x0000000008002110      0x104 ./src/class/audio/audio_device.o
                0x0000000008002110                audiod_init
 .text.audiod_reset
                0x0000000008002214       0x94 ./src/class/audio/audio_device.o
                0x0000000008002214                audiod_reset
 .text.audiod_open
                0x00000000080022a8      0x118 ./src/class/audio/audio_device.o
                0x00000000080022a8                audiod_open
 .text.audiod_get_interface
                0x00000000080023c0       0xd0 ./src/class/audio/audio_device.o
 .text.audiod_set_interface
                0x0000000008002490      0x3e8 ./src/class/audio/audio_device.o
 .text.audiod_control_complete
                0x0000000008002878      0x1bc ./src/class/audio/audio_device.o
 .text.audiod_control_request
                0x0000000008002a34      0x254 ./src/class/audio/audio_device.o
 .text.audiod_control_xfer_cb
                0x0000000008002c88       0x52 ./src/class/audio/audio_device.o
                0x0000000008002c88                audiod_control_xfer_cb
 *fill*         0x0000000008002cda        0x2 
 .text.audiod_xfer_cb
                0x0000000008002cdc       0xac ./src/class/audio/audio_device.o
                0x0000000008002cdc                audiod_xfer_cb
 .text.tud_audio_buffer_and_schedule_control_xfer
                0x0000000008002d88      0x1a0 ./src/class/audio/audio_device.o
                0x0000000008002d88                tud_audio_buffer_and_schedule_control_xfer
 .text.audiod_get_AS_interface_index
                0x0000000008002f28       0xb8 ./src/class/audio/audio_device.o
 .text.audiod_get_AS_interface_index_global
                0x0000000008002fe0       0x70 ./src/class/audio/audio_device.o
 .text.audiod_verify_entity_exists
                0x0000000008003050       0xe0 ./src/class/audio/audio_device.o
 .text.audiod_verify_itf_exists
                0x0000000008003130       0xd8 ./src/class/audio/audio_device.o
 .text.audiod_verify_ep_exists
                0x0000000008003208       0xe4 ./src/class/audio/audio_device.o
 .text.audiod_parse_for_AS_params
                0x00000000080032ec       0xfc ./src/class/audio/audio_device.o
 .text.audiod_get_audio_fct_idx
                0x00000000080033e8       0x50 ./src/class/audio/audio_device.o
 .text.tu_edpt_dir
                0x0000000008003438        0x4 ./src/class/audio/audio_device.o
 .text.tu_edpt_packet_size
                0x000000000800343c        0xe ./src/class/audio/audio_device.o
 .text.tu_desc_next
                0x000000000800344a        0x6 ./src/class/audio/audio_device.o
 .text.tu_desc_type
                0x0000000008003450        0x4 ./src/class/audio/audio_device.o
 .text.advance_pointer
                0x0000000008003454       0x18 ./src/common/tusb_fifo.o
 .text._tu_fifo_correct_read_pointer
                0x000000000800346c       0x1e ./src/common/tusb_fifo.o
 *fill*         0x000000000800348a        0x2 
 .text._ff_push_const_addr
                0x000000000800348c       0x48 ./src/common/tusb_fifo.o
 .text._tu_fifo_peek
                0x00000000080034d4       0x48 ./src/common/tusb_fifo.o
 .text._tu_fifo_write_n.part.0
                0x000000000800351c      0x13c ./src/common/tusb_fifo.o
 .text.tu_fifo_config
                0x0000000008003658       0x2e ./src/common/tusb_fifo.o
                0x0000000008003658                tu_fifo_config
 .text.tu_fifo_count
                0x0000000008003686       0x20 ./src/common/tusb_fifo.o
                0x0000000008003686                tu_fifo_count
 .text.tu_fifo_read
                0x00000000080036a6       0x24 ./src/common/tusb_fifo.o
                0x00000000080036a6                tu_fifo_read
 .text.tu_fifo_write
                0x00000000080036ca       0x4e ./src/common/tusb_fifo.o
                0x00000000080036ca                tu_fifo_write
 .text.tu_fifo_write_n
                0x0000000008003718       0x12 ./src/common/tusb_fifo.o
                0x0000000008003718                tu_fifo_write_n
 .text.tu_fifo_clear
                0x000000000800372a       0x18 ./src/common/tusb_fifo.o
                0x000000000800372a                tu_fifo_clear
 .text.tu_fifo_advance_read_pointer
                0x0000000008003742       0x12 ./src/common/tusb_fifo.o
                0x0000000008003742                tu_fifo_advance_read_pointer
 .text.tu_fifo_get_read_info
                0x0000000008003754       0x74 ./src/common/tusb_fifo.o
                0x0000000008003754                tu_fifo_get_read_info
 .text.get_driver
                0x00000000080037c8       0x3c ./src/device/usbd.o
 .text.configuration_reset
                0x0000000008003804       0x4c ./src/device/usbd.o
 .text.invoke_class_control
                0x0000000008003850       0x28 ./src/device/usbd.o
 .text.usbd_int_set
                0x0000000008003878       0x1c ./src/device/usbd.o
                0x0000000008003878                usbd_int_set
 .text.osal_queue_send.isra.0
                0x0000000008003894       0x3c ./src/device/usbd.o
 .text.usbd_driver_print_control_complete_name
                0x00000000080038d0       0x34 ./src/device/usbd.o
                0x00000000080038d0                usbd_driver_print_control_complete_name
 .text.tud_inited
                0x0000000008003904       0x14 ./src/device/usbd.o
                0x0000000008003904                tud_inited
 .text.tud_init
                0x0000000008003918       0xa0 ./src/device/usbd.o
                0x0000000008003918                tud_init
 .text.dcd_event_handler
                0x00000000080039b8       0x88 ./src/device/usbd.o
                0x00000000080039b8                dcd_event_handler
 .text.dcd_event_bus_signal
                0x0000000008003a40       0x22 ./src/device/usbd.o
                0x0000000008003a40                dcd_event_bus_signal
 .text.dcd_event_bus_reset
                0x0000000008003a62       0x2a ./src/device/usbd.o
                0x0000000008003a62                dcd_event_bus_reset
 .text.dcd_event_setup_received
                0x0000000008003a8c       0x26 ./src/device/usbd.o
                0x0000000008003a8c                dcd_event_setup_received
 .text.dcd_event_xfer_complete
                0x0000000008003ab2       0x38 ./src/device/usbd.o
                0x0000000008003ab2                dcd_event_xfer_complete
 *fill*         0x0000000008003aea        0x2 
 .text.usbd_edpt_open
                0x0000000008003aec       0x58 ./src/device/usbd.o
                0x0000000008003aec                usbd_edpt_open
 .text.usbd_edpt_xfer
                0x0000000008003b44       0x80 ./src/device/usbd.o
                0x0000000008003b44                usbd_edpt_xfer
 .text.usbd_edpt_busy
                0x0000000008003bc4       0x1c ./src/device/usbd.o
                0x0000000008003bc4                usbd_edpt_busy
 .text.usbd_edpt_stall
                0x0000000008003be0       0x44 ./src/device/usbd.o
                0x0000000008003be0                usbd_edpt_stall
 .text.usbd_edpt_clear_stall
                0x0000000008003c24       0x44 ./src/device/usbd.o
                0x0000000008003c24                usbd_edpt_clear_stall
 .text.usbd_edpt_stalled
                0x0000000008003c68       0x1c ./src/device/usbd.o
                0x0000000008003c68                usbd_edpt_stalled
 .text.tud_task
                0x0000000008003c84      0x6e8 ./src/device/usbd.o
                0x0000000008003c84                tud_task
 .text.usbd_edpt_close
                0x000000000800436c       0x68 ./src/device/usbd.o
                0x000000000800436c                usbd_edpt_close
 .text._data_stage_xact
                0x00000000080043d4       0x58 ./src/device/usbd_control.o
 .text._status_stage_xact.isra.0
                0x000000000800442c       0x14 ./src/device/usbd_control.o
 .text.tud_control_status
                0x0000000008004440       0x24 ./src/device/usbd_control.o
                0x0000000008004440                tud_control_status
 .text.tud_control_xfer
                0x0000000008004464       0x78 ./src/device/usbd_control.o
                0x0000000008004464                tud_control_xfer
 .text.usbd_control_reset
                0x00000000080044dc       0x14 ./src/device/usbd_control.o
                0x00000000080044dc                usbd_control_reset
 .text.usbd_control_set_complete_callback
                0x00000000080044f0        0xc ./src/device/usbd_control.o
                0x00000000080044f0                usbd_control_set_complete_callback
 .text.usbd_control_set_request
                0x00000000080044fc       0x1c ./src/device/usbd_control.o
                0x00000000080044fc                usbd_control_set_request
 .text.usbd_control_xfer_cb
                0x0000000008004518       0xe0 ./src/device/usbd_control.o
                0x0000000008004518                usbd_control_xfer_cb
 .text.pcd_set_ep_cnt_rx_reg
                0x00000000080045f8       0x2a ./src/portable/st/stm32_fsdev/dcd_stm32_fsdev.o
 *fill*         0x0000000008004622        0x2 
 .text.dcd_pma_alloc
                0x0000000008004624       0x6c ./src/portable/st/stm32_fsdev/dcd_stm32_fsdev.o
 .text.pcd_clear_tx_dtog.constprop.0
                0x0000000008004690       0x28 ./src/portable/st/stm32_fsdev/dcd_stm32_fsdev.o
 .text.pcd_clear_rx_dtog.constprop.0
                0x00000000080046b8       0x28 ./src/portable/st/stm32_fsdev/dcd_stm32_fsdev.o
 .text.pcd_set_ep_rx_status.constprop.0
                0x00000000080046e0       0x34 ./src/portable/st/stm32_fsdev/dcd_stm32_fsdev.o
 .text.pcd_set_ep_tx_status.constprop.0
                0x0000000008004714       0x30 ./src/portable/st/stm32_fsdev/dcd_stm32_fsdev.o
 .text.pcd_ep_rx_cnt_ptr.constprop.0
                0x0000000008004744       0x1c ./src/portable/st/stm32_fsdev/dcd_stm32_fsdev.o
 .text.pcd_set_ep_rx_cnt.constprop.0
                0x0000000008004760       0x10 ./src/portable/st/stm32_fsdev/dcd_stm32_fsdev.o
 .text.pcd_ep_rx_address_ptr.constprop.0
                0x0000000008004770       0x1c ./src/portable/st/stm32_fsdev/dcd_stm32_fsdev.o
 .text.pcd_ep_tx_cnt_ptr.constprop.0
                0x000000000800478c       0x1c ./src/portable/st/stm32_fsdev/dcd_stm32_fsdev.o
 .text.pcd_ep_tx_address_ptr.constprop.0
                0x00000000080047a8       0x1c ./src/portable/st/stm32_fsdev/dcd_stm32_fsdev.o
 .text.dcd_transmit_packet
                0x00000000080047c4       0xb8 ./src/portable/st/stm32_fsdev/dcd_stm32_fsdev.o
 .text.dcd_connect
                0x000000000800487c       0x14 ./src/portable/st/stm32_fsdev/dcd_stm32_fsdev.o
                0x000000000800487c                dcd_connect
 .text.dcd_int_enable
                0x0000000008004890       0x18 ./src/portable/st/stm32_fsdev/dcd_stm32_fsdev.o
                0x0000000008004890                dcd_int_enable
 .text.dcd_int_disable
                0x00000000080048a8       0x18 ./src/portable/st/stm32_fsdev/dcd_stm32_fsdev.o
                0x00000000080048a8                dcd_int_disable
 .text.dcd_edpt0_status_complete
                0x00000000080048c0       0x28 ./src/portable/st/stm32_fsdev/dcd_stm32_fsdev.o
                0x00000000080048c0                dcd_edpt0_status_complete
 .text.dcd_edpt_open
                0x00000000080048e8      0x16c ./src/portable/st/stm32_fsdev/dcd_stm32_fsdev.o
                0x00000000080048e8                dcd_edpt_open
 .text.dcd_handle_bus_reset
                0x0000000008004a54       0x64 ./src/portable/st/stm32_fsdev/dcd_stm32_fsdev.o
 .text.dcd_init
                0x0000000008004ab8       0x78 ./src/portable/st/stm32_fsdev/dcd_stm32_fsdev.o
                0x0000000008004ab8                dcd_init
 .text.dcd_int_handler
                0x0000000008004b30      0x2a8 ./src/portable/st/stm32_fsdev/dcd_stm32_fsdev.o
                0x0000000008004b30                dcd_int_handler
 .text.dcd_edpt_close_all
                0x0000000008004dd8        0x2 ./src/portable/st/stm32_fsdev/dcd_stm32_fsdev.o
                0x0000000008004dd8                dcd_edpt_close_all
 *fill*         0x0000000008004dda        0x2 
 .text.dcd_edpt_close
                0x0000000008004ddc       0x8c ./src/portable/st/stm32_fsdev/dcd_stm32_fsdev.o
                0x0000000008004ddc                dcd_edpt_close
 .text.dcd_edpt_xfer
                0x0000000008004e68       0x9c ./src/portable/st/stm32_fsdev/dcd_stm32_fsdev.o
                0x0000000008004e68                dcd_edpt_xfer
 .text.dcd_set_address
                0x0000000008004f04        0xe ./src/portable/st/stm32_fsdev/dcd_stm32_fsdev.o
                0x0000000008004f04                dcd_set_address
 *fill*         0x0000000008004f12        0x2 
 .text.dcd_edpt_stall
                0x0000000008004f14       0x54 ./src/portable/st/stm32_fsdev/dcd_stm32_fsdev.o
                0x0000000008004f14                dcd_edpt_stall
 .text.dcd_edpt_clear_stall
                0x0000000008004f68       0x30 ./src/portable/st/stm32_fsdev/dcd_stm32_fsdev.o
                0x0000000008004f68                dcd_edpt_clear_stall
 .text.dump_str_line
                0x0000000008004f98       0x3c ./src/tusb.o
 .text.tusb_init
                0x0000000008004fd4       0x24 ./src/tusb.o
                0x0000000008004fd4                tusb_init
 .text.tusb_inited
                0x0000000008004ff8        0x8 ./src/tusb.o
                0x0000000008004ff8                tusb_inited
 .text.tu_edpt_validate
                0x0000000008005000       0x90 ./src/tusb.o
                0x0000000008005000                tu_edpt_validate
 .text.tu_edpt_bind_driver
                0x0000000008005090       0x40 ./src/tusb.o
                0x0000000008005090                tu_edpt_bind_driver
 .text.tu_print_mem
                0x00000000080050d0       0xd8 ./src/tusb.o
                0x00000000080050d0                tu_print_mem
 .text.__errno  0x00000000080051a8        0xc c:/st/stm32cubeide_1.9.0/stm32cubeide/plugins/com.st.stm32cube.ide.mcu.externaltools.gnu-tools-for-stm32.10.3-2021.10.win32_1.0.0.202111181127/tools/bin/../lib/gcc/arm-none-eabi/10.3.1/../../../../arm-none-eabi/lib/thumb/v6-m/nofp\libc_nano.a(lib_a-errno.o)
                0x00000000080051a8                __errno
 .text.__libc_init_array
                0x00000000080051b4       0x48 c:/st/stm32cubeide_1.9.0/stm32cubeide/plugins/com.st.stm32cube.ide.mcu.externaltools.gnu-tools-for-stm32.10.3-2021.10.win32_1.0.0.202111181127/tools/bin/../lib/gcc/arm-none-eabi/10.3.1/../../../../arm-none-eabi/lib/thumb/v6-m/nofp\libc_nano.a(lib_a-init.o)
                0x00000000080051b4                __libc_init_array
 .text.memcpy   0x00000000080051fc       0x12 c:/st/stm32cubeide_1.9.0/stm32cubeide/plugins/com.st.stm32cube.ide.mcu.externaltools.gnu-tools-for-stm32.10.3-2021.10.win32_1.0.0.202111181127/tools/bin/../lib/gcc/arm-none-eabi/10.3.1/../../../../arm-none-eabi/lib/thumb/v6-m/nofp\libc_nano.a(lib_a-memcpy-stub.o)
                0x00000000080051fc                memcpy
 .text.memset   0x000000000800520e       0x10 c:/st/stm32cubeide_1.9.0/stm32cubeide/plugins/com.st.stm32cube.ide.mcu.externaltools.gnu-tools-for-stm32.10.3-2021.10.win32_1.0.0.202111181127/tools/bin/../lib/gcc/arm-none-eabi/10.3.1/../../../../arm-none-eabi/lib/thumb/v6-m/nofp\libc_nano.a(lib_a-memset.o)
                0x000000000800520e                memset
 *fill*         0x000000000800521e        0x2 
 .text.printf   0x0000000008005220       0x34 c:/st/stm32cubeide_1.9.0/stm32cubeide/plugins/com.st.stm32cube.ide.mcu.externaltools.gnu-tools-for-stm32.10.3-2021.10.win32_1.0.0.202111181127/tools/bin/../lib/gcc/arm-none-eabi/10.3.1/../../../../arm-none-eabi/lib/thumb/v6-m/nofp\libc_nano.a(lib_a-printf.o)
                0x0000000008005220                iprintf
                0x0000000008005220                printf
 .text.putchar  0x0000000008005254       0x28 c:/st/stm32cubeide_1.9.0/stm32cubeide/plugins/com.st.stm32cube.ide.mcu.externaltools.gnu-tools-for-stm32.10.3-2021.10.win32_1.0.0.202111181127/tools/bin/../lib/gcc/arm-none-eabi/10.3.1/../../../../arm-none-eabi/lib/thumb/v6-m/nofp\libc_nano.a(lib_a-putchar.o)
                0x0000000008005254                putchar
 .text._puts_r  0x000000000800527c       0xe4 c:/st/stm32cubeide_1.9.0/stm32cubeide/plugins/com.st.stm32cube.ide.mcu.externaltools.gnu-tools-for-stm32.10.3-2021.10.win32_1.0.0.202111181127/tools/bin/../lib/gcc/arm-none-eabi/10.3.1/../../../../arm-none-eabi/lib/thumb/v6-m/nofp\libc_nano.a(lib_a-puts.o)
                0x000000000800527c                _puts_r
 .text.puts     0x0000000008005360       0x14 c:/st/stm32cubeide_1.9.0/stm32cubeide/plugins/com.st.stm32cube.ide.mcu.externaltools.gnu-tools-for-stm32.10.3-2021.10.win32_1.0.0.202111181127/tools/bin/../lib/gcc/arm-none-eabi/10.3.1/../../../../arm-none-eabi/lib/thumb/v6-m/nofp\libc_nano.a(lib_a-puts.o)
                0x0000000008005360                puts
 .text.__swbuf_r
                0x0000000008005374       0xac c:/st/stm32cubeide_1.9.0/stm32cubeide/plugins/com.st.stm32cube.ide.mcu.externaltools.gnu-tools-for-stm32.10.3-2021.10.win32_1.0.0.202111181127/tools/bin/../lib/gcc/arm-none-eabi/10.3.1/../../../../arm-none-eabi/lib/thumb/v6-m/nofp\libc_nano.a(lib_a-wbuf.o)
                0x0000000008005374                __swbuf_r
 .text.__swsetup_r
                0x0000000008005420       0xf0 c:/st/stm32cubeide_1.9.0/stm32cubeide/plugins/com.st.stm32cube.ide.mcu.externaltools.gnu-tools-for-stm32.10.3-2021.10.win32_1.0.0.202111181127/tools/bin/../lib/gcc/arm-none-eabi/10.3.1/../../../../arm-none-eabi/lib/thumb/v6-m/nofp\libc_nano.a(lib_a-wsetup.o)
                0x0000000008005420                __swsetup_r
 .text.__sflush_r
                0x0000000008005510      0x118 c:/st/stm32cubeide_1.9.0/stm32cubeide/plugins/com.st.stm32cube.ide.mcu.externaltools.gnu-tools-for-stm32.10.3-2021.10.win32_1.0.0.202111181127/tools/bin/../lib/gcc/arm-none-eabi/10.3.1/../../../../arm-none-eabi/lib/thumb/v6-m/nofp\libc_nano.a(lib_a-fflush.o)
                0x0000000008005510                __sflush_r
 .text._fflush_r
                0x0000000008005628       0x80 c:/st/stm32cubeide_1.9.0/stm32cubeide/plugins/com.st.stm32cube.ide.mcu.externaltools.gnu-tools-for-stm32.10.3-2021.10.win32_1.0.0.202111181127/tools/bin/../lib/gcc/arm-none-eabi/10.3.1/../../../../arm-none-eabi/lib/thumb/v6-m/nofp\libc_nano.a(lib_a-fflush.o)
                0x0000000008005628                _fflush_r
 .text.std      0x00000000080056a8       0x48 c:/st/stm32cubeide_1.9.0/stm32cubeide/plugins/com.st.stm32cube.ide.mcu.externaltools.gnu-tools-for-stm32.10.3-2021.10.win32_1.0.0.202111181127/tools/bin/../lib/gcc/arm-none-eabi/10.3.1/../../../../arm-none-eabi/lib/thumb/v6-m/nofp\libc_nano.a(lib_a-findfp.o)
 .text._cleanup_r
                0x00000000080056f0       0x10 c:/st/stm32cubeide_1.9.0/stm32cubeide/plugins/com.st.stm32cube.ide.mcu.externaltools.gnu-tools-for-stm32.10.3-2021.10.win32_1.0.0.202111181127/tools/bin/../lib/gcc/arm-none-eabi/10.3.1/../../../../arm-none-eabi/lib/thumb/v6-m/nofp\libc_nano.a(lib_a-findfp.o)
                0x00000000080056f0                _cleanup_r
 .text.__sfmoreglue
                0x0000000008005700       0x2c c:/st/stm32cubeide_1.9.0/stm32cubeide/plugins/com.st.stm32cube.ide.mcu.externaltools.gnu-tools-for-stm32.10.3-2021.10.win32_1.0.0.202111181127/tools/bin/../lib/gcc/arm-none-eabi/10.3.1/../../../../arm-none-eabi/lib/thumb/v6-m/nofp\libc_nano.a(lib_a-findfp.o)
                0x0000000008005700                __sfmoreglue
 .text.__sfp_lock_acquire
                0x000000000800572c       0x10 c:/st/stm32cubeide_1.9.0/stm32cubeide/plugins/com.st.stm32cube.ide.mcu.externaltools.gnu-tools-for-stm32.10.3-2021.10.win32_1.0.0.202111181127/tools/bin/../lib/gcc/arm-none-eabi/10.3.1/../../../../arm-none-eabi/lib/thumb/v6-m/nofp\libc_nano.a(lib_a-findfp.o)
                0x000000000800572c                __sfp_lock_acquire
 .text.__sfp_lock_release
                0x000000000800573c       0x10 c:/st/stm32cubeide_1.9.0/stm32cubeide/plugins/com.st.stm32cube.ide.mcu.externaltools.gnu-tools-for-stm32.10.3-2021.10.win32_1.0.0.202111181127/tools/bin/../lib/gcc/arm-none-eabi/10.3.1/../../../../arm-none-eabi/lib/thumb/v6-m/nofp\libc_nano.a(lib_a-findfp.o)
                0x000000000800573c                __sfp_lock_release
 .text.__sinit_lock_acquire
                0x000000000800574c       0x10 c:/st/stm32cubeide_1.9.0/stm32cubeide/plugins/com.st.stm32cube.ide.mcu.externaltools.gnu-tools-for-stm32.10.3-2021.10.win32_1.0.0.202111181127/tools/bin/../lib/gcc/arm-none-eabi/10.3.1/../../../../arm-none-eabi/lib/thumb/v6-m/nofp\libc_nano.a(lib_a-findfp.o)
                0x000000000800574c                __sinit_lock_acquire
 .text.__sinit_lock_release
                0x000000000800575c       0x10 c:/st/stm32cubeide_1.9.0/stm32cubeide/plugins/com.st.stm32cube.ide.mcu.externaltools.gnu-tools-for-stm32.10.3-2021.10.win32_1.0.0.202111181127/tools/bin/../lib/gcc/arm-none-eabi/10.3.1/../../../../arm-none-eabi/lib/thumb/v6-m/nofp\libc_nano.a(lib_a-findfp.o)
                0x000000000800575c                __sinit_lock_release
 .text.__sinit  0x000000000800576c       0x70 c:/st/stm32cubeide_1.9.0/stm32cubeide/plugins/com.st.stm32cube.ide.mcu.externaltools.gnu-tools-for-stm32.10.3-2021.10.win32_1.0.0.202111181127/tools/bin/../lib/gcc/arm-none-eabi/10.3.1/../../../../arm-none-eabi/lib/thumb/v6-m/nofp\libc_nano.a(lib_a-findfp.o)
                0x000000000800576c                __sinit
 .text.__sfp    0x00000000080057dc       0x90 c:/st/stm32cubeide_1.9.0/stm32cubeide/plugins/com.st.stm32cube.ide.mcu.externaltools.gnu-tools-for-stm32.10.3-2021.10.win32_1.0.0.202111181127/tools/bin/../lib/gcc/arm-none-eabi/10.3.1/../../../../arm-none-eabi/lib/thumb/v6-m/nofp\libc_nano.a(lib_a-findfp.o)
                0x00000000080057dc                __sfp
 .text._fwalk_reent
                0x000000000800586c       0x40 c:/st/stm32cubeide_1.9.0/stm32cubeide/plugins/com.st.stm32cube.ide.mcu.externaltools.gnu-tools-for-stm32.10.3-2021.10.win32_1.0.0.202111181127/tools/bin/../lib/gcc/arm-none-eabi/10.3.1/../../../../arm-none-eabi/lib/thumb/v6-m/nofp\libc_nano.a(lib_a-fwalk.o)
                0x000000000800586c                _fwalk_reent
 .text.__retarget_lock_init_recursive
                0x00000000080058ac        0x2 c:/st/stm32cubeide_1.9.0/stm32cubeide/plugins/com.st.stm32cube.ide.mcu.externaltools.gnu-tools-for-stm32.10.3-2021.10.win32_1.0.0.202111181127/tools/bin/../lib/gcc/arm-none-eabi/10.3.1/../../../../arm-none-eabi/lib/thumb/v6-m/nofp\libc_nano.a(lib_a-lock.o)
                0x00000000080058ac                __retarget_lock_init_recursive
 .text.__retarget_lock_acquire_recursive
                0x00000000080058ae        0x2 c:/st/stm32cubeide_1.9.0/stm32cubeide/plugins/com.st.stm32cube.ide.mcu.externaltools.gnu-tools-for-stm32.10.3-2021.10.win32_1.0.0.202111181127/tools/bin/../lib/gcc/arm-none-eabi/10.3.1/../../../../arm-none-eabi/lib/thumb/v6-m/nofp\libc_nano.a(lib_a-lock.o)
                0x00000000080058ae                __retarget_lock_acquire_recursive
 .text.__retarget_lock_release_recursive
                0x00000000080058b0        0x2 c:/st/stm32cubeide_1.9.0/stm32cubeide/plugins/com.st.stm32cube.ide.mcu.externaltools.gnu-tools-for-stm32.10.3-2021.10.win32_1.0.0.202111181127/tools/bin/../lib/gcc/arm-none-eabi/10.3.1/../../../../arm-none-eabi/lib/thumb/v6-m/nofp\libc_nano.a(lib_a-lock.o)
                0x00000000080058b0                __retarget_lock_release_recursive
 *fill*         0x00000000080058b2        0x2 
 .text.__swhatbuf_r
                0x00000000080058b4       0x50 c:/st/stm32cubeide_1.9.0/stm32cubeide/plugins/com.st.stm32cube.ide.mcu.externaltools.gnu-tools-for-stm32.10.3-2021.10.win32_1.0.0.202111181127/tools/bin/../lib/gcc/arm-none-eabi/10.3.1/../../../../arm-none-eabi/lib/thumb/v6-m/nofp\libc_nano.a(lib_a-makebuf.o)
                0x00000000080058b4                __swhatbuf_r
 .text.__smakebuf_r
                0x0000000008005904       0x88 c:/st/stm32cubeide_1.9.0/stm32cubeide/plugins/com.st.stm32cube.ide.mcu.externaltools.gnu-tools-for-stm32.10.3-2021.10.win32_1.0.0.202111181127/tools/bin/../lib/gcc/arm-none-eabi/10.3.1/../../../../arm-none-eabi/lib/thumb/v6-m/nofp\libc_nano.a(lib_a-makebuf.o)
                0x0000000008005904                __smakebuf_r
 .text._free_r  0x000000000800598c       0x94 c:/st/stm32cubeide_1.9.0/stm32cubeide/plugins/com.st.stm32cube.ide.mcu.externaltools.gnu-tools-for-stm32.10.3-2021.10.win32_1.0.0.202111181127/tools/bin/../lib/gcc/arm-none-eabi/10.3.1/../../../../arm-none-eabi/lib/thumb/v6-m/nofp\libc_nano.a(lib_a-nano-freer.o)
                0x000000000800598c                _free_r
 .text.sbrk_aligned
                0x0000000008005a20       0x44 c:/st/stm32cubeide_1.9.0/stm32cubeide/plugins/com.st.stm32cube.ide.mcu.externaltools.gnu-tools-for-stm32.10.3-2021.10.win32_1.0.0.202111181127/tools/bin/../lib/gcc/arm-none-eabi/10.3.1/../../../../arm-none-eabi/lib/thumb/v6-m/nofp\libc_nano.a(lib_a-nano-mallocr.o)
 .text._malloc_r
                0x0000000008005a64       0xec c:/st/stm32cubeide_1.9.0/stm32cubeide/plugins/com.st.stm32cube.ide.mcu.externaltools.gnu-tools-for-stm32.10.3-2021.10.win32_1.0.0.202111181127/tools/bin/../lib/gcc/arm-none-eabi/10.3.1/../../../../arm-none-eabi/lib/thumb/v6-m/nofp\libc_nano.a(lib_a-nano-mallocr.o)
                0x0000000008005a64                _malloc_r
 .text.__sfputc_r
                0x0000000008005b50       0x2a c:/st/stm32cubeide_1.9.0/stm32cubeide/plugins/com.st.stm32cube.ide.mcu.externaltools.gnu-tools-for-stm32.10.3-2021.10.win32_1.0.0.202111181127/tools/bin/../lib/gcc/arm-none-eabi/10.3.1/../../../../arm-none-eabi/lib/thumb/v6-m/nofp\libc_nano.a(lib_a-nano-vfprintf.o)
 .text.__sfputs_r
                0x0000000008005b7a       0x24 c:/st/stm32cubeide_1.9.0/stm32cubeide/plugins/com.st.stm32cube.ide.mcu.externaltools.gnu-tools-for-stm32.10.3-2021.10.win32_1.0.0.202111181127/tools/bin/../lib/gcc/arm-none-eabi/10.3.1/../../../../arm-none-eabi/lib/thumb/v6-m/nofp\libc_nano.a(lib_a-nano-vfprintf.o)
                0x0000000008005b7a                __sfputs_r
 *fill*         0x0000000008005b9e        0x2 
 .text._vfprintf_r
                0x0000000008005ba0      0x274 c:/st/stm32cubeide_1.9.0/stm32cubeide/plugins/com.st.stm32cube.ide.mcu.externaltools.gnu-tools-for-stm32.10.3-2021.10.win32_1.0.0.202111181127/tools/bin/../lib/gcc/arm-none-eabi/10.3.1/../../../../arm-none-eabi/lib/thumb/v6-m/nofp\libc_nano.a(lib_a-nano-vfprintf.o)
                0x0000000008005ba0                _vfprintf_r
                0x0000000008005ba0                _vfiprintf_r
 .text._printf_common
                0x0000000008005e14       0xde c:/st/stm32cubeide_1.9.0/stm32cubeide/plugins/com.st.stm32cube.ide.mcu.externaltools.gnu-tools-for-stm32.10.3-2021.10.win32_1.0.0.202111181127/tools/bin/../lib/gcc/arm-none-eabi/10.3.1/../../../../arm-none-eabi/lib/thumb/v6-m/nofp\libc_nano.a(lib_a-nano-vfprintf_i.o)
                0x0000000008005e14                _printf_common
 *fill*         0x0000000008005ef2        0x2 
 .text._printf_i
                0x0000000008005ef4      0x224 c:/st/stm32cubeide_1.9.0/stm32cubeide/plugins/com.st.stm32cube.ide.mcu.externaltools.gnu-tools-for-stm32.10.3-2021.10.win32_1.0.0.202111181127/tools/bin/../lib/gcc/arm-none-eabi/10.3.1/../../../../arm-none-eabi/lib/thumb/v6-m/nofp\libc_nano.a(lib_a-nano-vfprintf_i.o)
                0x0000000008005ef4                _printf_i
 .text._putc_r  0x0000000008006118       0x94 c:/st/stm32cubeide_1.9.0/stm32cubeide/plugins/com.st.stm32cube.ide.mcu.externaltools.gnu-tools-for-stm32.10.3-2021.10.win32_1.0.0.202111181127/tools/bin/../lib/gcc/arm-none-eabi/10.3.1/../../../../arm-none-eabi/lib/thumb/v6-m/nofp\libc_nano.a(lib_a-putc.o)
                0x0000000008006118                _putc_r
 .text._sbrk_r  0x00000000080061ac       0x24 c:/st/stm32cubeide_1.9.0/stm32cubeide/plugins/com.st.stm32cube.ide.mcu.externaltools.gnu-tools-for-stm32.10.3-2021.10.win32_1.0.0.202111181127/tools/bin/../lib/gcc/arm-none-eabi/10.3.1/../../../../arm-none-eabi/lib/thumb/v6-m/nofp\libc_nano.a(lib_a-sbrkr.o)
                0x00000000080061ac                _sbrk_r
 .text.__sread  0x00000000080061d0       0x28 c:/st/stm32cubeide_1.9.0/stm32cubeide/plugins/com.st.stm32cube.ide.mcu.externaltools.gnu-tools-for-stm32.10.3-2021.10.win32_1.0.0.202111181127/tools/bin/../lib/gcc/arm-none-eabi/10.3.1/../../../../arm-none-eabi/lib/thumb/v6-m/nofp\libc_nano.a(lib_a-stdio.o)
                0x00000000080061d0                __sread
 .text.__swrite
                0x00000000080061f8       0x38 c:/st/stm32cubeide_1.9.0/stm32cubeide/plugins/com.st.stm32cube.ide.mcu.externaltools.gnu-tools-for-stm32.10.3-2021.10.win32_1.0.0.202111181127/tools/bin/../lib/gcc/arm-none-eabi/10.3.1/../../../../arm-none-eabi/lib/thumb/v6-m/nofp\libc_nano.a(lib_a-stdio.o)
                0x00000000080061f8                __swrite
 .text.__sseek  0x0000000008006230       0x2c c:/st/stm32cubeide_1.9.0/stm32cubeide/plugins/com.st.stm32cube.ide.mcu.externaltools.gnu-tools-for-stm32.10.3-2021.10.win32_1.0.0.202111181127/tools/bin/../lib/gcc/arm-none-eabi/10.3.1/../../../../arm-none-eabi/lib/thumb/v6-m/nofp\libc_nano.a(lib_a-stdio.o)
                0x0000000008006230                __sseek
 .text.__sclose
                0x000000000800625c        0xc c:/st/stm32cubeide_1.9.0/stm32cubeide/plugins/com.st.stm32cube.ide.mcu.externaltools.gnu-tools-for-stm32.10.3-2021.10.win32_1.0.0.202111181127/tools/bin/../lib/gcc/arm-none-eabi/10.3.1/../../../../arm-none-eabi/lib/thumb/v6-m/nofp\libc_nano.a(lib_a-stdio.o)
                0x000000000800625c                __sclose
 .text._write_r
                0x0000000008006268       0x28 c:/st/stm32cubeide_1.9.0/stm32cubeide/plugins/com.st.stm32cube.ide.mcu.externaltools.gnu-tools-for-stm32.10.3-2021.10.win32_1.0.0.202111181127/tools/bin/../lib/gcc/arm-none-eabi/10.3.1/../../../../arm-none-eabi/lib/thumb/v6-m/nofp\libc_nano.a(lib_a-writer.o)
                0x0000000008006268                _write_r
 .text._close_r
                0x0000000008006290       0x24 c:/st/stm32cubeide_1.9.0/stm32cubeide/plugins/com.st.stm32cube.ide.mcu.externaltools.gnu-tools-for-stm32.10.3-2021.10.win32_1.0.0.202111181127/tools/bin/../lib/gcc/arm-none-eabi/10.3.1/../../../../arm-none-eabi/lib/thumb/v6-m/nofp\libc_nano.a(lib_a-closer.o)
                0x0000000008006290                _close_r
 .text._fstat_r
                0x00000000080062b4       0x24 c:/st/stm32cubeide_1.9.0/stm32cubeide/plugins/com.st.stm32cube.ide.mcu.externaltools.gnu-tools-for-stm32.10.3-2021.10.win32_1.0.0.202111181127/tools/bin/../lib/gcc/arm-none-eabi/10.3.1/../../../../arm-none-eabi/lib/thumb/v6-m/nofp\libc_nano.a(lib_a-fstatr.o)
                0x00000000080062b4                _fstat_r
 .text._isatty_r
                0x00000000080062d8       0x24 c:/st/stm32cubeide_1.9.0/stm32cubeide/plugins/com.st.stm32cube.ide.mcu.externaltools.gnu-tools-for-stm32.10.3-2021.10.win32_1.0.0.202111181127/tools/bin/../lib/gcc/arm-none-eabi/10.3.1/../../../../arm-none-eabi/lib/thumb/v6-m/nofp\libc_nano.a(lib_a-isattyr.o)
                0x00000000080062d8                _isatty_r
 .text._lseek_r
                0x00000000080062fc       0x28 c:/st/stm32cubeide_1.9.0/stm32cubeide/plugins/com.st.stm32cube.ide.mcu.externaltools.gnu-tools-for-stm32.10.3-2021.10.win32_1.0.0.202111181127/tools/bin/../lib/gcc/arm-none-eabi/10.3.1/../../../../arm-none-eabi/lib/thumb/v6-m/nofp\libc_nano.a(lib_a-lseekr.o)
                0x00000000080062fc                _lseek_r
 .text.memchr   0x0000000008006324       0x16 c:/st/stm32cubeide_1.9.0/stm32cubeide/plugins/com.st.stm32cube.ide.mcu.externaltools.gnu-tools-for-stm32.10.3-2021.10.win32_1.0.0.202111181127/tools/bin/../lib/gcc/arm-none-eabi/10.3.1/../../../../arm-none-eabi/lib/thumb/v6-m/nofp\libc_nano.a(lib_a-memchr-stub.o)
                0x0000000008006324                memchr
 *fill*         0x000000000800633a        0x2 
 .text.__malloc_lock
                0x000000000800633c       0x10 c:/st/stm32cubeide_1.9.0/stm32cubeide/plugins/com.st.stm32cube.ide.mcu.externaltools.gnu-tools-for-stm32.10.3-2021.10.win32_1.0.0.202111181127/tools/bin/../lib/gcc/arm-none-eabi/10.3.1/../../../../arm-none-eabi/lib/thumb/v6-m/nofp\libc_nano.a(lib_a-mlock.o)
                0x000000000800633c                __malloc_lock
 .text.__malloc_unlock
                0x000000000800634c       0x10 c:/st/stm32cubeide_1.9.0/stm32cubeide/plugins/com.st.stm32cube.ide.mcu.externaltools.gnu-tools-for-stm32.10.3-2021.10.win32_1.0.0.202111181127/tools/bin/../lib/gcc/arm-none-eabi/10.3.1/../../../../arm-none-eabi/lib/thumb/v6-m/nofp\libc_nano.a(lib_a-mlock.o)
                0x000000000800634c                __malloc_unlock
 .text._read_r  0x000000000800635c       0x28 c:/st/stm32cubeide_1.9.0/stm32cubeide/plugins/com.st.stm32cube.ide.mcu.externaltools.gnu-tools-for-stm32.10.3-2021.10.win32_1.0.0.202111181127/tools/bin/../lib/gcc/arm-none-eabi/10.3.1/../../../../arm-none-eabi/lib/thumb/v6-m/nofp\libc_nano.a(lib_a-readr.o)
                0x000000000800635c                _read_r
 *(.glue_7)
 .glue_7        0x0000000008006384        0x0 linker stubs
 *(.glue_7t)
 .glue_7t       0x0000000008006384        0x0 linker stubs
 *(.eh_frame)
 .eh_frame      0x0000000008006384        0x0 c:/st/stm32cubeide_1.9.0/stm32cubeide/plugins/com.st.stm32cube.ide.mcu.externaltools.gnu-tools-for-stm32.10.3-2021.10.win32_1.0.0.202111181127/tools/bin/../lib/gcc/arm-none-eabi/10.3.1/thumb/v6-m/nofp/crtbegin.o
 *(.init)
 .init          0x0000000008006384        0x4 c:/st/stm32cubeide_1.9.0/stm32cubeide/plugins/com.st.stm32cube.ide.mcu.externaltools.gnu-tools-for-stm32.10.3-2021.10.win32_1.0.0.202111181127/tools/bin/../lib/gcc/arm-none-eabi/10.3.1/thumb/v6-m/nofp/crti.o
                0x0000000008006384                _init
 .init          0x0000000008006388        0x8 c:/st/stm32cubeide_1.9.0/stm32cubeide/plugins/com.st.stm32cube.ide.mcu.externaltools.gnu-tools-for-stm32.10.3-2021.10.win32_1.0.0.202111181127/tools/bin/../lib/gcc/arm-none-eabi/10.3.1/thumb/v6-m/nofp/crtn.o
 *(.fini)
 .fini          0x0000000008006390        0x4 c:/st/stm32cubeide_1.9.0/stm32cubeide/plugins/com.st.stm32cube.ide.mcu.externaltools.gnu-tools-for-stm32.10.3-2021.10.win32_1.0.0.202111181127/tools/bin/../lib/gcc/arm-none-eabi/10.3.1/thumb/v6-m/nofp/crti.o
                0x0000000008006390                _fini
 .fini          0x0000000008006394        0x8 c:/st/stm32cubeide_1.9.0/stm32cubeide/plugins/com.st.stm32cube.ide.mcu.externaltools.gnu-tools-for-stm32.10.3-2021.10.win32_1.0.0.202111181127/tools/bin/../lib/gcc/arm-none-eabi/10.3.1/thumb/v6-m/nofp/crtn.o
                0x000000000800639c                . = ALIGN (0x4)
                0x000000000800639c                _etext = .

.vfp11_veneer   0x000000000800639c        0x0
 .vfp11_veneer  0x000000000800639c        0x0 linker stubs

.v4_bx          0x000000000800639c        0x0
 .v4_bx         0x000000000800639c        0x0 linker stubs

.iplt           0x000000000800639c        0x0
 .iplt          0x000000000800639c        0x0 c:/st/stm32cubeide_1.9.0/stm32cubeide/plugins/com.st.stm32cube.ide.mcu.externaltools.gnu-tools-for-stm32.10.3-2021.10.win32_1.0.0.202111181127/tools/bin/../lib/gcc/arm-none-eabi/10.3.1/thumb/v6-m/nofp/crtbegin.o

.rodata         0x000000000800639c      0xb98
                0x000000000800639c                . = ALIGN (0x4)
 *(.rodata)
 .rodata        0x000000000800639c      0x24a ./src/class/audio/audio_device.o
 *(.rodata*)
 .rodata.tud_audio_set_req_entity_cb.str1.1
                0x00000000080065e6       0x49 ./Core/Src/main.o
 .rodata.tud_audio_get_req_entity_cb.str1.1
                0x000000000800662f       0xe9 ./Core/Src/main.o
 .rodata.main.str1.1
                0x0000000008006718        0xa ./Core/Src/main.o
 .rodata.AHBPrescTable
                0x0000000008006722       0x10 ./Core/Src/system_stm32f0xx.o
                0x0000000008006722                AHBPrescTable
 .rodata.APBPrescTable
                0x0000000008006732        0x8 ./Core/Src/system_stm32f0xx.o
                0x0000000008006732                APBPrescTable
 .rodata.str1.1
                0x000000000800673a       0x23 ./Core/Src/usb_descriptors.o
 .rodata.__compound_literal.0
                0x000000000800675d        0x2 ./Core/Src/usb_descriptors.o
 .rodata.desc_configuration
                0x000000000800675f       0x8d ./Core/Src/usb_descriptors.o
                0x000000000800675f                desc_configuration
 .rodata.desc_device
                0x00000000080067ec       0x12 ./Core/Src/usb_descriptors.o
                0x00000000080067ec                desc_device
 .rodata.HAL_RCC_GetSysClockFreq.str1.1
                0x00000000080067fe       0x22 ./Drivers/STM32F0xx_HAL_Driver/Src/stm32f0xx_hal_rcc.o
 .rodata.CSWTCH.59
                0x0000000008006820        0x3 ./Drivers/STM32F0xx_HAL_Driver/Src/stm32f0xx_hal_uart.o
 .rodata.__func__.1
                0x0000000008006823        0xc ./src/class/audio/audio_device.o
 .rodata.__func__.0
                0x000000000800682f       0x15 ./src/class/audio/audio_device.o
 .rodata.invoke_class_control.str1.1
                0x0000000008006844       0x17 ./src/device/usbd.o
 .rodata.osal_queue_send.isra.0.str1.1
                0x000000000800685b       0x17 ./src/device/usbd.o
 .rodata.usbd_driver_print_control_complete_name.str1.1
                0x0000000008006872       0x18 ./src/device/usbd.o
 .rodata.tud_init.str1.1
                0x000000000800688a       0x33 ./src/device/usbd.o
 .rodata.usbd_edpt_xfer.str1.1
                0x00000000080068bd       0x2c ./src/device/usbd.o
 .rodata.usbd_edpt_stall.str1.1
                0x00000000080068e9       0x14 ./src/device/usbd.o
 .rodata.usbd_edpt_clear_stall.str1.1
                0x00000000080068fd       0x1a ./src/device/usbd.o
 .rodata.tud_task.str1.1
                0x0000000008006917      0x163 ./src/device/usbd.o
                                        0x165 (size before relaxing)
 .rodata.usbd_edpt_close.str1.1
                0x0000000008006a7a       0x1d ./src/device/usbd.o
 .rodata.str1.1
                0x0000000008006a97       0x5c ./src/device/usbd.o
 .rodata.__func__.0
                0x0000000008006af3       0x10 ./src/device/usbd.o
 .rodata.__func__.2
                0x0000000008006b03        0xf ./src/device/usbd.o
 .rodata.__func__.3
                0x0000000008006b12        0xf ./src/device/usbd.o
 .rodata.__func__.5
                0x0000000008006b21       0x10 ./src/device/usbd.o
 .rodata.__func__.6
                0x0000000008006b31       0x17 ./src/device/usbd.o
 .rodata.__func__.7
                0x0000000008006b48       0x13 ./src/device/usbd.o
 .rodata.__func__.8
                0x0000000008006b5b       0x18 ./src/device/usbd.o
 .rodata.__func__.9
                0x0000000008006b73        0x9 ./src/device/usbd.o
 .rodata._usbd_driver
                0x0000000008006b7c       0x1c ./src/device/usbd.o
 .rodata._usbd_event_str
                0x0000000008006b98       0x24 ./src/device/usbd.o
 .rodata.tud_control_xfer.str1.1
                0x0000000008006bbc       0x17 ./src/device/usbd_control.o
 .rodata.__func__.0
                0x0000000008006bbc       0x15 ./src/device/usbd_control.o
 .rodata.__func__.1
                0x0000000008006bd1       0x11 ./src/device/usbd_control.o
 .rodata.dcd_pma_alloc.str1.1
                0x0000000008006be2       0x17 ./src/portable/st/stm32_fsdev/dcd_stm32_fsdev.o
 .rodata.CSWTCH.74
                0x0000000008006be2        0x8 ./src/portable/st/stm32_fsdev/dcd_stm32_fsdev.o
 .rodata.__func__.0
                0x0000000008006bea        0xf ./src/portable/st/stm32_fsdev/dcd_stm32_fsdev.o
 .rodata.__func__.1
                0x0000000008006bf9        0xd ./src/portable/st/stm32_fsdev/dcd_stm32_fsdev.o
 .rodata.__func__.2
                0x0000000008006c06        0xe ./src/portable/st/stm32_fsdev/dcd_stm32_fsdev.o
 .rodata.__func__.3
                0x0000000008006c14        0xe ./src/portable/st/stm32_fsdev/dcd_stm32_fsdev.o
 .rodata.ep0IN_desc
                0x0000000008006c22        0x7 ./src/portable/st/stm32_fsdev/dcd_stm32_fsdev.o
 .rodata.ep0OUT_desc
                0x0000000008006c29        0x7 ./src/portable/st/stm32_fsdev/dcd_stm32_fsdev.o
 .rodata.dump_str_line.str1.1
                0x0000000008006c30        0x7 ./src/tusb.o
 .rodata.tusb_init.str1.1
                0x0000000008006c37       0x17 ./src/tusb.o
 .rodata.tu_edpt_validate.str1.1
                0x0000000008006c37       0x20 ./src/tusb.o
 .rodata.tu_edpt_bind_driver.str1.1
                0x0000000008006c57       0x21 ./src/tusb.o
 .rodata.tu_print_mem.str1.1
                0x0000000008006c78       0x12 ./src/tusb.o
 .rodata.str1.1
                0x0000000008006c8a       0xb2 ./src/tusb.o
 .rodata.__func__.0
                0x0000000008006d3c       0x11 ./src/tusb.o
 .rodata.__func__.1
                0x0000000008006d4d        0xa ./src/tusb.o
 *fill*         0x0000000008006d57        0x1 
 .rodata.tu_str_speed
                0x0000000008006d58        0xc ./src/tusb.o
                0x0000000008006d58                tu_str_speed
 .rodata.tu_str_std_request
                0x0000000008006d64       0x34 ./src/tusb.o
                0x0000000008006d64                tu_str_std_request
 .rodata._ctype_
                0x0000000008006d98      0x101 c:/st/stm32cubeide_1.9.0/stm32cubeide/plugins/com.st.stm32cube.ide.mcu.externaltools.gnu-tools-for-stm32.10.3-2021.10.win32_1.0.0.202111181127/tools/bin/../lib/gcc/arm-none-eabi/10.3.1/../../../../arm-none-eabi/lib/thumb/v6-m/nofp\libc_nano.a(lib_a-ctype_.o)
                0x0000000008006d98                _ctype_
 *fill*         0x0000000008006e99        0x3 
 .rodata._global_impure_ptr
                0x0000000008006e9c        0x4 c:/st/stm32cubeide_1.9.0/stm32cubeide/plugins/com.st.stm32cube.ide.mcu.externaltools.gnu-tools-for-stm32.10.3-2021.10.win32_1.0.0.202111181127/tools/bin/../lib/gcc/arm-none-eabi/10.3.1/../../../../arm-none-eabi/lib/thumb/v6-m/nofp\libc_nano.a(lib_a-impure.o)
                0x0000000008006e9c                _global_impure_ptr
 .rodata.__sf_fake_stderr
                0x0000000008006ea0       0x20 c:/st/stm32cubeide_1.9.0/stm32cubeide/plugins/com.st.stm32cube.ide.mcu.externaltools.gnu-tools-for-stm32.10.3-2021.10.win32_1.0.0.202111181127/tools/bin/../lib/gcc/arm-none-eabi/10.3.1/../../../../arm-none-eabi/lib/thumb/v6-m/nofp\libc_nano.a(lib_a-findfp.o)
                0x0000000008006ea0                __sf_fake_stderr
 .rodata.__sf_fake_stdin
                0x0000000008006ec0       0x20 c:/st/stm32cubeide_1.9.0/stm32cubeide/plugins/com.st.stm32cube.ide.mcu.externaltools.gnu-tools-for-stm32.10.3-2021.10.win32_1.0.0.202111181127/tools/bin/../lib/gcc/arm-none-eabi/10.3.1/../../../../arm-none-eabi/lib/thumb/v6-m/nofp\libc_nano.a(lib_a-findfp.o)
                0x0000000008006ec0                __sf_fake_stdin
 .rodata.__sf_fake_stdout
                0x0000000008006ee0       0x20 c:/st/stm32cubeide_1.9.0/stm32cubeide/plugins/com.st.stm32cube.ide.mcu.externaltools.gnu-tools-for-stm32.10.3-2021.10.win32_1.0.0.202111181127/tools/bin/../lib/gcc/arm-none-eabi/10.3.1/../../../../arm-none-eabi/lib/thumb/v6-m/nofp\libc_nano.a(lib_a-findfp.o)
                0x0000000008006ee0                __sf_fake_stdout
 .rodata._vfprintf_r.str1.1
                0x0000000008006f00       0x11 c:/st/stm32cubeide_1.9.0/stm32cubeide/plugins/com.st.stm32cube.ide.mcu.externaltools.gnu-tools-for-stm32.10.3-2021.10.win32_1.0.0.202111181127/tools/bin/../lib/gcc/arm-none-eabi/10.3.1/../../../../arm-none-eabi/lib/thumb/v6-m/nofp\libc_nano.a(lib_a-nano-vfprintf.o)
 .rodata._printf_i.str1.1
                0x0000000008006f11       0x22 c:/st/stm32cubeide_1.9.0/stm32cubeide/plugins/com.st.stm32cube.ide.mcu.externaltools.gnu-tools-for-stm32.10.3-2021.10.win32_1.0.0.202111181127/tools/bin/../lib/gcc/arm-none-eabi/10.3.1/../../../../arm-none-eabi/lib/thumb/v6-m/nofp\libc_nano.a(lib_a-nano-vfprintf_i.o)
                0x0000000008006f34                . = ALIGN (0x4)
 *fill*         0x0000000008006f33        0x1 

.rel.dyn        0x0000000008006f34        0x0
 .rel.iplt      0x0000000008006f34        0x0 c:/st/stm32cubeide_1.9.0/stm32cubeide/plugins/com.st.stm32cube.ide.mcu.externaltools.gnu-tools-for-stm32.10.3-2021.10.win32_1.0.0.202111181127/tools/bin/../lib/gcc/arm-none-eabi/10.3.1/thumb/v6-m/nofp/crtbegin.o

.ARM.extab      0x0000000008006f34        0x0
                0x0000000008006f34                . = ALIGN (0x4)
 *(.ARM.extab* .gnu.linkonce.armextab.*)
                0x0000000008006f34                . = ALIGN (0x4)

.ARM            0x0000000008006f34        0x0
                0x0000000008006f34                . = ALIGN (0x4)
                0x0000000008006f34                __exidx_start = .
 *(.ARM.exidx*)
                0x0000000008006f34                __exidx_end = .
                0x0000000008006f34                . = ALIGN (0x4)

.preinit_array  0x0000000008006f34        0x0
                0x0000000008006f34                . = ALIGN (0x4)
                0x0000000008006f34                PROVIDE (__preinit_array_start = .)
 *(.preinit_array*)
                0x0000000008006f34                PROVIDE (__preinit_array_end = .)
                0x0000000008006f34                . = ALIGN (0x4)

.init_array     0x0000000008006f34        0x4
                0x0000000008006f34                . = ALIGN (0x4)
                0x0000000008006f34                PROVIDE (__init_array_start = .)
 *(SORT_BY_NAME(.init_array.*))
 *(.init_array*)
 .init_array    0x0000000008006f34        0x4 c:/st/stm32cubeide_1.9.0/stm32cubeide/plugins/com.st.stm32cube.ide.mcu.externaltools.gnu-tools-for-stm32.10.3-2021.10.win32_1.0.0.202111181127/tools/bin/../lib/gcc/arm-none-eabi/10.3.1/thumb/v6-m/nofp/crtbegin.o
                0x0000000008006f38                PROVIDE (__init_array_end = .)
                0x0000000008006f38                . = ALIGN (0x4)

.fini_array     0x0000000008006f38        0x4
                0x0000000008006f38                . = ALIGN (0x4)
                [!provide]                        PROVIDE (__fini_array_start = .)
 *(SORT_BY_NAME(.fini_array.*))
 *(.fini_array*)
 .fini_array    0x0000000008006f38        0x4 c:/st/stm32cubeide_1.9.0/stm32cubeide/plugins/com.st.stm32cube.ide.mcu.externaltools.gnu-tools-for-stm32.10.3-2021.10.win32_1.0.0.202111181127/tools/bin/../lib/gcc/arm-none-eabi/10.3.1/thumb/v6-m/nofp/crtbegin.o
                [!provide]                        PROVIDE (__fini_array_end = .)
                0x0000000008006f3c                . = ALIGN (0x4)
                0x0000000008006f3c                _sidata = LOADADDR (.data)

.data           0x0000000020000000       0xa0 load address 0x0000000008006f3c
                0x0000000020000000                . = ALIGN (0x4)
                0x0000000020000000                _sdata = .
 *(.data)
 *(.data*)
 .data.SystemCoreClock
                0x0000000020000000        0x4 ./Core/Src/system_stm32f0xx.o
                0x0000000020000000                SystemCoreClock
 .data.string_desc_arr
                0x0000000020000004       0x14 ./Core/Src/usb_descriptors.o
                0x0000000020000004                string_desc_arr
 .data.uwTickFreq
                0x0000000020000018        0x1 ./Drivers/STM32F0xx_HAL_Driver/Src/stm32f0xx_hal.o
                0x0000000020000018                uwTickFreq
 *fill*         0x0000000020000019        0x3 
 .data.uwTickPrio
                0x000000002000001c        0x4 ./Drivers/STM32F0xx_HAL_Driver/Src/stm32f0xx_hal.o
                0x000000002000001c                uwTickPrio
 .data._usbd_qdef
                0x0000000020000020       0x18 ./src/device/usbd.o
                0x0000000020000020                _usbd_qdef
 .data._usbd_rhport
                0x0000000020000038        0x1 ./src/device/usbd.o
 *fill*         0x0000000020000039        0x3 
 .data._impure_ptr
                0x000000002000003c        0x4 c:/st/stm32cubeide_1.9.0/stm32cubeide/plugins/com.st.stm32cube.ide.mcu.externaltools.gnu-tools-for-stm32.10.3-2021.10.win32_1.0.0.202111181127/tools/bin/../lib/gcc/arm-none-eabi/10.3.1/../../../../arm-none-eabi/lib/thumb/v6-m/nofp\libc_nano.a(lib_a-impure.o)
                0x000000002000003c                _impure_ptr
 .data.impure_data
                0x0000000020000040       0x60 c:/st/stm32cubeide_1.9.0/stm32cubeide/plugins/com.st.stm32cube.ide.mcu.externaltools.gnu-tools-for-stm32.10.3-2021.10.win32_1.0.0.202111181127/tools/bin/../lib/gcc/arm-none-eabi/10.3.1/../../../../arm-none-eabi/lib/thumb/v6-m/nofp\libc_nano.a(lib_a-impure.o)
 *(.RamFunc)
 *(.RamFunc*)
                0x00000000200000a0                . = ALIGN (0x4)
                0x00000000200000a0                _edata = .

.igot.plt       0x00000000200000a0        0x0 load address 0x0000000008006fdc
 .igot.plt      0x00000000200000a0        0x0 c:/st/stm32cubeide_1.9.0/stm32cubeide/plugins/com.st.stm32cube.ide.mcu.externaltools.gnu-tools-for-stm32.10.3-2021.10.win32_1.0.0.202111181127/tools/bin/../lib/gcc/arm-none-eabi/10.3.1/thumb/v6-m/nofp/crtbegin.o
                0x00000000200000a0                . = ALIGN (0x4)

.bss            0x00000000200000a0      0x824 load address 0x0000000008006fdc
                0x00000000200000a0                _sbss = .
                0x00000000200000a0                __bss_start__ = _sbss
 *(.bss)
 .bss           0x00000000200000a0       0x1c c:/st/stm32cubeide_1.9.0/stm32cubeide/plugins/com.st.stm32cube.ide.mcu.externaltools.gnu-tools-for-stm32.10.3-2021.10.win32_1.0.0.202111181127/tools/bin/../lib/gcc/arm-none-eabi/10.3.1/thumb/v6-m/nofp/crtbegin.o
 *(.bss*)
 .bss.clkValid  0x00000000200000bc        0x1 ./Core/Src/main.o
                0x00000000200000bc                clkValid
 *fill*         0x00000000200000bd        0x1 
 .bss.dataVal.0
                0x00000000200000be        0x2 ./Core/Src/main.o
 .bss.hi2s1     0x00000000200000c0       0x3c ./Core/Src/main.o
                0x00000000200000c0                hi2s1
 .bss.hpcd_USB_FS
                0x00000000200000fc      0x2f4 ./Core/Src/main.o
                0x00000000200000fc                hpcd_USB_FS
 .bss.huart2    0x00000000200003f0       0x84 ./Core/Src/main.o
                0x00000000200003f0                huart2
 .bss.i2s_dummy_buffer
                0x0000000020000474       0x62 ./Core/Src/main.o
                0x0000000020000474                i2s_dummy_buffer
 .bss.mute      0x00000000200004d6        0x2 ./Core/Src/main.o
                0x00000000200004d6                mute
 .bss.sampFreq  0x00000000200004d8        0x4 ./Core/Src/main.o
                0x00000000200004d8                sampFreq
 .bss.sampleFreqRng
                0x00000000200004dc        0xe ./Core/Src/main.o
                0x00000000200004dc                sampleFreqRng
 .bss.volume    0x00000000200004ea        0x4 ./Core/Src/main.o
                0x00000000200004ea                volume
 *fill*         0x00000000200004ee        0x2 
 .bss.__sbrk_heap_end
                0x00000000200004f0        0x4 ./Core/Src/sysmem.o
 .bss._desc_str
                0x00000000200004f4       0x40 ./Core/Src/usb_descriptors.o
 .bss.uwTick    0x0000000020000534        0x4 ./Drivers/STM32F0xx_HAL_Driver/Src/stm32f0xx_hal.o
                0x0000000020000534                uwTick
 .bss._audiod_fct
                0x0000000020000538       0x34 ./src/class/audio/audio_device.o
                0x0000000020000538                _audiod_fct
 .bss.tx_supp_ff_1
                0x000000002000056c       0x14 ./src/class/audio/audio_device.o
                0x000000002000056c                tx_supp_ff_1
 .bss.tx_supp_ff_buf_1
                0x0000000020000580       0x62 ./src/class/audio/audio_device.o
                0x0000000020000580                tx_supp_ff_buf_1
 .bss.alt_setting_1
                0x00000000200005e2        0x1 ./src/class/audio/audio_device.o
                0x00000000200005e2                alt_setting_1
 *fill*         0x00000000200005e3        0x1 
 .bss.ctrl_buf_1
                0x00000000200005e4       0x40 ./src/class/audio/audio_device.o
                0x00000000200005e4                ctrl_buf_1
 .bss.lin_buf_in_1
                0x0000000020000624       0x62 ./src/class/audio/audio_device.o
                0x0000000020000624                lin_buf_in_1
 *fill*         0x0000000020000686        0x2 
 .bss._app_driver
                0x0000000020000688        0x4 ./src/device/usbd.o
 .bss._app_driver_count
                0x000000002000068c        0x1 ./src/device/usbd.o
 .bss._usbd_dev
                0x000000002000068d       0x33 ./src/device/usbd.o
 .bss._usbd_q   0x00000000200006c0        0x4 ./src/device/usbd.o
 .bss._usbd_qdef_buf
                0x00000000200006c4       0xc0 ./src/device/usbd.o
                0x00000000200006c4                _usbd_qdef_buf
 .bss._ctrl_xfer
                0x0000000020000784       0x14 ./src/device/usbd_control.o
 .bss._usbd_ctrl_buf
                0x0000000020000798       0x40 ./src/device/usbd_control.o
 .bss._setup_packet
                0x00000000200007d8       0x18 ./src/portable/st/stm32_fsdev/dcd_stm32_fsdev.o
 .bss.ep_buf_ptr
                0x00000000200007f0        0x2 ./src/portable/st/stm32_fsdev/dcd_stm32_fsdev.o
 .bss.open_ep_count
                0x00000000200007f2        0x1 ./src/portable/st/stm32_fsdev/dcd_stm32_fsdev.o
 .bss.remoteWakeCountdown
                0x00000000200007f3        0x1 ./src/portable/st/stm32_fsdev/dcd_stm32_fsdev.o
 .bss.xfer_status
                0x00000000200007f4       0xc0 ./src/portable/st/stm32_fsdev/dcd_stm32_fsdev.o
 .bss.__lock___malloc_recursive_mutex
                0x00000000200008b4        0x1 c:/st/stm32cubeide_1.9.0/stm32cubeide/plugins/com.st.stm32cube.ide.mcu.externaltools.gnu-tools-for-stm32.10.3-2021.10.win32_1.0.0.202111181127/tools/bin/../lib/gcc/arm-none-eabi/10.3.1/../../../../arm-none-eabi/lib/thumb/v6-m/nofp\libc_nano.a(lib_a-lock.o)
                0x00000000200008b4                __lock___malloc_recursive_mutex
 .bss.__lock___sfp_recursive_mutex
                0x00000000200008b5        0x1 c:/st/stm32cubeide_1.9.0/stm32cubeide/plugins/com.st.stm32cube.ide.mcu.externaltools.gnu-tools-for-stm32.10.3-2021.10.win32_1.0.0.202111181127/tools/bin/../lib/gcc/arm-none-eabi/10.3.1/../../../../arm-none-eabi/lib/thumb/v6-m/nofp\libc_nano.a(lib_a-lock.o)
                0x00000000200008b5                __lock___sfp_recursive_mutex
 .bss.__lock___sinit_recursive_mutex
                0x00000000200008b6        0x1 c:/st/stm32cubeide_1.9.0/stm32cubeide/plugins/com.st.stm32cube.ide.mcu.externaltools.gnu-tools-for-stm32.10.3-2021.10.win32_1.0.0.202111181127/tools/bin/../lib/gcc/arm-none-eabi/10.3.1/../../../../arm-none-eabi/lib/thumb/v6-m/nofp\libc_nano.a(lib_a-lock.o)
                0x00000000200008b6                __lock___sinit_recursive_mutex
 *fill*         0x00000000200008b7        0x1 
 .bss.__malloc_free_list
                0x00000000200008b8        0x4 c:/st/stm32cubeide_1.9.0/stm32cubeide/plugins/com.st.stm32cube.ide.mcu.externaltools.gnu-tools-for-stm32.10.3-2021.10.win32_1.0.0.202111181127/tools/bin/../lib/gcc/arm-none-eabi/10.3.1/../../../../arm-none-eabi/lib/thumb/v6-m/nofp\libc_nano.a(lib_a-nano-mallocr.o)
                0x00000000200008b8                __malloc_free_list
 .bss.__malloc_sbrk_start
                0x00000000200008bc        0x4 c:/st/stm32cubeide_1.9.0/stm32cubeide/plugins/com.st.stm32cube.ide.mcu.externaltools.gnu-tools-for-stm32.10.3-2021.10.win32_1.0.0.202111181127/tools/bin/../lib/gcc/arm-none-eabi/10.3.1/../../../../arm-none-eabi/lib/thumb/v6-m/nofp\libc_nano.a(lib_a-nano-mallocr.o)
                0x00000000200008bc                __malloc_sbrk_start
 .bss.errno     0x00000000200008c0        0x4 c:/st/stm32cubeide_1.9.0/stm32cubeide/plugins/com.st.stm32cube.ide.mcu.externaltools.gnu-tools-for-stm32.10.3-2021.10.win32_1.0.0.202111181127/tools/bin/../lib/gcc/arm-none-eabi/10.3.1/../../../../arm-none-eabi/lib/thumb/v6-m/nofp\libc_nano.a(lib_a-reent.o)
                0x00000000200008c0                errno
 *(COMMON)
                0x00000000200008c4                . = ALIGN (0x4)
                0x00000000200008c4                _ebss = .
                0x00000000200008c4                __bss_end__ = _ebss

._user_heap_stack
                0x00000000200008c4      0x604 load address 0x0000000008006fdc
                0x00000000200008c8                . = ALIGN (0x8)
 *fill*         0x00000000200008c4        0x4 
                [!provide]                        PROVIDE (end = .)
                0x00000000200008c8                PROVIDE (_end = .)
                0x0000000020000ac8                . = (. + _Min_Heap_Size)
 *fill*         0x00000000200008c8      0x200 
                0x0000000020000ec8                . = (. + _Min_Stack_Size)
 *fill*         0x0000000020000ac8      0x400 
                0x0000000020000ec8                . = ALIGN (0x8)

/DISCARD/
 libc.a(*)
 libm.a(*)
 libgcc.a(*)

.ARM.attributes
                0x0000000000000000       0x28
 *(.ARM.attributes)
 .ARM.attributes
                0x0000000000000000       0x1e c:/st/stm32cubeide_1.9.0/stm32cubeide/plugins/com.st.stm32cube.ide.mcu.externaltools.gnu-tools-for-stm32.10.3-2021.10.win32_1.0.0.202111181127/tools/bin/../lib/gcc/arm-none-eabi/10.3.1/thumb/v6-m/nofp/crti.o
 .ARM.attributes
                0x000000000000001e       0x2c c:/st/stm32cubeide_1.9.0/stm32cubeide/plugins/com.st.stm32cube.ide.mcu.externaltools.gnu-tools-for-stm32.10.3-2021.10.win32_1.0.0.202111181127/tools/bin/../lib/gcc/arm-none-eabi/10.3.1/thumb/v6-m/nofp/crtbegin.o
 .ARM.attributes
                0x000000000000004a       0x2c ./Core/Src/main.o
 .ARM.attributes
                0x0000000000000076       0x2c ./Core/Src/stm32f0xx_hal_msp.o
 .ARM.attributes
                0x00000000000000a2       0x2c ./Core/Src/stm32f0xx_it.o
 .ARM.attributes
                0x00000000000000ce       0x2c ./Core/Src/syscalls.o
 .ARM.attributes
                0x00000000000000fa       0x2c ./Core/Src/sysmem.o
 .ARM.attributes
                0x0000000000000126       0x2c ./Core/Src/system_stm32f0xx.o
 .ARM.attributes
                0x0000000000000152       0x2c ./Core/Src/usb_descriptors.o
 .ARM.attributes
                0x000000000000017e       0x21 ./Core/Startup/startup_stm32f042k6tx.o
 .ARM.attributes
                0x000000000000019f       0x2c ./Drivers/STM32F0xx_HAL_Driver/Src/stm32f0xx_hal.o
 .ARM.attributes
                0x00000000000001cb       0x2c ./Drivers/STM32F0xx_HAL_Driver/Src/stm32f0xx_hal_cortex.o
 .ARM.attributes
                0x00000000000001f7       0x2c ./Drivers/STM32F0xx_HAL_Driver/Src/stm32f0xx_hal_gpio.o
 .ARM.attributes
                0x0000000000000223       0x2c ./Drivers/STM32F0xx_HAL_Driver/Src/stm32f0xx_hal_i2s.o
 .ARM.attributes
                0x000000000000024f       0x2c ./Drivers/STM32F0xx_HAL_Driver/Src/stm32f0xx_hal_pcd.o
 .ARM.attributes
                0x000000000000027b       0x2c ./Drivers/STM32F0xx_HAL_Driver/Src/stm32f0xx_hal_pcd_ex.o
 .ARM.attributes
                0x00000000000002a7       0x2c ./Drivers/STM32F0xx_HAL_Driver/Src/stm32f0xx_hal_rcc.o
 .ARM.attributes
                0x00000000000002d3       0x2c ./Drivers/STM32F0xx_HAL_Driver/Src/stm32f0xx_hal_rcc_ex.o
 .ARM.attributes
                0x00000000000002ff       0x2c ./Drivers/STM32F0xx_HAL_Driver/Src/stm32f0xx_hal_uart.o
 .ARM.attributes
                0x000000000000032b       0x2c ./Drivers/STM32F0xx_HAL_Driver/Src/stm32f0xx_ll_usb.o
 .ARM.attributes
                0x0000000000000357       0x2c ./src/class/audio/audio_device.o
 .ARM.attributes
                0x0000000000000383       0x2c ./src/common/tusb_fifo.o
 .ARM.attributes
                0x00000000000003af       0x2c ./src/device/usbd.o
 .ARM.attributes
                0x00000000000003db       0x2c ./src/device/usbd_control.o
 .ARM.attributes
                0x0000000000000407       0x2c ./src/portable/st/stm32_fsdev/dcd_stm32_fsdev.o
 .ARM.attributes
                0x0000000000000433       0x2c ./src/tusb.o
 .ARM.attributes
                0x000000000000045f       0x2c c:/st/stm32cubeide_1.9.0/stm32cubeide/plugins/com.st.stm32cube.ide.mcu.externaltools.gnu-tools-for-stm32.10.3-2021.10.win32_1.0.0.202111181127/tools/bin/../lib/gcc/arm-none-eabi/10.3.1/../../../../arm-none-eabi/lib/thumb/v6-m/nofp\libc_nano.a(lib_a-ctype_.o)
 .ARM.attributes
                0x000000000000048b       0x2c c:/st/stm32cubeide_1.9.0/stm32cubeide/plugins/com.st.stm32cube.ide.mcu.externaltools.gnu-tools-for-stm32.10.3-2021.10.win32_1.0.0.202111181127/tools/bin/../lib/gcc/arm-none-eabi/10.3.1/../../../../arm-none-eabi/lib/thumb/v6-m/nofp\libc_nano.a(lib_a-errno.o)
 .ARM.attributes
                0x00000000000004b7       0x2c c:/st/stm32cubeide_1.9.0/stm32cubeide/plugins/com.st.stm32cube.ide.mcu.externaltools.gnu-tools-for-stm32.10.3-2021.10.win32_1.0.0.202111181127/tools/bin/../lib/gcc/arm-none-eabi/10.3.1/../../../../arm-none-eabi/lib/thumb/v6-m/nofp\libc_nano.a(lib_a-impure.o)
 .ARM.attributes
                0x00000000000004e3       0x2c c:/st/stm32cubeide_1.9.0/stm32cubeide/plugins/com.st.stm32cube.ide.mcu.externaltools.gnu-tools-for-stm32.10.3-2021.10.win32_1.0.0.202111181127/tools/bin/../lib/gcc/arm-none-eabi/10.3.1/../../../../arm-none-eabi/lib/thumb/v6-m/nofp\libc_nano.a(lib_a-init.o)
 .ARM.attributes
                0x000000000000050f       0x2c c:/st/stm32cubeide_1.9.0/stm32cubeide/plugins/com.st.stm32cube.ide.mcu.externaltools.gnu-tools-for-stm32.10.3-2021.10.win32_1.0.0.202111181127/tools/bin/../lib/gcc/arm-none-eabi/10.3.1/../../../../arm-none-eabi/lib/thumb/v6-m/nofp\libc_nano.a(lib_a-memcpy-stub.o)
 .ARM.attributes
                0x000000000000053b       0x2c c:/st/stm32cubeide_1.9.0/stm32cubeide/plugins/com.st.stm32cube.ide.mcu.externaltools.gnu-tools-for-stm32.10.3-2021.10.win32_1.0.0.202111181127/tools/bin/../lib/gcc/arm-none-eabi/10.3.1/../../../../arm-none-eabi/lib/thumb/v6-m/nofp\libc_nano.a(lib_a-memset.o)
 .ARM.attributes
                0x0000000000000567       0x2c c:/st/stm32cubeide_1.9.0/stm32cubeide/plugins/com.st.stm32cube.ide.mcu.externaltools.gnu-tools-for-stm32.10.3-2021.10.win32_1.0.0.202111181127/tools/bin/../lib/gcc/arm-none-eabi/10.3.1/../../../../arm-none-eabi/lib/thumb/v6-m/nofp\libc_nano.a(lib_a-printf.o)
 .ARM.attributes
                0x0000000000000593       0x2c c:/st/stm32cubeide_1.9.0/stm32cubeide/plugins/com.st.stm32cube.ide.mcu.externaltools.gnu-tools-for-stm32.10.3-2021.10.win32_1.0.0.202111181127/tools/bin/../lib/gcc/arm-none-eabi/10.3.1/../../../../arm-none-eabi/lib/thumb/v6-m/nofp\libc_nano.a(lib_a-putchar.o)
 .ARM.attributes
                0x00000000000005bf       0x2c c:/st/stm32cubeide_1.9.0/stm32cubeide/plugins/com.st.stm32cube.ide.mcu.externaltools.gnu-tools-for-stm32.10.3-2021.10.win32_1.0.0.202111181127/tools/bin/../lib/gcc/arm-none-eabi/10.3.1/../../../../arm-none-eabi/lib/thumb/v6-m/nofp\libc_nano.a(lib_a-puts.o)
 .ARM.attributes
                0x00000000000005eb       0x1c c:/st/stm32cubeide_1.9.0/stm32cubeide/plugins/com.st.stm32cube.ide.mcu.externaltools.gnu-tools-for-stm32.10.3-2021.10.win32_1.0.0.202111181127/tools/bin/../lib/gcc/arm-none-eabi/10.3.1/../../../../arm-none-eabi/lib/thumb/v6-m/nofp\libc_nano.a(lib_a-strlen.o)
 .ARM.attributes
                0x0000000000000607       0x2c c:/st/stm32cubeide_1.9.0/stm32cubeide/plugins/com.st.stm32cube.ide.mcu.externaltools.gnu-tools-for-stm32.10.3-2021.10.win32_1.0.0.202111181127/tools/bin/../lib/gcc/arm-none-eabi/10.3.1/../../../../arm-none-eabi/lib/thumb/v6-m/nofp\libc_nano.a(lib_a-wbuf.o)
 .ARM.attributes
                0x0000000000000633       0x2c c:/st/stm32cubeide_1.9.0/stm32cubeide/plugins/com.st.stm32cube.ide.mcu.externaltools.gnu-tools-for-stm32.10.3-2021.10.win32_1.0.0.202111181127/tools/bin/../lib/gcc/arm-none-eabi/10.3.1/../../../../arm-none-eabi/lib/thumb/v6-m/nofp\libc_nano.a(lib_a-wsetup.o)
 .ARM.attributes
                0x000000000000065f       0x2c c:/st/stm32cubeide_1.9.0/stm32cubeide/plugins/com.st.stm32cube.ide.mcu.externaltools.gnu-tools-for-stm32.10.3-2021.10.win32_1.0.0.202111181127/tools/bin/../lib/gcc/arm-none-eabi/10.3.1/../../../../arm-none-eabi/lib/thumb/v6-m/nofp\libc_nano.a(lib_a-fflush.o)
 .ARM.attributes
                0x000000000000068b       0x2c c:/st/stm32cubeide_1.9.0/stm32cubeide/plugins/com.st.stm32cube.ide.mcu.externaltools.gnu-tools-for-stm32.10.3-2021.10.win32_1.0.0.202111181127/tools/bin/../lib/gcc/arm-none-eabi/10.3.1/../../../../arm-none-eabi/lib/thumb/v6-m/nofp\libc_nano.a(lib_a-findfp.o)
 .ARM.attributes
                0x00000000000006b7       0x2c c:/st/stm32cubeide_1.9.0/stm32cubeide/plugins/com.st.stm32cube.ide.mcu.externaltools.gnu-tools-for-stm32.10.3-2021.10.win32_1.0.0.202111181127/tools/bin/../lib/gcc/arm-none-eabi/10.3.1/../../../../arm-none-eabi/lib/thumb/v6-m/nofp\libc_nano.a(lib_a-fwalk.o)
 .ARM.attributes
                0x00000000000006e3       0x2c c:/st/stm32cubeide_1.9.0/stm32cubeide/plugins/com.st.stm32cube.ide.mcu.externaltools.gnu-tools-for-stm32.10.3-2021.10.win32_1.0.0.202111181127/tools/bin/../lib/gcc/arm-none-eabi/10.3.1/../../../../arm-none-eabi/lib/thumb/v6-m/nofp\libc_nano.a(lib_a-lock.o)
 .ARM.attributes
                0x000000000000070f       0x2c c:/st/stm32cubeide_1.9.0/stm32cubeide/plugins/com.st.stm32cube.ide.mcu.externaltools.gnu-tools-for-stm32.10.3-2021.10.win32_1.0.0.202111181127/tools/bin/../lib/gcc/arm-none-eabi/10.3.1/../../../../arm-none-eabi/lib/thumb/v6-m/nofp\libc_nano.a(lib_a-makebuf.o)
 .ARM.attributes
                0x000000000000073b       0x2c c:/st/stm32cubeide_1.9.0/stm32cubeide/plugins/com.st.stm32cube.ide.mcu.externaltools.gnu-tools-for-stm32.10.3-2021.10.win32_1.0.0.202111181127/tools/bin/../lib/gcc/arm-none-eabi/10.3.1/../../../../arm-none-eabi/lib/thumb/v6-m/nofp\libc_nano.a(lib_a-nano-freer.o)
 .ARM.attributes
                0x0000000000000767       0x2c c:/st/stm32cubeide_1.9.0/stm32cubeide/plugins/com.st.stm32cube.ide.mcu.externaltools.gnu-tools-for-stm32.10.3-2021.10.win32_1.0.0.202111181127/tools/bin/../lib/gcc/arm-none-eabi/10.3.1/../../../../arm-none-eabi/lib/thumb/v6-m/nofp\libc_nano.a(lib_a-nano-mallocr.o)
 .ARM.attributes
                0x0000000000000793       0x2c c:/st/stm32cubeide_1.9.0/stm32cubeide/plugins/com.st.stm32cube.ide.mcu.externaltools.gnu-tools-for-stm32.10.3-2021.10.win32_1.0.0.202111181127/tools/bin/../lib/gcc/arm-none-eabi/10.3.1/../../../../arm-none-eabi/lib/thumb/v6-m/nofp\libc_nano.a(lib_a-nano-vfprintf.o)
 .ARM.attributes
                0x00000000000007bf       0x2c c:/st/stm32cubeide_1.9.0/stm32cubeide/plugins/com.st.stm32cube.ide.mcu.externaltools.gnu-tools-for-stm32.10.3-2021.10.win32_1.0.0.202111181127/tools/bin/../lib/gcc/arm-none-eabi/10.3.1/../../../../arm-none-eabi/lib/thumb/v6-m/nofp\libc_nano.a(lib_a-nano-vfprintf_i.o)
 .ARM.attributes
                0x00000000000007eb       0x2c c:/st/stm32cubeide_1.9.0/stm32cubeide/plugins/com.st.stm32cube.ide.mcu.externaltools.gnu-tools-for-stm32.10.3-2021.10.win32_1.0.0.202111181127/tools/bin/../lib/gcc/arm-none-eabi/10.3.1/../../../../arm-none-eabi/lib/thumb/v6-m/nofp\libc_nano.a(lib_a-putc.o)
 .ARM.attributes
                0x0000000000000817       0x2c c:/st/stm32cubeide_1.9.0/stm32cubeide/plugins/com.st.stm32cube.ide.mcu.externaltools.gnu-tools-for-stm32.10.3-2021.10.win32_1.0.0.202111181127/tools/bin/../lib/gcc/arm-none-eabi/10.3.1/../../../../arm-none-eabi/lib/thumb/v6-m/nofp\libc_nano.a(lib_a-sbrkr.o)
 .ARM.attributes
                0x0000000000000843       0x2c c:/st/stm32cubeide_1.9.0/stm32cubeide/plugins/com.st.stm32cube.ide.mcu.externaltools.gnu-tools-for-stm32.10.3-2021.10.win32_1.0.0.202111181127/tools/bin/../lib/gcc/arm-none-eabi/10.3.1/../../../../arm-none-eabi/lib/thumb/v6-m/nofp\libc_nano.a(lib_a-stdio.o)
 .ARM.attributes
                0x000000000000086f       0x2c c:/st/stm32cubeide_1.9.0/stm32cubeide/plugins/com.st.stm32cube.ide.mcu.externaltools.gnu-tools-for-stm32.10.3-2021.10.win32_1.0.0.202111181127/tools/bin/../lib/gcc/arm-none-eabi/10.3.1/../../../../arm-none-eabi/lib/thumb/v6-m/nofp\libc_nano.a(lib_a-writer.o)
 .ARM.attributes
                0x000000000000089b       0x2c c:/st/stm32cubeide_1.9.0/stm32cubeide/plugins/com.st.stm32cube.ide.mcu.externaltools.gnu-tools-for-stm32.10.3-2021.10.win32_1.0.0.202111181127/tools/bin/../lib/gcc/arm-none-eabi/10.3.1/../../../../arm-none-eabi/lib/thumb/v6-m/nofp\libc_nano.a(lib_a-closer.o)
 .ARM.attributes
                0x00000000000008c7       0x2c c:/st/stm32cubeide_1.9.0/stm32cubeide/plugins/com.st.stm32cube.ide.mcu.externaltools.gnu-tools-for-stm32.10.3-2021.10.win32_1.0.0.202111181127/tools/bin/../lib/gcc/arm-none-eabi/10.3.1/../../../../arm-none-eabi/lib/thumb/v6-m/nofp\libc_nano.a(lib_a-fstatr.o)
 .ARM.attributes
                0x00000000000008f3       0x2c c:/st/stm32cubeide_1.9.0/stm32cubeide/plugins/com.st.stm32cube.ide.mcu.externaltools.gnu-tools-for-stm32.10.3-2021.10.win32_1.0.0.202111181127/tools/bin/../lib/gcc/arm-none-eabi/10.3.1/../../../../arm-none-eabi/lib/thumb/v6-m/nofp\libc_nano.a(lib_a-isattyr.o)
 .ARM.attributes
                0x000000000000091f       0x2c c:/st/stm32cubeide_1.9.0/stm32cubeide/plugins/com.st.stm32cube.ide.mcu.externaltools.gnu-tools-for-stm32.10.3-2021.10.win32_1.0.0.202111181127/tools/bin/../lib/gcc/arm-none-eabi/10.3.1/../../../../arm-none-eabi/lib/thumb/v6-m/nofp\libc_nano.a(lib_a-lseekr.o)
 .ARM.attributes
                0x000000000000094b       0x2c c:/st/stm32cubeide_1.9.0/stm32cubeide/plugins/com.st.stm32cube.ide.mcu.externaltools.gnu-tools-for-stm32.10.3-2021.10.win32_1.0.0.202111181127/tools/bin/../lib/gcc/arm-none-eabi/10.3.1/../../../../arm-none-eabi/lib/thumb/v6-m/nofp\libc_nano.a(lib_a-memchr-stub.o)
 .ARM.attributes
                0x0000000000000977       0x2c c:/st/stm32cubeide_1.9.0/stm32cubeide/plugins/com.st.stm32cube.ide.mcu.externaltools.gnu-tools-for-stm32.10.3-2021.10.win32_1.0.0.202111181127/tools/bin/../lib/gcc/arm-none-eabi/10.3.1/../../../../arm-none-eabi/lib/thumb/v6-m/nofp\libc_nano.a(lib_a-mlock.o)
 .ARM.attributes