../Drivers/STM32F0xx_HAL_Driver/Src/stm32f0xx_hal_i2s.c:1757:26:I2S_WaitFlagStateUntilTimeout	32	static
../Drivers/STM32F0xx_HAL_Driver/Src/stm32f0xx_hal_i2s.c:464:13:HAL_I2S_MspInit	0	static
../Drivers/STM32F0xx_HAL_Driver/Src/stm32f0xx_hal_i2s.c:255:19:HAL_I2S_Init	24	static
../Drivers/STM32F0xx_HAL_Driver/Src/stm32f0xx_hal_i2s.c:480:13:HAL_I2S_MspDeInit	0	static
../Drivers/STM32F0xx_HAL_Driver/Src/stm32f0xx_hal_i2s.c:420:19:HAL_I2S_DeInit	16	static
../Drivers/STM32F0xx_HAL_Driver/Src/stm32f0xx_hal_i2s.c:743:19:HAL_I2S_Transmit	48	static
../Drivers/STM32F0xx_HAL_Driver/Src/stm32f0xx_hal_i2s.c:862:19:HAL_I2S_Receive	40	static
../Drivers/STM32F0xx_HAL_Driver/Src/stm32f0xx_hal_i2s.c:960:19:HAL_I2S_Transmit_IT	16	static
../Drivers/STM32F0xx_HAL_Driver/Src/stm32f0xx_hal_i2s.c:1026:19:HAL_I2S_Receive_IT	16	static
../Drivers/STM32F0xx_HAL_Driver/Src/stm32f0xx_hal_i2s.c:1090:19:HAL_I2S_Transmit_DMA	24	static
../Drivers/STM32F0xx_HAL_Driver/Src/stm32f0xx_hal_i2s.c:1181:19:HAL_I2S_Receive_DMA	40	static
../Drivers/STM32F0xx_HAL_Driver/Src/stm32f0xx_hal_i2s.c:1270:19:HAL_I2S_DMAPause	8	static
../Drivers/STM32F0xx_HAL_Driver/Src/stm32f0xx_hal_i2s.c:1302:19:HAL_I2S_DMAResume	8	static
../Drivers/STM32F0xx_HAL_Driver/Src/stm32f0xx_hal_i2s.c:1341:19:HAL_I2S_DMAStop	16	static
../Drivers/STM32F0xx_HAL_Driver/Src/stm32f0xx_hal_i2s.c:1451:13:HAL_I2S_TxHalfCpltCallback	0	static
../Drivers/STM32F0xx_HAL_Driver/Src/stm32f0xx_hal_i2s.c:1609:13:I2S_DMATxHalfCplt	8	static
../Drivers/STM32F0xx_HAL_Driver/Src/stm32f0xx_hal_i2s.c:1467:13:HAL_I2S_TxCpltCallback	0	static
../Drivers/STM32F0xx_HAL_Driver/Src/stm32f0xx_hal_i2s.c:1582:13:I2S_DMATxCplt	8	static
../Drivers/STM32F0xx_HAL_Driver/Src/stm32f0xx_hal_i2s.c:1483:13:HAL_I2S_RxHalfCpltCallback	0	static
../Drivers/STM32F0xx_HAL_Driver/Src/stm32f0xx_hal_i2s.c:1653:13:I2S_DMARxHalfCplt	8	static
../Drivers/STM32F0xx_HAL_Driver/Src/stm32f0xx_hal_i2s.c:1499:13:HAL_I2S_RxCpltCallback	0	static
../Drivers/STM32F0xx_HAL_Driver/Src/stm32f0xx_hal_i2s.c:1627:13:I2S_DMARxCplt	8	static
../Drivers/STM32F0xx_HAL_Driver/Src/stm32f0xx_hal_i2s.c:1515:13:HAL_I2S_ErrorCallback	0	static
../Drivers/STM32F0xx_HAL_Driver/Src/stm32f0xx_hal_i2s.c:1671:13:I2S_DMAError	8	static
../Drivers/STM32F0xx_HAL_Driver/Src/stm32f0xx_hal_i2s.c:1390:6:HAL_I2S_IRQHandler	16	static
../Drivers/STM32F0xx_HAL_Driver/Src/stm32f0xx_hal_i2s.c:1550:22:HAL_I2S_GetState	0	static
../Drivers/STM32F0xx_HAL_Driver/Src/stm32f0xx_hal_i2s.c:1561:10:HAL_I2S_GetError	0	static
