../Drivers/STM32F0xx_HAL_Driver/Src/stm32f0xx_hal_pcd_ex.c:81:20:HAL_PCDEx_PMAConfig	8	static
../Drivers/STM32F0xx_HAL_Driver/Src/stm32f0xx_hal_pcd_ex.c:121:19:HAL_PCDEx_ActivateBCD	0	static
../Drivers/STM32F0xx_HAL_Driver/Src/stm32f0xx_hal_pcd_ex.c:142:19:HAL_PCDEx_DeActivateBCD	0	static
../Drivers/STM32F0xx_HAL_Driver/Src/stm32f0xx_hal_pcd_ex.c:252:19:HAL_PCDEx_ActivateLPM	8	static
../Drivers/STM32F0xx_HAL_Driver/Src/stm32f0xx_hal_pcd_ex.c:270:19:HAL_PCDEx_DeActivateLPM	0	static
../Drivers/STM32F0xx_HAL_Driver/Src/stm32f0xx_hal_pcd_ex.c:290:13:HAL_PCDEx_LPM_Callback	0	static
../Drivers/STM32F0xx_HAL_Driver/Src/stm32f0xx_hal_pcd_ex.c:307:13:HAL_PCDEx_BCD_Callback	0	static
../Drivers/STM32F0xx_HAL_Driver/Src/stm32f0xx_hal_pcd_ex.c:158:6:HAL_PCDEx_BCD_VBUSDetect	32	static
