C:/Users/donsp/Documents/GitHub/audio_interface/tinyusb/src/portable/st/stm32_fsdev/dcd_stm32_fsdev_pvt_st.h:377:20:pcd_clear_tx_dtog.constprop	0	static
C:/Users/donsp/Documents/GitHub/audio_interface/tinyusb/src/portable/st/stm32_fsdev/dcd_stm32_fsdev_pvt_st.h:368:20:pcd_clear_rx_dtog.constprop	0	static
C:/Users/donsp/Documents/GitHub/audio_interface/tinyusb/src/portable/st/stm32_fsdev/dcd_stm32_fsdev_pvt_st.h:313:20:pcd_set_ep_rx_status.constprop	0	static
C:/Users/donsp/Documents/GitHub/audio_interface/tinyusb/src/portable/st/stm32_fsdev/dcd_stm32_fsdev_pvt_st.h:241:31:pcd_btable_word_ptr.constprop	0	static
C:/Users/donsp/Documents/GitHub/audio_interface/tinyusb/src/portable/st/stm32_fsdev/dcd_stm32_fsdev_pvt_st.h:273:20:pcd_set_ep_rx_cnt.constprop	8	static
C:/Users/donsp/Documents/GitHub/audio_interface/tinyusb/src/portable/st/stm32_fsdev/dcd_stm32_fsdev.c:855:13:dcd_transmit_packet	24	static
C:/Users/donsp/Documents/GitHub/audio_interface/tinyusb/src/portable/st/stm32_fsdev/dcd_stm32_fsdev.c:268:6:dcd_connect	0	static
C:/Users/donsp/Documents/GitHub/audio_interface/tinyusb/src/portable/st/stm32_fsdev/dcd_stm32_fsdev.c:261:6:dcd_disconnect	0	static
C:/Users/donsp/Documents/GitHub/audio_interface/tinyusb/src/portable/st/stm32_fsdev/dcd_stm32_fsdev.c:291:6:dcd_int_enable	0	static,ignoring_inline_asm
C:/Users/donsp/Documents/GitHub/audio_interface/tinyusb/src/portable/st/stm32_fsdev/dcd_stm32_fsdev.c:341:6:dcd_int_disable	0	static,ignoring_inline_asm
C:/Users/donsp/Documents/GitHub/audio_interface/tinyusb/src/portable/st/stm32_fsdev/dcd_stm32_fsdev.c:401:6:dcd_remote_wakeup	0	static
C:/Users/donsp/Documents/GitHub/audio_interface/tinyusb/src/portable/st/stm32_fsdev/dcd_stm32_fsdev.c:660:6:dcd_edpt0_status_complete	8	static
C:/Users/donsp/Documents/GitHub/audio_interface/tinyusb/src/portable/st/stm32_fsdev/dcd_stm32_fsdev.c:758:6:dcd_edpt_open	32	static
C:/Users/donsp/Documents/GitHub/audio_interface/tinyusb/src/portable/st/stm32_fsdev/dcd_stm32_fsdev.c:431:13:dcd_handle_bus_reset	8	static
C:/Users/donsp/Documents/GitHub/audio_interface/tinyusb/src/portable/st/stm32_fsdev/dcd_stm32_fsdev.c:213:6:dcd_init	8	static,ignoring_inline_asm
C:/Users/donsp/Documents/GitHub/audio_interface/tinyusb/src/portable/st/stm32_fsdev/dcd_stm32_fsdev.c:584:6:dcd_int_handler	56	static
C:/Users/donsp/Documents/GitHub/audio_interface/tinyusb/src/portable/st/stm32_fsdev/dcd_stm32_fsdev.c:822:6:dcd_edpt_close_all	0	static
C:/Users/donsp/Documents/GitHub/audio_interface/tinyusb/src/portable/st/stm32_fsdev/dcd_stm32_fsdev.c:835:6:dcd_edpt_close	16	static
C:/Users/donsp/Documents/GitHub/audio_interface/tinyusb/src/portable/st/stm32_fsdev/dcd_stm32_fsdev.c:881:6:dcd_edpt_xfer	24	static
C:/Users/donsp/Documents/GitHub/audio_interface/tinyusb/src/portable/st/stm32_fsdev/dcd_stm32_fsdev.c:389:6:dcd_set_address	8	static
C:/Users/donsp/Documents/GitHub/audio_interface/tinyusb/src/portable/st/stm32_fsdev/dcd_stm32_fsdev.c:951:6:dcd_edpt_stall	8	static
C:/Users/donsp/Documents/GitHub/audio_interface/tinyusb/src/portable/st/stm32_fsdev/dcd_stm32_fsdev.c:965:6:dcd_edpt_clear_stall	8	static
