../Core/Src/usbd_conf.c:44:6:HAL_PCD_MspInit	24	static
../Core/Src/usbd_conf.c:68:6:HAL_PCD_MspDeInit	16	static
../Core/Src/usbd_conf.c:96:6:HAL_PCD_SetupStageCallback	16	static
../Core/Src/usbd_conf.c:107:6:HAL_PCD_DataOutStageCallback	24	static
../Core/Src/usbd_conf.c:118:6:HAL_PCD_DataInStageCallback	16	static
../Core/Src/usbd_conf.c:128:6:HAL_PCD_SOFCallback	16	static
../Core/Src/usbd_conf.c:138:6:HAL_PCD_ResetCallback	24	static
../Core/Src/usbd_conf.c:158:6:HAL_PCD_SuspendCallback	16	static
../Core/Src/usbd_conf.c:168:6:HAL_PCD_ResumeCallback	16	static
../Core/Src/usbd_conf.c:179:6:HAL_PCD_ISOOUTIncompleteCallback	16	static
../Core/Src/usbd_conf.c:190:6:HAL_PCD_ISOINIncompleteCallback	16	static
../Core/Src/usbd_conf.c:200:6:HAL_PCD_ConnectCallback	16	static
../Core/Src/usbd_conf.c:210:6:HAL_PCD_DisconnectCallback	16	static
../Core/Src/usbd_conf.c:224:20:USBD_LL_Init	16	static
../Core/Src/usbd_conf.c:315:20:USBD_LL_DeInit	16	static
../Core/Src/usbd_conf.c:326:20:USBD_LL_Start	16	static
../Core/Src/usbd_conf.c:337:20:USBD_LL_Stop	16	static
../Core/Src/usbd_conf.c:351:20:USBD_LL_OpenEP	24	static
../Core/Src/usbd_conf.c:370:20:USBD_LL_CloseEP	16	static
../Core/Src/usbd_conf.c:382:20:USBD_LL_FlushEP	16	static
../Core/Src/usbd_conf.c:394:20:USBD_LL_StallEP	16	static
../Core/Src/usbd_conf.c:406:20:USBD_LL_ClearStallEP	16	static
../Core/Src/usbd_conf.c:418:9:USBD_LL_IsStallEP	24	static
../Core/Src/usbd_conf.c:438:20:USBD_LL_SetUSBAddress	16	static
../Core/Src/usbd_conf.c:452:20:USBD_LL_Transmit	32	static
../Core/Src/usbd_conf.c:469:20:USBD_LL_PrepareReceive	32	static
../Core/Src/usbd_conf.c:484:10:USBD_LL_GetRxDataSize	16	static
../Core/Src/usbd_conf.c:494:6:USBD_LL_Delay	16	static
../Core/Src/usbd_conf.c:502:27:USBD_LL_Setup_Fifo	32	static
