C:/Users/donsp/Documents/GitHub/audio_interface/tinyusb/src/class/audio/audio_device.c:421:23:tu_desc_subtype	16	static
C:/Users/donsp/Documents/GitHub/audio_interface/tinyusb/src/class/audio/audio_device.c:427:6:tud_audio_n_mounted	24	static
C:/Users/donsp/Documents/GitHub/audio_interface/tinyusb/src/class/audio/audio_device.c:747:10:tud_audio_n_flush_tx_support_ff	32	static
C:/Users/donsp/Documents/GitHub/audio_interface/tinyusb/src/class/audio/audio_device.c:762:6:tud_audio_n_clear_tx_support_ff	16	static
C:/Users/donsp/Documents/GitHub/audio_interface/tinyusb/src/class/audio/audio_device.c:768:10:tud_audio_n_write_support_ff	24	static
C:/Users/donsp/Documents/GitHub/audio_interface/tinyusb/src/class/audio/audio_device.c:774:12:tud_audio_n_get_tx_support_ff	16	static
C:/Users/donsp/Documents/GitHub/audio_interface/tinyusb/src/class/audio/audio_device.c:812:13:audiod_tx_done_cb	40	static
C:/Users/donsp/Documents/GitHub/audio_interface/tinyusb/src/class/audio/audio_device.c:911:25:audiod_interleaved_copy_bytes_fast_encode	24	static
C:/Users/donsp/Documents/GitHub/audio_interface/tinyusb/src/class/audio/audio_device.c:971:17:audiod_encode_type_I_pcm	80	static
C:/Users/donsp/Documents/GitHub/audio_interface/tinyusb/src/class/audio/audio_device.c:1052:6:audiod_init	24	static
C:/Users/donsp/Documents/GitHub/audio_interface/tinyusb/src/class/audio/audio_device.c:1365:6:audiod_reset	32	static
C:/Users/donsp/Documents/GitHub/audio_interface/tinyusb/src/class/audio/audio_device.c:1398:10:audiod_open	24	static
C:/Users/donsp/Documents/GitHub/audio_interface/tinyusb/src/class/audio/audio_device.c:1457:13:audiod_get_interface	40	static
C:/Users/donsp/Documents/GitHub/audio_interface/tinyusb/src/class/audio/audio_device.c:1473:13:audiod_set_interface	80	static
C:/Users/donsp/Documents/GitHub/audio_interface/tinyusb/src/class/audio/audio_device.c:1695:13:audiod_control_complete	24	static
C:/Users/donsp/Documents/GitHub/audio_interface/tinyusb/src/class/audio/audio_device.c:1772:13:audiod_control_request	32	static
C:/Users/donsp/Documents/GitHub/audio_interface/tinyusb/src/class/audio/audio_device.c:1884:6:audiod_control_xfer_cb	16	static
C:/Users/donsp/Documents/GitHub/audio_interface/tinyusb/src/class/audio/audio_device.c:1898:6:audiod_xfer_cb	32	static
C:/Users/donsp/Documents/GitHub/audio_interface/tinyusb/src/class/audio/audio_device.c:1976:6:tud_audio_buffer_and_schedule_control_xfer	40	static
C:/Users/donsp/Documents/GitHub/audio_interface/tinyusb/src/class/audio/audio_device.c:2032:13:audiod_get_AS_interface_index	40	static
C:/Users/donsp/Documents/GitHub/audio_interface/tinyusb/src/class/audio/audio_device.c:2067:13:audiod_get_AS_interface_index_global	40	static
C:/Users/donsp/Documents/GitHub/audio_interface/tinyusb/src/class/audio/audio_device.c:2084:13:audiod_verify_entity_exists	32	static
C:/Users/donsp/Documents/GitHub/audio_interface/tinyusb/src/class/audio/audio_device.c:2111:13:audiod_verify_itf_exists	32	static
C:/Users/donsp/Documents/GitHub/audio_interface/tinyusb/src/class/audio/audio_device.c:2136:13:audiod_verify_ep_exists	40	static
C:/Users/donsp/Documents/GitHub/audio_interface/tinyusb/src/class/audio/audio_device.c:2168:13:audiod_parse_for_AS_params	24	static
C:/Users/donsp/Documents/GitHub/audio_interface/tinyusb/src/class/audio/audio_device.c:2288:9:audiod_get_audio_fct_idx	24	static
C:/Users/donsp/Documents/GitHub/audio_interface/tinyusb/src/common/tusb_types.h:495:26:tu_edpt_dir	0	static
C:/Users/donsp/Documents/GitHub/audio_interface/tinyusb/src/common/tusb_types.h:511:24:tu_edpt_packet_size	0	static
C:/Users/donsp/Documents/GitHub/audio_interface/tinyusb/src/common/tusb_types.h:519:31:tu_desc_next	0	static
C:/Users/donsp/Documents/GitHub/audio_interface/tinyusb/src/common/tusb_types.h:525:23:tu_desc_type	0	static
