12:44:37 **** Incremental Build of configuration Debug for project audio_usb_test ****
make -j16 all 
arm-none-eabi-gcc "C:/Users/donsp/Documents/GitHub/audio_interface/tinyusb/src/portable/valentyusb/eptri/dcd_eptri.c" -mcpu=cortex-m0 -std=gnu11 -g -DDEBUG -DUSE_HAL_DRIVER -DSTM32F042x6 -c -I../Core/Inc -I"C:/Users/donsp/Documents/GitHub/audio_interface/tinyusb/src" -I../Drivers/STM32F0xx_HAL_Driver/Inc -I../Drivers/STM32F0xx_HAL_Driver/Inc/Legacy -I../Drivers/CMSIS/Device/ST/STM32F0xx/Include -I../Drivers/CMSIS/Include -Os -ffunction-sections -fdata-sections -Wall -fstack-usage -MMD -MP -MF"src/portable/valentyusb/eptri/dcd_eptri.d" -MT"src/portable/valentyusb/eptri/dcd_eptri.o" --specs=nano.specs -mfloat-abi=soft -mthumb -o "src/portable/valentyusb/eptri/dcd_eptri.o"
arm-none-eabi-gcc "C:/Users/donsp/Documents/GitHub/audio_interface/tinyusb/src/portable/ti/msp430x5xx/dcd_msp430x5xx.c" -mcpu=cortex-m0 -std=gnu11 -g -DDEBUG -DUSE_HAL_DRIVER -DSTM32F042x6 -c -I../Core/Inc -I"C:/Users/donsp/Documents/GitHub/audio_interface/tinyusb/src" -I../Drivers/STM32F0xx_HAL_Driver/Inc -I../Drivers/STM32F0xx_HAL_Driver/Inc/Legacy -I../Drivers/CMSIS/Device/ST/STM32F0xx/Include -I../Drivers/CMSIS/Include -Os -ffunction-sections -fdata-sections -Wall -fstack-usage -MMD -MP -MF"src/portable/ti/msp430x5xx/dcd_msp430x5xx.d" -MT"src/portable/ti/msp430x5xx/dcd_msp430x5xx.o" --specs=nano.specs -mfloat-abi=soft -mthumb -o "src/portable/ti/msp430x5xx/dcd_msp430x5xx.o"
arm-none-eabi-gcc "C:/Users/donsp/Documents/GitHub/audio_interface/tinyusb/src/portable/template/dcd_template.c" -mcpu=cortex-m0 -std=gnu11 -g -DDEBUG -DUSE_HAL_DRIVER -DSTM32F042x6 -c -I../Core/Inc -I"C:/Users/donsp/Documents/GitHub/audio_interface/tinyusb/src" -I../Drivers/STM32F0xx_HAL_Driver/Inc -I../Drivers/STM32F0xx_HAL_Driver/Inc/Legacy -I../Drivers/CMSIS/Device/ST/STM32F0xx/Include -I../Drivers/CMSIS/Include -Os -ffunction-sections -fdata-sections -Wall -fstack-usage -MMD -MP -MF"src/portable/template/dcd_template.d" -MT"src/portable/template/dcd_template.o" --specs=nano.specs -mfloat-abi=soft -mthumb -o "src/portable/template/dcd_template.o"
arm-none-eabi-gcc "C:/Users/donsp/Documents/GitHub/audio_interface/tinyusb/src/portable/synopsys/dwc2/dcd_dwc2.c" -mcpu=cortex-m0 -std=gnu11 -g -DDEBUG -DUSE_HAL_DRIVER -DSTM32F042x6 -c -I../Core/Inc -I"C:/Users/donsp/Documents/GitHub/audio_interface/tinyusb/src" -I../Drivers/STM32F0xx_HAL_Driver/Inc -I../Drivers/STM32F0xx_HAL_Driver/Inc/Legacy -I../Drivers/CMSIS/Device/ST/STM32F0xx/Include -I../Drivers/CMSIS/Include -Os -ffunction-sections -fdata-sections -Wall -fstack-usage -MMD -MP -MF"src/portable/synopsys/dwc2/dcd_dwc2.d" -MT"src/portable/synopsys/dwc2/dcd_dwc2.o" --specs=nano.specs -mfloat-abi=soft -mthumb -o "src/portable/synopsys/dwc2/dcd_dwc2.o"
arm-none-eabi-gcc "C:/Users/donsp/Documents/GitHub/audio_interface/tinyusb/src/portable/sunxi/dcd_sunxi_musb.c" -mcpu=cortex-m0 -std=gnu11 -g -DDEBUG -DUSE_HAL_DRIVER -DSTM32F042x6 -c -I../Core/Inc -I"C:/Users/donsp/Documents/GitHub/audio_interface/tinyusb/src" -I../Drivers/STM32F0xx_HAL_Driver/Inc -I../Drivers/STM32F0xx_HAL_Driver/Inc/Legacy -I../Drivers/CMSIS/Device/ST/STM32F0xx/Include -I../Drivers/CMSIS/Include -Os -ffunction-sections -fdata-sections -Wall -fstack-usage -MMD -MP -MF"src/portable/sunxi/dcd_sunxi_musb.d" -MT"src/portable/sunxi/dcd_sunxi_musb.o" --specs=nano.specs -mfloat-abi=soft -mthumb -o "src/portable/sunxi/dcd_sunxi_musb.o"
arm-none-eabi-gcc "C:/Users/donsp/Documents/GitHub/audio_interface/tinyusb/src/portable/st/synopsys/dcd_synopsys.c" -mcpu=cortex-m0 -std=gnu11 -g -DDEBUG -DUSE_HAL_DRIVER -DSTM32F042x6 -c -I../Core/Inc -I"C:/Users/donsp/Documents/GitHub/audio_interface/tinyusb/src" -I../Drivers/STM32F0xx_HAL_Driver/Inc -I../Drivers/STM32F0xx_HAL_Driver/Inc/Legacy -I../Drivers/CMSIS/Device/ST/STM32F0xx/Include -I../Drivers/CMSIS/Include -Os -ffunction-sections -fdata-sections -Wall -fstack-usage -MMD -MP -MF"src/portable/st/synopsys/dcd_synopsys.d" -MT"src/portable/st/synopsys/dcd_synopsys.o" --specs=nano.specs -mfloat-abi=soft -mthumb -o "src/portable/st/synopsys/dcd_synopsys.o"
arm-none-eabi-gcc "C:/Users/donsp/Documents/GitHub/audio_interface/tinyusb/src/portable/st/stm32_fsdev/dcd_stm32_fsdev.c" -mcpu=cortex-m0 -std=gnu11 -g -DDEBUG -DUSE_HAL_DRIVER -DSTM32F042x6 -c -I../Core/Inc -I"C:/Users/donsp/Documents/GitHub/audio_interface/tinyusb/src" -I../Drivers/STM32F0xx_HAL_Driver/Inc -I../Drivers/STM32F0xx_HAL_Driver/Inc/Legacy -I../Drivers/CMSIS/Device/ST/STM32F0xx/Include -I../Drivers/CMSIS/Include -Os -ffunction-sections -fdata-sections -Wall -fstack-usage -MMD -MP -MF"src/portable/st/stm32_fsdev/dcd_stm32_fsdev.d" -MT"src/portable/st/stm32_fsdev/dcd_stm32_fsdev.o" --specs=nano.specs -mfloat-abi=soft -mthumb -o "src/portable/st/stm32_fsdev/dcd_stm32_fsdev.o"
arm-none-eabi-gcc "C:/Users/donsp/Documents/GitHub/audio_interface/tinyusb/src/portable/sony/cxd56/dcd_cxd56.c" -mcpu=cortex-m0 -std=gnu11 -g -DDEBUG -DUSE_HAL_DRIVER -DSTM32F042x6 -c -I../Core/Inc -I"C:/Users/donsp/Documents/GitHub/audio_interface/tinyusb/src" -I../Drivers/STM32F0xx_HAL_Driver/Inc -I../Drivers/STM32F0xx_HAL_Driver/Inc/Legacy -I../Drivers/CMSIS/Device/ST/STM32F0xx/Include -I../Drivers/CMSIS/Include -Os -ffunction-sections -fdata-sections -Wall -fstack-usage -MMD -MP -MF"src/portable/sony/cxd56/dcd_cxd56.d" -MT"src/portable/sony/cxd56/dcd_cxd56.o" --specs=nano.specs -mfloat-abi=soft -mthumb -o "src/portable/sony/cxd56/dcd_cxd56.o"
arm-none-eabi-gcc "C:/Users/donsp/Documents/GitHub/audio_interface/tinyusb/src/portable/renesas/usba/dcd_usba.c" -mcpu=cortex-m0 -std=gnu11 -g -DDEBUG -DUSE_HAL_DRIVER -DSTM32F042x6 -c -I../Core/Inc -I"C:/Users/donsp/Documents/GitHub/audio_interface/tinyusb/src" -I../Drivers/STM32F0xx_HAL_Driver/Inc -I../Drivers/STM32F0xx_HAL_Driver/Inc/Legacy -I../Drivers/CMSIS/Device/ST/STM32F0xx/Include -I../Drivers/CMSIS/Include -Os -ffunction-sections -fdata-sections -Wall -fstack-usage -MMD -MP -MF"src/portable/renesas/usba/dcd_usba.d" -MT"src/portable/renesas/usba/dcd_usba.o" --specs=nano.specs -mfloat-abi=soft -mthumb -o "src/portable/renesas/usba/dcd_usba.o"
arm-none-eabi-gcc "C:/Users/donsp/Documents/GitHub/audio_interface/tinyusb/src/portable/renesas/usba/hcd_usba.c" -mcpu=cortex-m0 -std=gnu11 -g -DDEBUG -DUSE_HAL_DRIVER -DSTM32F042x6 -c -I../Core/Inc -I"C:/Users/donsp/Documents/GitHub/audio_interface/tinyusb/src" -I../Drivers/STM32F0xx_HAL_Driver/Inc -I../Drivers/STM32F0xx_HAL_Driver/Inc/Legacy -I../Drivers/CMSIS/Device/ST/STM32F0xx/Include -I../Drivers/CMSIS/Include -Os -ffunction-sections -fdata-sections -Wall -fstack-usage -MMD -MP -MF"src/portable/renesas/usba/hcd_usba.d" -MT"src/portable/renesas/usba/hcd_usba.o" --specs=nano.specs -mfloat-abi=soft -mthumb -o "src/portable/renesas/usba/hcd_usba.o"
arm-none-eabi-gcc "C:/Users/donsp/Documents/GitHub/audio_interface/tinyusb/src/portable/raspberrypi/rp2040/dcd_rp2040.c" -mcpu=cortex-m0 -std=gnu11 -g -DDEBUG -DUSE_HAL_DRIVER -DSTM32F042x6 -c -I../Core/Inc -I"C:/Users/donsp/Documents/GitHub/audio_interface/tinyusb/src" -I../Drivers/STM32F0xx_HAL_Driver/Inc -I../Drivers/STM32F0xx_HAL_Driver/Inc/Legacy -I../Drivers/CMSIS/Device/ST/STM32F0xx/Include -I../Drivers/CMSIS/Include -Os -ffunction-sections -fdata-sections -Wall -fstack-usage -MMD -MP -MF"src/portable/raspberrypi/rp2040/dcd_rp2040.d" -MT"src/portable/raspberrypi/rp2040/dcd_rp2040.o" --specs=nano.specs -mfloat-abi=soft -mthumb -o "src/portable/raspberrypi/rp2040/dcd_rp2040.o"
arm-none-eabi-gcc "C:/Users/donsp/Documents/GitHub/audio_interface/tinyusb/src/portable/raspberrypi/rp2040/hcd_rp2040.c" -mcpu=cortex-m0 -std=gnu11 -g -DDEBUG -DUSE_HAL_DRIVER -DSTM32F042x6 -c -I../Core/Inc -I"C:/Users/donsp/Documents/GitHub/audio_interface/tinyusb/src" -I../Drivers/STM32F0xx_HAL_Driver/Inc -I../Drivers/STM32F0xx_HAL_Driver/Inc/Legacy -I../Drivers/CMSIS/Device/ST/STM32F0xx/Include -I../Drivers/CMSIS/Include -Os -ffunction-sections -fdata-sections -Wall -fstack-usage -MMD -MP -MF"src/portable/raspberrypi/rp2040/hcd_rp2040.d" -MT"src/portable/raspberrypi/rp2040/hcd_rp2040.o" --specs=nano.specs -mfloat-abi=soft -mthumb -o "src/portable/raspberrypi/rp2040/hcd_rp2040.o"
arm-none-eabi-gcc "C:/Users/donsp/Documents/GitHub/audio_interface/tinyusb/src/portable/raspberrypi/rp2040/rp2040_usb.c" -mcpu=cortex-m0 -std=gnu11 -g -DDEBUG -DUSE_HAL_DRIVER -DSTM32F042x6 -c -I../Core/Inc -I"C:/Users/donsp/Documents/GitHub/audio_interface/tinyusb/src" -I../Drivers/STM32F0xx_HAL_Driver/Inc -I../Drivers/STM32F0xx_HAL_Driver/Inc/Legacy -I../Drivers/CMSIS/Device/ST/STM32F0xx/Include -I../Drivers/CMSIS/Include -Os -ffunction-sections -fdata-sections -Wall -fstack-usage -MMD -MP -MF"src/portable/raspberrypi/rp2040/rp2040_usb.d" -MT"src/portable/raspberrypi/rp2040/rp2040_usb.o" --specs=nano.specs -mfloat-abi=soft -mthumb -o "src/portable/raspberrypi/rp2040/rp2040_usb.o"
arm-none-eabi-gcc "C:/Users/donsp/Documents/GitHub/audio_interface/tinyusb/src/portable/ohci/ohci.c" -mcpu=cortex-m0 -std=gnu11 -g -DDEBUG -DUSE_HAL_DRIVER -DSTM32F042x6 -c -I../Core/Inc -I"C:/Users/donsp/Documents/GitHub/audio_interface/tinyusb/src" -I../Drivers/STM32F0xx_HAL_Driver/Inc -I../Drivers/STM32F0xx_HAL_Driver/Inc/Legacy -I../Drivers/CMSIS/Device/ST/STM32F0xx/Include -I../Drivers/CMSIS/Include -Os -ffunction-sections -fdata-sections -Wall -fstack-usage -MMD -MP -MF"src/portable/ohci/ohci.d" -MT"src/portable/ohci/ohci.o" --specs=nano.specs -mfloat-abi=soft -mthumb -o "src/portable/ohci/ohci.o"
arm-none-eabi-gcc "C:/Users/donsp/Documents/GitHub/audio_interface/tinyusb/src/portable/nxp/transdimension/dcd_transdimension.c" -mcpu=cortex-m0 -std=gnu11 -g -DDEBUG -DUSE_HAL_DRIVER -DSTM32F042x6 -c -I../Core/Inc -I"C:/Users/donsp/Documents/GitHub/audio_interface/tinyusb/src" -I../Drivers/STM32F0xx_HAL_Driver/Inc -I../Drivers/STM32F0xx_HAL_Driver/Inc/Legacy -I../Drivers/CMSIS/Device/ST/STM32F0xx/Include -I../Drivers/CMSIS/Include -Os -ffunction-sections -fdata-sections -Wall -fstack-usage -MMD -MP -MF"src/portable/nxp/transdimension/dcd_transdimension.d" -MT"src/portable/nxp/transdimension/dcd_transdimension.o" --specs=nano.specs -mfloat-abi=soft -mthumb -o "src/portable/nxp/transdimension/dcd_transdimension.o"
arm-none-eabi-gcc "C:/Users/donsp/Documents/GitHub/audio_interface/tinyusb/src/portable/nxp/transdimension/hcd_transdimension.c" -mcpu=cortex-m0 -std=gnu11 -g -DDEBUG -DUSE_HAL_DRIVER -DSTM32F042x6 -c -I../Core/Inc -I"C:/Users/donsp/Documents/GitHub/audio_interface/tinyusb/src" -I../Drivers/STM32F0xx_HAL_Driver/Inc -I../Drivers/STM32F0xx_HAL_Driver/Inc/Legacy -I../Drivers/CMSIS/Device/ST/STM32F0xx/Include -I../Drivers/CMSIS/Include -Os -ffunction-sections -fdata-sections -Wall -fstack-usage -MMD -MP -MF"src/portable/nxp/transdimension/hcd_transdimension.d" -MT"src/portable/nxp/transdimension/hcd_transdimension.o" --specs=nano.specs -mfloat-abi=soft -mthumb -o "src/portable/nxp/transdimension/hcd_transdimension.o"
C:/Users/donsp/Documents/GitHub/audio_interface/tinyusb/src/portable/st/stm32_fsdev/dcd_stm32_fsdev.c: In function 'dcd_edpt_stall':
C:/Users/donsp/Documents/GitHub/audio_interface/tinyusb/src/portable/st/stm32_fsdev/dcd_stm32_fsdev.c:1050:3: warning: 'return' with a value, in function returning void [-Wreturn-type]
 1050 |   TU_ASSERT(pcd_get_eptype(USB, ep_addr & 0x7F) != USB_EP_ISOCHRONOUS);
      |   ^~~~~~~~~
C:/Users/donsp/Documents/GitHub/audio_interface/tinyusb/src/portable/st/stm32_fsdev/dcd_stm32_fsdev.c:1045:6: note: declared here
 1045 | void dcd_edpt_stall (uint8_t rhport, uint8_t ep_addr)
      |      ^~~~~~~~~~~~~~
In file included from C:/Users/donsp/Documents/GitHub/audio_interface/tinyusb/src/osal/osal.h:48,
                 from C:/Users/donsp/Documents/GitHub/audio_interface/tinyusb/src/device/dcd.h:31,
                 from C:/Users/donsp/Documents/GitHub/audio_interface/tinyusb/src/portable/st/stm32_fsdev/dcd_stm32_fsdev.c:122:
At top level:
C:/Users/donsp/Documents/GitHub/audio_interface/tinyusb/src/osal/osal_none.h:153:13: warning: 'osal_queue_send' defined but not used [-Wunused-function]
  153 | static bool osal_queue_send(osal_queue_t qhdl, void const * data, bool in_isr)
      |             ^~~~~~~~~~~~~~~
arm-none-eabi-gcc "C:/Users/donsp/Documents/GitHub/audio_interface/tinyusb/src/portable/nxp/lpc_ip3511/dcd_lpc_ip3511.c" -mcpu=cortex-m0 -std=gnu11 -g -DDEBUG -DUSE_HAL_DRIVER -DSTM32F042x6 -c -I../Core/Inc -I"C:/Users/donsp/Documents/GitHub/audio_interface/tinyusb/src" -I../Drivers/STM32F0xx_HAL_Driver/Inc -I../Drivers/STM32F0xx_HAL_Driver/Inc/Legacy -I../Drivers/CMSIS/Device/ST/STM32F0xx/Include -I../Drivers/CMSIS/Include -Os -ffunction-sections -fdata-sections -Wall -fstack-usage -MMD -MP -MF"src/portable/nxp/lpc_ip3511/dcd_lpc_ip3511.d" -MT"src/portable/nxp/lpc_ip3511/dcd_lpc_ip3511.o" --specs=nano.specs -mfloat-abi=soft -mthumb -o "src/portable/nxp/lpc_ip3511/dcd_lpc_ip3511.o"
arm-none-eabi-gcc "C:/Users/donsp/Documents/GitHub/audio_interface/tinyusb/src/portable/nxp/lpc17_40/dcd_lpc17_40.c" -mcpu=cortex-m0 -std=gnu11 -g -DDEBUG -DUSE_HAL_DRIVER -DSTM32F042x6 -c -I../Core/Inc -I"C:/Users/donsp/Documents/GitHub/audio_interface/tinyusb/src" -I../Drivers/STM32F0xx_HAL_Driver/Inc -I../Drivers/STM32F0xx_HAL_Driver/Inc/Legacy -I../Drivers/CMSIS/Device/ST/STM32F0xx/Include -I../Drivers/CMSIS/Include -Os -ffunction-sections -fdata-sections -Wall -fstack-usage -MMD -MP -MF"src/portable/nxp/lpc17_40/dcd_lpc17_40.d" -MT"src/portable/nxp/lpc17_40/dcd_lpc17_40.o" --specs=nano.specs -mfloat-abi=soft -mthumb -o "src/portable/nxp/lpc17_40/dcd_lpc17_40.o"
arm-none-eabi-gcc "C:/Users/donsp/Documents/GitHub/audio_interface/tinyusb/src/portable/nxp/lpc17_40/hcd_lpc17_40.c" -mcpu=cortex-m0 -std=gnu11 -g -DDEBUG -DUSE_HAL_DRIVER -DSTM32F042x6 -c -I../Core/Inc -I"C:/Users/donsp/Documents/GitHub/audio_interface/tinyusb/src" -I../Drivers/STM32F0xx_HAL_Driver/Inc -I../Drivers/STM32F0xx_HAL_Driver/Inc/Legacy -I../Drivers/CMSIS/Device/ST/STM32F0xx/Include -I../Drivers/CMSIS/Include -Os -ffunction-sections -fdata-sections -Wall -fstack-usage -MMD -MP -MF"src/portable/nxp/lpc17_40/hcd_lpc17_40.d" -MT"src/portable/nxp/lpc17_40/hcd_lpc17_40.o" --specs=nano.specs -mfloat-abi=soft -mthumb -o "src/portable/nxp/lpc17_40/hcd_lpc17_40.o"
arm-none-eabi-gcc "C:/Users/donsp/Documents/GitHub/audio_interface/tinyusb/src/portable/nxp/khci/dcd_khci.c" -mcpu=cortex-m0 -std=gnu11 -g -DDEBUG -DUSE_HAL_DRIVER -DSTM32F042x6 -c -I../Core/Inc -I"C:/Users/donsp/Documents/GitHub/audio_interface/tinyusb/src" -I../Drivers/STM32F0xx_HAL_Driver/Inc -I../Drivers/STM32F0xx_HAL_Driver/Inc/Legacy -I../Drivers/CMSIS/Device/ST/STM32F0xx/Include -I../Drivers/CMSIS/Include -Os -ffunction-sections -fdata-sections -Wall -fstack-usage -MMD -MP -MF"src/portable/nxp/khci/dcd_khci.d" -MT"src/portable/nxp/khci/dcd_khci.o" --specs=nano.specs -mfloat-abi=soft -mthumb -o "src/portable/nxp/khci/dcd_khci.o"
arm-none-eabi-gcc "C:/Users/donsp/Documents/GitHub/audio_interface/tinyusb/src/portable/nxp/khci/hcd_khci.c" -mcpu=cortex-m0 -std=gnu11 -g -DDEBUG -DUSE_HAL_DRIVER -DSTM32F042x6 -c -I../Core/Inc -I"C:/Users/donsp/Documents/GitHub/audio_interface/tinyusb/src" -I../Drivers/STM32F0xx_HAL_Driver/Inc -I../Drivers/STM32F0xx_HAL_Driver/Inc/Legacy -I../Drivers/CMSIS/Device/ST/STM32F0xx/Include -I../Drivers/CMSIS/Include -Os -ffunction-sections -fdata-sections -Wall -fstack-usage -MMD -MP -MF"src/portable/nxp/khci/hcd_khci.d" -MT"src/portable/nxp/khci/hcd_khci.o" --specs=nano.specs -mfloat-abi=soft -mthumb -o "src/portable/nxp/khci/hcd_khci.o"
arm-none-eabi-gcc "C:/Users/donsp/Documents/GitHub/audio_interface/tinyusb/src/portable/nuvoton/nuc505/dcd_nuc505.c" -mcpu=cortex-m0 -std=gnu11 -g -DDEBUG -DUSE_HAL_DRIVER -DSTM32F042x6 -c -I../Core/Inc -I"C:/Users/donsp/Documents/GitHub/audio_interface/tinyusb/src" -I../Drivers/STM32F0xx_HAL_Driver/Inc -I../Drivers/STM32F0xx_HAL_Driver/Inc/Legacy -I../Drivers/CMSIS/Device/ST/STM32F0xx/Include -I../Drivers/CMSIS/Include -Os -ffunction-sections -fdata-sections -Wall -fstack-usage -MMD -MP -MF"src/portable/nuvoton/nuc505/dcd_nuc505.d" -MT"src/portable/nuvoton/nuc505/dcd_nuc505.o" --specs=nano.specs -mfloat-abi=soft -mthumb -o "src/portable/nuvoton/nuc505/dcd_nuc505.o"
arm-none-eabi-gcc "C:/Users/donsp/Documents/GitHub/audio_interface/tinyusb/src/portable/nuvoton/nuc121/dcd_nuc121.c" -mcpu=cortex-m0 -std=gnu11 -g -DDEBUG -DUSE_HAL_DRIVER -DSTM32F042x6 -c -I../Core/Inc -I"C:/Users/donsp/Documents/GitHub/audio_interface/tinyusb/src" -I../Drivers/STM32F0xx_HAL_Driver/Inc -I../Drivers/STM32F0xx_HAL_Driver/Inc/Legacy -I../Drivers/CMSIS/Device/ST/STM32F0xx/Include -I../Drivers/CMSIS/Include -Os -ffunction-sections -fdata-sections -Wall -fstack-usage -MMD -MP -MF"src/portable/nuvoton/nuc121/dcd_nuc121.d" -MT"src/portable/nuvoton/nuc121/dcd_nuc121.o" --specs=nano.specs -mfloat-abi=soft -mthumb -o "src/portable/nuvoton/nuc121/dcd_nuc121.o"
arm-none-eabi-gcc "C:/Users/donsp/Documents/GitHub/audio_interface/tinyusb/src/portable/nuvoton/nuc120/dcd_nuc120.c" -mcpu=cortex-m0 -std=gnu11 -g -DDEBUG -DUSE_HAL_DRIVER -DSTM32F042x6 -c -I../Core/Inc -I"C:/Users/donsp/Documents/GitHub/audio_interface/tinyusb/src" -I../Drivers/STM32F0xx_HAL_Driver/Inc -I../Drivers/STM32F0xx_HAL_Driver/Inc/Legacy -I../Drivers/CMSIS/Device/ST/STM32F0xx/Include -I../Drivers/CMSIS/Include -Os -ffunction-sections -fdata-sections -Wall -fstack-usage -MMD -MP -MF"src/portable/nuvoton/nuc120/dcd_nuc120.d" -MT"src/portable/nuvoton/nuc120/dcd_nuc120.o" --specs=nano.specs -mfloat-abi=soft -mthumb -o "src/portable/nuvoton/nuc120/dcd_nuc120.o"
arm-none-eabi-gcc "C:/Users/donsp/Documents/GitHub/audio_interface/tinyusb/src/portable/nordic/nrf5x/dcd_nrf5x.c" -mcpu=cortex-m0 -std=gnu11 -g -DDEBUG -DUSE_HAL_DRIVER -DSTM32F042x6 -c -I../Core/Inc -I"C:/Users/donsp/Documents/GitHub/audio_interface/tinyusb/src" -I../Drivers/STM32F0xx_HAL_Driver/Inc -I../Drivers/STM32F0xx_HAL_Driver/Inc/Legacy -I../Drivers/CMSIS/Device/ST/STM32F0xx/Include -I../Drivers/CMSIS/Include -Os -ffunction-sections -fdata-sections -Wall -fstack-usage -MMD -MP -MF"src/portable/nordic/nrf5x/dcd_nrf5x.d" -MT"src/portable/nordic/nrf5x/dcd_nrf5x.o" --specs=nano.specs -mfloat-abi=soft -mthumb -o "src/portable/nordic/nrf5x/dcd_nrf5x.o"
arm-none-eabi-gcc "C:/Users/donsp/Documents/GitHub/audio_interface/tinyusb/src/portable/mindmotion/mm32/dcd_mm32f327x_otg.c" -mcpu=cortex-m0 -std=gnu11 -g -DDEBUG -DUSE_HAL_DRIVER -DSTM32F042x6 -c -I../Core/Inc -I"C:/Users/donsp/Documents/GitHub/audio_interface/tinyusb/src" -I../Drivers/STM32F0xx_HAL_Driver/Inc -I../Drivers/STM32F0xx_HAL_Driver/Inc/Legacy -I../Drivers/CMSIS/Device/ST/STM32F0xx/Include -I../Drivers/CMSIS/Include -Os -ffunction-sections -fdata-sections -Wall -fstack-usage -MMD -MP -MF"src/portable/mindmotion/mm32/dcd_mm32f327x_otg.d" -MT"src/portable/mindmotion/mm32/dcd_mm32f327x_otg.o" --specs=nano.specs -mfloat-abi=soft -mthumb -o "src/portable/mindmotion/mm32/dcd_mm32f327x_otg.o"
arm-none-eabi-gcc "C:/Users/donsp/Documents/GitHub/audio_interface/tinyusb/src/portable/microchip/samx7x/dcd_samx7x.c" -mcpu=cortex-m0 -std=gnu11 -g -DDEBUG -DUSE_HAL_DRIVER -DSTM32F042x6 -c -I../Core/Inc -I"C:/Users/donsp/Documents/GitHub/audio_interface/tinyusb/src" -I../Drivers/STM32F0xx_HAL_Driver/Inc -I../Drivers/STM32F0xx_HAL_Driver/Inc/Legacy -I../Drivers/CMSIS/Device/ST/STM32F0xx/Include -I../Drivers/CMSIS/Include -Os -ffunction-sections -fdata-sections -Wall -fstack-usage -MMD -MP -MF"src/portable/microchip/samx7x/dcd_samx7x.d" -MT"src/portable/microchip/samx7x/dcd_samx7x.o" --specs=nano.specs -mfloat-abi=soft -mthumb -o "src/portable/microchip/samx7x/dcd_samx7x.o"
arm-none-eabi-gcc "C:/Users/donsp/Documents/GitHub/audio_interface/tinyusb/src/portable/microchip/samg/dcd_samg.c" -mcpu=cortex-m0 -std=gnu11 -g -DDEBUG -DUSE_HAL_DRIVER -DSTM32F042x6 -c -I../Core/Inc -I"C:/Users/donsp/Documents/GitHub/audio_interface/tinyusb/src" -I../Drivers/STM32F0xx_HAL_Driver/Inc -I../Drivers/STM32F0xx_HAL_Driver/Inc/Legacy -I../Drivers/CMSIS/Device/ST/STM32F0xx/Include -I../Drivers/CMSIS/Include -Os -ffunction-sections -fdata-sections -Wall -fstack-usage -MMD -MP -MF"src/portable/microchip/samg/dcd_samg.d" -MT"src/portable/microchip/samg/dcd_samg.o" --specs=nano.specs -mfloat-abi=soft -mthumb -o "src/portable/microchip/samg/dcd_samg.o"
arm-none-eabi-gcc "C:/Users/donsp/Documents/GitHub/audio_interface/tinyusb/src/portable/microchip/samd/dcd_samd.c" -mcpu=cortex-m0 -std=gnu11 -g -DDEBUG -DUSE_HAL_DRIVER -DSTM32F042x6 -c -I../Core/Inc -I"C:/Users/donsp/Documents/GitHub/audio_interface/tinyusb/src" -I../Drivers/STM32F0xx_HAL_Driver/Inc -I../Drivers/STM32F0xx_HAL_Driver/Inc/Legacy -I../Drivers/CMSIS/Device/ST/STM32F0xx/Include -I../Drivers/CMSIS/Include -Os -ffunction-sections -fdata-sections -Wall -fstack-usage -MMD -MP -MF"src/portable/microchip/samd/dcd_samd.d" -MT"src/portable/microchip/samd/dcd_samd.o" --specs=nano.specs -mfloat-abi=soft -mthumb -o "src/portable/microchip/samd/dcd_samd.o"
arm-none-eabi-gcc "C:/Users/donsp/Documents/GitHub/audio_interface/tinyusb/src/portable/microchip/pic32mz/dcd_pic32mz.c" -mcpu=cortex-m0 -std=gnu11 -g -DDEBUG -DUSE_HAL_DRIVER -DSTM32F042x6 -c -I../Core/Inc -I"C:/Users/donsp/Documents/GitHub/audio_interface/tinyusb/src" -I../Drivers/STM32F0xx_HAL_Driver/Inc -I../Drivers/STM32F0xx_HAL_Driver/Inc/Legacy -I../Drivers/CMSIS/Device/ST/STM32F0xx/Include -I../Drivers/CMSIS/Include -Os -ffunction-sections -fdata-sections -Wall -fstack-usage -MMD -MP -MF"src/portable/microchip/pic32mz/dcd_pic32mz.d" -MT"src/portable/microchip/pic32mz/dcd_pic32mz.o" --specs=nano.specs -mfloat-abi=soft -mthumb -o "src/portable/microchip/pic32mz/dcd_pic32mz.o"
arm-none-eabi-gcc "C:/Users/donsp/Documents/GitHub/audio_interface/tinyusb/src/portable/mentor/musb/dcd_musb.c" -mcpu=cortex-m0 -std=gnu11 -g -DDEBUG -DUSE_HAL_DRIVER -DSTM32F042x6 -c -I../Core/Inc -I"C:/Users/donsp/Documents/GitHub/audio_interface/tinyusb/src" -I../Drivers/STM32F0xx_HAL_Driver/Inc -I../Drivers/STM32F0xx_HAL_Driver/Inc/Legacy -I../Drivers/CMSIS/Device/ST/STM32F0xx/Include -I../Drivers/CMSIS/Include -Os -ffunction-sections -fdata-sections -Wall -fstack-usage -MMD -MP -MF"src/portable/mentor/musb/dcd_musb.d" -MT"src/portable/mentor/musb/dcd_musb.o" --specs=nano.specs -mfloat-abi=soft -mthumb -o "src/portable/mentor/musb/dcd_musb.o"
arm-none-eabi-gcc "C:/Users/donsp/Documents/GitHub/audio_interface/tinyusb/src/portable/mentor/musb/hcd_musb.c" -mcpu=cortex-m0 -std=gnu11 -g -DDEBUG -DUSE_HAL_DRIVER -DSTM32F042x6 -c -I../Core/Inc -I"C:/Users/donsp/Documents/GitHub/audio_interface/tinyusb/src" -I../Drivers/STM32F0xx_HAL_Driver/Inc -I../Drivers/STM32F0xx_HAL_Driver/Inc/Legacy -I../Drivers/CMSIS/Device/ST/STM32F0xx/Include -I../Drivers/CMSIS/Include -Os -ffunction-sections -fdata-sections -Wall -fstack-usage -MMD -MP -MF"src/portable/mentor/musb/hcd_musb.d" -MT"src/portable/mentor/musb/hcd_musb.o" --specs=nano.specs -mfloat-abi=soft -mthumb -o "src/portable/mentor/musb/hcd_musb.o"
arm-none-eabi-gcc "C:/Users/donsp/Documents/GitHub/audio_interface/tinyusb/src/portable/espressif/esp32sx/dcd_esp32sx.c" -mcpu=cortex-m0 -std=gnu11 -g -DDEBUG -DUSE_HAL_DRIVER -DSTM32F042x6 -c -I../Core/Inc -I"C:/Users/donsp/Documents/GitHub/audio_interface/tinyusb/src" -I../Drivers/STM32F0xx_HAL_Driver/Inc -I../Drivers/STM32F0xx_HAL_Driver/Inc/Legacy -I../Drivers/CMSIS/Device/ST/STM32F0xx/Include -I../Drivers/CMSIS/Include -Os -ffunction-sections -fdata-sections -Wall -fstack-usage -MMD -MP -MF"src/portable/espressif/esp32sx/dcd_esp32sx.d" -MT"src/portable/espressif/esp32sx/dcd_esp32sx.o" --specs=nano.specs -mfloat-abi=soft -mthumb -o "src/portable/espressif/esp32sx/dcd_esp32sx.o"
arm-none-eabi-gcc "C:/Users/donsp/Documents/GitHub/audio_interface/tinyusb/src/portable/ehci/ehci.c" -mcpu=cortex-m0 -std=gnu11 -g -DDEBUG -DUSE_HAL_DRIVER -DSTM32F042x6 -c -I../Core/Inc -I"C:/Users/donsp/Documents/GitHub/audio_interface/tinyusb/src" -I../Drivers/STM32F0xx_HAL_Driver/Inc -I../Drivers/STM32F0xx_HAL_Driver/Inc/Legacy -I../Drivers/CMSIS/Device/ST/STM32F0xx/Include -I../Drivers/CMSIS/Include -Os -ffunction-sections -fdata-sections -Wall -fstack-usage -MMD -MP -MF"src/portable/ehci/ehci.d" -MT"src/portable/ehci/ehci.o" --specs=nano.specs -mfloat-abi=soft -mthumb -o "src/portable/ehci/ehci.o"
arm-none-eabi-gcc "C:/Users/donsp/Documents/GitHub/audio_interface/tinyusb/src/portable/dialog/da146xx/dcd_da146xx.c" -mcpu=cortex-m0 -std=gnu11 -g -DDEBUG -DUSE_HAL_DRIVER -DSTM32F042x6 -c -I../Core/Inc -I"C:/Users/donsp/Documents/GitHub/audio_interface/tinyusb/src" -I../Drivers/STM32F0xx_HAL_Driver/Inc -I../Drivers/STM32F0xx_HAL_Driver/Inc/Legacy -I../Drivers/CMSIS/Device/ST/STM32F0xx/Include -I../Drivers/CMSIS/Include -Os -ffunction-sections -fdata-sections -Wall -fstack-usage -MMD -MP -MF"src/portable/dialog/da146xx/dcd_da146xx.d" -MT"src/portable/dialog/da146xx/dcd_da146xx.o" --specs=nano.specs -mfloat-abi=soft -mthumb -o "src/portable/dialog/da146xx/dcd_da146xx.o"
arm-none-eabi-gcc "C:/Users/donsp/Documents/GitHub/audio_interface/tinyusb/src/portable/chipidea/ci_hs/dcd_ci_hs.c" -mcpu=cortex-m0 -std=gnu11 -g -DDEBUG -DUSE_HAL_DRIVER -DSTM32F042x6 -c -I../Core/Inc -I"C:/Users/donsp/Documents/GitHub/audio_interface/tinyusb/src" -I../Drivers/STM32F0xx_HAL_Driver/Inc -I../Drivers/STM32F0xx_HAL_Driver/Inc/Legacy -I../Drivers/CMSIS/Device/ST/STM32F0xx/Include -I../Drivers/CMSIS/Include -Os -ffunction-sections -fdata-sections -Wall -fstack-usage -MMD -MP -MF"src/portable/chipidea/ci_hs/dcd_ci_hs.d" -MT"src/portable/chipidea/ci_hs/dcd_ci_hs.o" --specs=nano.specs -mfloat-abi=soft -mthumb -o "src/portable/chipidea/ci_hs/dcd_ci_hs.o"
arm-none-eabi-gcc "C:/Users/donsp/Documents/GitHub/audio_interface/tinyusb/src/portable/chipidea/ci_hs/hcd_ci_hs.c" -mcpu=cortex-m0 -std=gnu11 -g -DDEBUG -DUSE_HAL_DRIVER -DSTM32F042x6 -c -I../Core/Inc -I"C:/Users/donsp/Documents/GitHub/audio_interface/tinyusb/src" -I../Drivers/STM32F0xx_HAL_Driver/Inc -I../Drivers/STM32F0xx_HAL_Driver/Inc/Legacy -I../Drivers/CMSIS/Device/ST/STM32F0xx/Include -I../Drivers/CMSIS/Include -Os -ffunction-sections -fdata-sections -Wall -fstack-usage -MMD -MP -MF"src/portable/chipidea/ci_hs/hcd_ci_hs.d" -MT"src/portable/chipidea/ci_hs/hcd_ci_hs.o" --specs=nano.specs -mfloat-abi=soft -mthumb -o "src/portable/chipidea/ci_hs/hcd_ci_hs.o"
arm-none-eabi-gcc "C:/Users/donsp/Documents/GitHub/audio_interface/tinyusb/src/portable/broadcom/synopsys/dcd_synopsys.c" -mcpu=cortex-m0 -std=gnu11 -g -DDEBUG -DUSE_HAL_DRIVER -DSTM32F042x6 -c -I../Core/Inc -I"C:/Users/donsp/Documents/GitHub/audio_interface/tinyusb/src" -I../Drivers/STM32F0xx_HAL_Driver/Inc -I../Drivers/STM32F0xx_HAL_Driver/Inc/Legacy -I../Drivers/CMSIS/Device/ST/STM32F0xx/Include -I../Drivers/CMSIS/Include -Os -ffunction-sections -fdata-sections -Wall -fstack-usage -MMD -MP -MF"src/portable/broadcom/synopsys/dcd_synopsys.d" -MT"src/portable/broadcom/synopsys/dcd_synopsys.o" --specs=nano.specs -mfloat-abi=soft -mthumb -o "src/portable/broadcom/synopsys/dcd_synopsys.o"
arm-none-eabi-gcc "C:/Users/donsp/Documents/GitHub/audio_interface/tinyusb/src/portable/bridgetek/ft9xx/dcd_ft9xx.c" -mcpu=cortex-m0 -std=gnu11 -g -DDEBUG -DUSE_HAL_DRIVER -DSTM32F042x6 -c -I../Core/Inc -I"C:/Users/donsp/Documents/GitHub/audio_interface/tinyusb/src" -I../Drivers/STM32F0xx_HAL_Driver/Inc -I../Drivers/STM32F0xx_HAL_Driver/Inc/Legacy -I../Drivers/CMSIS/Device/ST/STM32F0xx/Include -I../Drivers/CMSIS/Include -Os -ffunction-sections -fdata-sections -Wall -fstack-usage -MMD -MP -MF"src/portable/bridgetek/ft9xx/dcd_ft9xx.d" -MT"src/portable/bridgetek/ft9xx/dcd_ft9xx.o" --specs=nano.specs -mfloat-abi=soft -mthumb -o "src/portable/bridgetek/ft9xx/dcd_ft9xx.o"
arm-none-eabi-gcc "C:/Users/donsp/Documents/GitHub/audio_interface/tinyusb/src/host/hub.c" -mcpu=cortex-m0 -std=gnu11 -g -DDEBUG -DUSE_HAL_DRIVER -DSTM32F042x6 -c -I../Core/Inc -I"C:/Users/donsp/Documents/GitHub/audio_interface/tinyusb/src" -I../Drivers/STM32F0xx_HAL_Driver/Inc -I../Drivers/STM32F0xx_HAL_Driver/Inc/Legacy -I../Drivers/CMSIS/Device/ST/STM32F0xx/Include -I../Drivers/CMSIS/Include -Os -ffunction-sections -fdata-sections -Wall -fstack-usage -MMD -MP -MF"src/host/hub.d" -MT"src/host/hub.o" --specs=nano.specs -mfloat-abi=soft -mthumb -o "src/host/hub.o"
arm-none-eabi-gcc "C:/Users/donsp/Documents/GitHub/audio_interface/tinyusb/src/host/usbh.c" -mcpu=cortex-m0 -std=gnu11 -g -DDEBUG -DUSE_HAL_DRIVER -DSTM32F042x6 -c -I../Core/Inc -I"C:/Users/donsp/Documents/GitHub/audio_interface/tinyusb/src" -I../Drivers/STM32F0xx_HAL_Driver/Inc -I../Drivers/STM32F0xx_HAL_Driver/Inc/Legacy -I../Drivers/CMSIS/Device/ST/STM32F0xx/Include -I../Drivers/CMSIS/Include -Os -ffunction-sections -fdata-sections -Wall -fstack-usage -MMD -MP -MF"src/host/usbh.d" -MT"src/host/usbh.o" --specs=nano.specs -mfloat-abi=soft -mthumb -o "src/host/usbh.o"
arm-none-eabi-gcc "C:/Users/donsp/Documents/GitHub/audio_interface/tinyusb/src/device/usbd.c" -mcpu=cortex-m0 -std=gnu11 -g -DDEBUG -DUSE_HAL_DRIVER -DSTM32F042x6 -c -I../Core/Inc -I"C:/Users/donsp/Documents/GitHub/audio_interface/tinyusb/src" -I../Drivers/STM32F0xx_HAL_Driver/Inc -I../Drivers/STM32F0xx_HAL_Driver/Inc/Legacy -I../Drivers/CMSIS/Device/ST/STM32F0xx/Include -I../Drivers/CMSIS/Include -Os -ffunction-sections -fdata-sections -Wall -fstack-usage -MMD -MP -MF"src/device/usbd.d" -MT"src/device/usbd.o" --specs=nano.specs -mfloat-abi=soft -mthumb -o "src/device/usbd.o"
arm-none-eabi-gcc "C:/Users/donsp/Documents/GitHub/audio_interface/tinyusb/src/device/usbd_control.c" -mcpu=cortex-m0 -std=gnu11 -g -DDEBUG -DUSE_HAL_DRIVER -DSTM32F042x6 -c -I../Core/Inc -I"C:/Users/donsp/Documents/GitHub/audio_interface/tinyusb/src" -I../Drivers/STM32F0xx_HAL_Driver/Inc -I../Drivers/STM32F0xx_HAL_Driver/Inc/Legacy -I../Drivers/CMSIS/Device/ST/STM32F0xx/Include -I../Drivers/CMSIS/Include -Os -ffunction-sections -fdata-sections -Wall -fstack-usage -MMD -MP -MF"src/device/usbd_control.d" -MT"src/device/usbd_control.o" --specs=nano.specs -mfloat-abi=soft -mthumb -o "src/device/usbd_control.o"
arm-none-eabi-gcc "C:/Users/donsp/Documents/GitHub/audio_interface/tinyusb/src/common/tusb_fifo.c" -mcpu=cortex-m0 -std=gnu11 -g -DDEBUG -DUSE_HAL_DRIVER -DSTM32F042x6 -c -I../Core/Inc -I"C:/Users/donsp/Documents/GitHub/audio_interface/tinyusb/src" -I../Drivers/STM32F0xx_HAL_Driver/Inc -I../Drivers/STM32F0xx_HAL_Driver/Inc/Legacy -I../Drivers/CMSIS/Device/ST/STM32F0xx/Include -I../Drivers/CMSIS/Include -Os -ffunction-sections -fdata-sections -Wall -fstack-usage -MMD -MP -MF"src/common/tusb_fifo.d" -MT"src/common/tusb_fifo.o" --specs=nano.specs -mfloat-abi=soft -mthumb -o "src/common/tusb_fifo.o"
arm-none-eabi-gcc "C:/Users/donsp/Documents/GitHub/audio_interface/tinyusb/src/class/video/video_device.c" -mcpu=cortex-m0 -std=gnu11 -g -DDEBUG -DUSE_HAL_DRIVER -DSTM32F042x6 -c -I../Core/Inc -I"C:/Users/donsp/Documents/GitHub/audio_interface/tinyusb/src" -I../Drivers/STM32F0xx_HAL_Driver/Inc -I../Drivers/STM32F0xx_HAL_Driver/Inc/Legacy -I../Drivers/CMSIS/Device/ST/STM32F0xx/Include -I../Drivers/CMSIS/Include -Os -ffunction-sections -fdata-sections -Wall -fstack-usage -MMD -MP -MF"src/class/video/video_device.d" -MT"src/class/video/video_device.o" --specs=nano.specs -mfloat-abi=soft -mthumb -o "src/class/video/video_device.o"
arm-none-eabi-gcc "C:/Users/donsp/Documents/GitHub/audio_interface/tinyusb/src/class/vendor/vendor_device.c" -mcpu=cortex-m0 -std=gnu11 -g -DDEBUG -DUSE_HAL_DRIVER -DSTM32F042x6 -c -I../Core/Inc -I"C:/Users/donsp/Documents/GitHub/audio_interface/tinyusb/src" -I../Drivers/STM32F0xx_HAL_Driver/Inc -I../Drivers/STM32F0xx_HAL_Driver/Inc/Legacy -I../Drivers/CMSIS/Device/ST/STM32F0xx/Include -I../Drivers/CMSIS/Include -Os -ffunction-sections -fdata-sections -Wall -fstack-usage -MMD -MP -MF"src/class/vendor/vendor_device.d" -MT"src/class/vendor/vendor_device.o" --specs=nano.specs -mfloat-abi=soft -mthumb -o "src/class/vendor/vendor_device.o"
arm-none-eabi-gcc "C:/Users/donsp/Documents/GitHub/audio_interface/tinyusb/src/class/vendor/vendor_host.c" -mcpu=cortex-m0 -std=gnu11 -g -DDEBUG -DUSE_HAL_DRIVER -DSTM32F042x6 -c -I../Core/Inc -I"C:/Users/donsp/Documents/GitHub/audio_interface/tinyusb/src" -I../Drivers/STM32F0xx_HAL_Driver/Inc -I../Drivers/STM32F0xx_HAL_Driver/Inc/Legacy -I../Drivers/CMSIS/Device/ST/STM32F0xx/Include -I../Drivers/CMSIS/Include -Os -ffunction-sections -fdata-sections -Wall -fstack-usage -MMD -MP -MF"src/class/vendor/vendor_host.d" -MT"src/class/vendor/vendor_host.o" --specs=nano.specs -mfloat-abi=soft -mthumb -o "src/class/vendor/vendor_host.o"
arm-none-eabi-gcc "C:/Users/donsp/Documents/GitHub/audio_interface/tinyusb/src/class/usbtmc/usbtmc_device.c" -mcpu=cortex-m0 -std=gnu11 -g -DDEBUG -DUSE_HAL_DRIVER -DSTM32F042x6 -c -I../Core/Inc -I"C:/Users/donsp/Documents/GitHub/audio_interface/tinyusb/src" -I../Drivers/STM32F0xx_HAL_Driver/Inc -I../Drivers/STM32F0xx_HAL_Driver/Inc/Legacy -I../Drivers/CMSIS/Device/ST/STM32F0xx/Include -I../Drivers/CMSIS/Include -Os -ffunction-sections -fdata-sections -Wall -fstack-usage -MMD -MP -MF"src/class/usbtmc/usbtmc_device.d" -MT"src/class/usbtmc/usbtmc_device.o" --specs=nano.specs -mfloat-abi=soft -mthumb -o "src/class/usbtmc/usbtmc_device.o"
arm-none-eabi-gcc "C:/Users/donsp/Documents/GitHub/audio_interface/tinyusb/src/class/net/ecm_rndis_device.c" -mcpu=cortex-m0 -std=gnu11 -g -DDEBUG -DUSE_HAL_DRIVER -DSTM32F042x6 -c -I../Core/Inc -I"C:/Users/donsp/Documents/GitHub/audio_interface/tinyusb/src" -I../Drivers/STM32F0xx_HAL_Driver/Inc -I../Drivers/STM32F0xx_HAL_Driver/Inc/Legacy -I../Drivers/CMSIS/Device/ST/STM32F0xx/Include -I../Drivers/CMSIS/Include -Os -ffunction-sections -fdata-sections -Wall -fstack-usage -MMD -MP -MF"src/class/net/ecm_rndis_device.d" -MT"src/class/net/ecm_rndis_device.o" --specs=nano.specs -mfloat-abi=soft -mthumb -o "src/class/net/ecm_rndis_device.o"
arm-none-eabi-gcc "C:/Users/donsp/Documents/GitHub/audio_interface/tinyusb/src/class/net/ncm_device.c" -mcpu=cortex-m0 -std=gnu11 -g -DDEBUG -DUSE_HAL_DRIVER -DSTM32F042x6 -c -I../Core/Inc -I"C:/Users/donsp/Documents/GitHub/audio_interface/tinyusb/src" -I../Drivers/STM32F0xx_HAL_Driver/Inc -I../Drivers/STM32F0xx_HAL_Driver/Inc/Legacy -I../Drivers/CMSIS/Device/ST/STM32F0xx/Include -I../Drivers/CMSIS/Include -Os -ffunction-sections -fdata-sections -Wall -fstack-usage -MMD -MP -MF"src/class/net/ncm_device.d" -MT"src/class/net/ncm_device.o" --specs=nano.specs -mfloat-abi=soft -mthumb -o "src/class/net/ncm_device.o"
arm-none-eabi-gcc "C:/Users/donsp/Documents/GitHub/audio_interface/tinyusb/src/class/msc/msc_device.c" -mcpu=cortex-m0 -std=gnu11 -g -DDEBUG -DUSE_HAL_DRIVER -DSTM32F042x6 -c -I../Core/Inc -I"C:/Users/donsp/Documents/GitHub/audio_interface/tinyusb/src" -I../Drivers/STM32F0xx_HAL_Driver/Inc -I../Drivers/STM32F0xx_HAL_Driver/Inc/Legacy -I../Drivers/CMSIS/Device/ST/STM32F0xx/Include -I../Drivers/CMSIS/Include -Os -ffunction-sections -fdata-sections -Wall -fstack-usage -MMD -MP -MF"src/class/msc/msc_device.d" -MT"src/class/msc/msc_device.o" --specs=nano.specs -mfloat-abi=soft -mthumb -o "src/class/msc/msc_device.o"
arm-none-eabi-gcc "C:/Users/donsp/Documents/GitHub/audio_interface/tinyusb/src/class/msc/msc_host.c" -mcpu=cortex-m0 -std=gnu11 -g -DDEBUG -DUSE_HAL_DRIVER -DSTM32F042x6 -c -I../Core/Inc -I"C:/Users/donsp/Documents/GitHub/audio_interface/tinyusb/src" -I../Drivers/STM32F0xx_HAL_Driver/Inc -I../Drivers/STM32F0xx_HAL_Driver/Inc/Legacy -I../Drivers/CMSIS/Device/ST/STM32F0xx/Include -I../Drivers/CMSIS/Include -Os -ffunction-sections -fdata-sections -Wall -fstack-usage -MMD -MP -MF"src/class/msc/msc_host.d" -MT"src/class/msc/msc_host.o" --specs=nano.specs -mfloat-abi=soft -mthumb -o "src/class/msc/msc_host.o"
arm-none-eabi-gcc "C:/Users/donsp/Documents/GitHub/audio_interface/tinyusb/src/class/midi/midi_device.c" -mcpu=cortex-m0 -std=gnu11 -g -DDEBUG -DUSE_HAL_DRIVER -DSTM32F042x6 -c -I../Core/Inc -I"C:/Users/donsp/Documents/GitHub/audio_interface/tinyusb/src" -I../Drivers/STM32F0xx_HAL_Driver/Inc -I../Drivers/STM32F0xx_HAL_Driver/Inc/Legacy -I../Drivers/CMSIS/Device/ST/STM32F0xx/Include -I../Drivers/CMSIS/Include -Os -ffunction-sections -fdata-sections -Wall -fstack-usage -MMD -MP -MF"src/class/midi/midi_device.d" -MT"src/class/midi/midi_device.o" --specs=nano.specs -mfloat-abi=soft -mthumb -o "src/class/midi/midi_device.o"
arm-none-eabi-gcc "C:/Users/donsp/Documents/GitHub/audio_interface/tinyusb/src/class/hid/hid_device.c" -mcpu=cortex-m0 -std=gnu11 -g -DDEBUG -DUSE_HAL_DRIVER -DSTM32F042x6 -c -I../Core/Inc -I"C:/Users/donsp/Documents/GitHub/audio_interface/tinyusb/src" -I../Drivers/STM32F0xx_HAL_Driver/Inc -I../Drivers/STM32F0xx_HAL_Driver/Inc/Legacy -I../Drivers/CMSIS/Device/ST/STM32F0xx/Include -I../Drivers/CMSIS/Include -Os -ffunction-sections -fdata-sections -Wall -fstack-usage -MMD -MP -MF"src/class/hid/hid_device.d" -MT"src/class/hid/hid_device.o" --specs=nano.specs -mfloat-abi=soft -mthumb -o "src/class/hid/hid_device.o"
arm-none-eabi-gcc "C:/Users/donsp/Documents/GitHub/audio_interface/tinyusb/src/class/hid/hid_host.c" -mcpu=cortex-m0 -std=gnu11 -g -DDEBUG -DUSE_HAL_DRIVER -DSTM32F042x6 -c -I../Core/Inc -I"C:/Users/donsp/Documents/GitHub/audio_interface/tinyusb/src" -I../Drivers/STM32F0xx_HAL_Driver/Inc -I../Drivers/STM32F0xx_HAL_Driver/Inc/Legacy -I../Drivers/CMSIS/Device/ST/STM32F0xx/Include -I../Drivers/CMSIS/Include -Os -ffunction-sections -fdata-sections -Wall -fstack-usage -MMD -MP -MF"src/class/hid/hid_host.d" -MT"src/class/hid/hid_host.o" --specs=nano.specs -mfloat-abi=soft -mthumb -o "src/class/hid/hid_host.o"
arm-none-eabi-gcc "C:/Users/donsp/Documents/GitHub/audio_interface/tinyusb/src/class/dfu/dfu_device.c" -mcpu=cortex-m0 -std=gnu11 -g -DDEBUG -DUSE_HAL_DRIVER -DSTM32F042x6 -c -I../Core/Inc -I"C:/Users/donsp/Documents/GitHub/audio_interface/tinyusb/src" -I../Drivers/STM32F0xx_HAL_Driver/Inc -I../Drivers/STM32F0xx_HAL_Driver/Inc/Legacy -I../Drivers/CMSIS/Device/ST/STM32F0xx/Include -I../Drivers/CMSIS/Include -Os -ffunction-sections -fdata-sections -Wall -fstack-usage -MMD -MP -MF"src/class/dfu/dfu_device.d" -MT"src/class/dfu/dfu_device.o" --specs=nano.specs -mfloat-abi=soft -mthumb -o "src/class/dfu/dfu_device.o"
arm-none-eabi-gcc "C:/Users/donsp/Documents/GitHub/audio_interface/tinyusb/src/class/dfu/dfu_rt_device.c" -mcpu=cortex-m0 -std=gnu11 -g -DDEBUG -DUSE_HAL_DRIVER -DSTM32F042x6 -c -I../Core/Inc -I"C:/Users/donsp/Documents/GitHub/audio_interface/tinyusb/src" -I../Drivers/STM32F0xx_HAL_Driver/Inc -I../Drivers/STM32F0xx_HAL_Driver/Inc/Legacy -I../Drivers/CMSIS/Device/ST/STM32F0xx/Include -I../Drivers/CMSIS/Include -Os -ffunction-sections -fdata-sections -Wall -fstack-usage -MMD -MP -MF"src/class/dfu/dfu_rt_device.d" -MT"src/class/dfu/dfu_rt_device.o" --specs=nano.specs -mfloat-abi=soft -mthumb -o "src/class/dfu/dfu_rt_device.o"
arm-none-eabi-gcc "C:/Users/donsp/Documents/GitHub/audio_interface/tinyusb/src/class/cdc/cdc_device.c" -mcpu=cortex-m0 -std=gnu11 -g -DDEBUG -DUSE_HAL_DRIVER -DSTM32F042x6 -c -I../Core/Inc -I"C:/Users/donsp/Documents/GitHub/audio_interface/tinyusb/src" -I../Drivers/STM32F0xx_HAL_Driver/Inc -I../Drivers/STM32F0xx_HAL_Driver/Inc/Legacy -I../Drivers/CMSIS/Device/ST/STM32F0xx/Include -I../Drivers/CMSIS/Include -Os -ffunction-sections -fdata-sections -Wall -fstack-usage -MMD -MP -MF"src/class/cdc/cdc_device.d" -MT"src/class/cdc/cdc_device.o" --specs=nano.specs -mfloat-abi=soft -mthumb -o "src/class/cdc/cdc_device.o"
In file included from C:/Users/donsp/Documents/GitHub/audio_interface/tinyusb/src/osal/osal.h:48,
                 from C:/Users/donsp/Documents/GitHub/audio_interface/tinyusb/src/common/tusb_fifo.c:28:
C:/Users/donsp/Documents/GitHub/audio_interface/tinyusb/src/osal/osal_none.h:153:13: warning: 'osal_queue_send' defined but not used [-Wunused-function]
  153 | static bool osal_queue_send(osal_queue_t qhdl, void const * data, bool in_isr)
      |             ^~~~~~~~~~~~~~~
arm-none-eabi-gcc "C:/Users/donsp/Documents/GitHub/audio_interface/tinyusb/src/class/cdc/cdc_host.c" -mcpu=cortex-m0 -std=gnu11 -g -DDEBUG -DUSE_HAL_DRIVER -DSTM32F042x6 -c -I../Core/Inc -I"C:/Users/donsp/Documents/GitHub/audio_interface/tinyusb/src" -I../Drivers/STM32F0xx_HAL_Driver/Inc -I../Drivers/STM32F0xx_HAL_Driver/Inc/Legacy -I../Drivers/CMSIS/Device/ST/STM32F0xx/Include -I../Drivers/CMSIS/Include -Os -ffunction-sections -fdata-sections -Wall -fstack-usage -MMD -MP -MF"src/class/cdc/cdc_host.d" -MT"src/class/cdc/cdc_host.o" --specs=nano.specs -mfloat-abi=soft -mthumb -o "src/class/cdc/cdc_host.o"
In file included from C:/Users/donsp/Documents/GitHub/audio_interface/tinyusb/src/osal/osal.h:48,
                 from C:/Users/donsp/Documents/GitHub/audio_interface/tinyusb/src/tusb.h:38,
                 from C:/Users/donsp/Documents/GitHub/audio_interface/tinyusb/src/device/usbd_control.c:31:
C:/Users/donsp/Documents/GitHub/audio_interface/tinyusb/src/osal/osal_none.h:153:13: warning: 'osal_queue_send' defined but not used [-Wunused-function]
  153 | static bool osal_queue_send(osal_queue_t qhdl, void const * data, bool in_isr)
      |             ^~~~~~~~~~~~~~~
arm-none-eabi-gcc "C:/Users/donsp/Documents/GitHub/audio_interface/tinyusb/src/class/cdc/cdc_rndis_host.c" -mcpu=cortex-m0 -std=gnu11 -g -DDEBUG -DUSE_HAL_DRIVER -DSTM32F042x6 -c -I../Core/Inc -I"C:/Users/donsp/Documents/GitHub/audio_interface/tinyusb/src" -I../Drivers/STM32F0xx_HAL_Driver/Inc -I../Drivers/STM32F0xx_HAL_Driver/Inc/Legacy -I../Drivers/CMSIS/Device/ST/STM32F0xx/Include -I../Drivers/CMSIS/Include -Os -ffunction-sections -fdata-sections -Wall -fstack-usage -MMD -MP -MF"src/class/cdc/cdc_rndis_host.d" -MT"src/class/cdc/cdc_rndis_host.o" --specs=nano.specs -mfloat-abi=soft -mthumb -o "src/class/cdc/cdc_rndis_host.o"
arm-none-eabi-gcc "C:/Users/donsp/Documents/GitHub/audio_interface/tinyusb/src/class/bth/bth_device.c" -mcpu=cortex-m0 -std=gnu11 -g -DDEBUG -DUSE_HAL_DRIVER -DSTM32F042x6 -c -I../Core/Inc -I"C:/Users/donsp/Documents/GitHub/audio_interface/tinyusb/src" -I../Drivers/STM32F0xx_HAL_Driver/Inc -I../Drivers/STM32F0xx_HAL_Driver/Inc/Legacy -I../Drivers/CMSIS/Device/ST/STM32F0xx/Include -I../Drivers/CMSIS/Include -Os -ffunction-sections -fdata-sections -Wall -fstack-usage -MMD -MP -MF"src/class/bth/bth_device.d" -MT"src/class/bth/bth_device.o" --specs=nano.specs -mfloat-abi=soft -mthumb -o "src/class/bth/bth_device.o"
arm-none-eabi-gcc "C:/Users/donsp/Documents/GitHub/audio_interface/tinyusb/src/class/audio/audio_device.c" -mcpu=cortex-m0 -std=gnu11 -g -DDEBUG -DUSE_HAL_DRIVER -DSTM32F042x6 -c -I../Core/Inc -I"C:/Users/donsp/Documents/GitHub/audio_interface/tinyusb/src" -I../Drivers/STM32F0xx_HAL_Driver/Inc -I../Drivers/STM32F0xx_HAL_Driver/Inc/Legacy -I../Drivers/CMSIS/Device/ST/STM32F0xx/Include -I../Drivers/CMSIS/Include -Os -ffunction-sections -fdata-sections -Wall -fstack-usage -MMD -MP -MF"src/class/audio/audio_device.d" -MT"src/class/audio/audio_device.o" --specs=nano.specs -mfloat-abi=soft -mthumb -o "src/class/audio/audio_device.o"
arm-none-eabi-gcc "C:/Users/donsp/Documents/GitHub/audio_interface/tinyusb/src/tusb.c" -mcpu=cortex-m0 -std=gnu11 -g -DDEBUG -DUSE_HAL_DRIVER -DSTM32F042x6 -c -I../Core/Inc -I"C:/Users/donsp/Documents/GitHub/audio_interface/tinyusb/src" -I../Drivers/STM32F0xx_HAL_Driver/Inc -I../Drivers/STM32F0xx_HAL_Driver/Inc/Legacy -I../Drivers/CMSIS/Device/ST/STM32F0xx/Include -I../Drivers/CMSIS/Include -Os -ffunction-sections -fdata-sections -Wall -fstack-usage -MMD -MP -MF"src/tusb.d" -MT"src/tusb.o" --specs=nano.specs -mfloat-abi=soft -mthumb -o "src/tusb.o"
arm-none-eabi-gcc "../Drivers/STM32F0xx_HAL_Driver/Src/stm32f0xx_hal.c" -mcpu=cortex-m0 -std=gnu11 -g -DDEBUG -DUSE_HAL_DRIVER -DSTM32F042x6 -c -I../Core/Inc -I"C:/Users/donsp/Documents/GitHub/audio_interface/tinyusb/src" -I../Drivers/STM32F0xx_HAL_Driver/Inc -I../Drivers/STM32F0xx_HAL_Driver/Inc/Legacy -I../Drivers/CMSIS/Device/ST/STM32F0xx/Include -I../Drivers/CMSIS/Include -Os -ffunction-sections -fdata-sections -Wall -fstack-usage -MMD -MP -MF"Drivers/STM32F0xx_HAL_Driver/Src/stm32f0xx_hal.d" -MT"Drivers/STM32F0xx_HAL_Driver/Src/stm32f0xx_hal.o" --specs=nano.specs -mfloat-abi=soft -mthumb -o "Drivers/STM32F0xx_HAL_Driver/Src/stm32f0xx_hal.o"
arm-none-eabi-gcc "../Drivers/STM32F0xx_HAL_Driver/Src/stm32f0xx_hal_cortex.c" -mcpu=cortex-m0 -std=gnu11 -g -DDEBUG -DUSE_HAL_DRIVER -DSTM32F042x6 -c -I../Core/Inc -I"C:/Users/donsp/Documents/GitHub/audio_interface/tinyusb/src" -I../Drivers/STM32F0xx_HAL_Driver/Inc -I../Drivers/STM32F0xx_HAL_Driver/Inc/Legacy -I../Drivers/CMSIS/Device/ST/STM32F0xx/Include -I../Drivers/CMSIS/Include -Os -ffunction-sections -fdata-sections -Wall -fstack-usage -MMD -MP -MF"Drivers/STM32F0xx_HAL_Driver/Src/stm32f0xx_hal_cortex.d" -MT"Drivers/STM32F0xx_HAL_Driver/Src/stm32f0xx_hal_cortex.o" --specs=nano.specs -mfloat-abi=soft -mthumb -o "Drivers/STM32F0xx_HAL_Driver/Src/stm32f0xx_hal_cortex.o"
arm-none-eabi-gcc "../Drivers/STM32F0xx_HAL_Driver/Src/stm32f0xx_hal_dma.c" -mcpu=cortex-m0 -std=gnu11 -g -DDEBUG -DUSE_HAL_DRIVER -DSTM32F042x6 -c -I../Core/Inc -I"C:/Users/donsp/Documents/GitHub/audio_interface/tinyusb/src" -I../Drivers/STM32F0xx_HAL_Driver/Inc -I../Drivers/STM32F0xx_HAL_Driver/Inc/Legacy -I../Drivers/CMSIS/Device/ST/STM32F0xx/Include -I../Drivers/CMSIS/Include -Os -ffunction-sections -fdata-sections -Wall -fstack-usage -MMD -MP -MF"Drivers/STM32F0xx_HAL_Driver/Src/stm32f0xx_hal_dma.d" -MT"Drivers/STM32F0xx_HAL_Driver/Src/stm32f0xx_hal_dma.o" --specs=nano.specs -mfloat-abi=soft -mthumb -o "Drivers/STM32F0xx_HAL_Driver/Src/stm32f0xx_hal_dma.o"
arm-none-eabi-gcc "../Drivers/STM32F0xx_HAL_Driver/Src/stm32f0xx_hal_exti.c" -mcpu=cortex-m0 -std=gnu11 -g -DDEBUG -DUSE_HAL_DRIVER -DSTM32F042x6 -c -I../Core/Inc -I"C:/Users/donsp/Documents/GitHub/audio_interface/tinyusb/src" -I../Drivers/STM32F0xx_HAL_Driver/Inc -I../Drivers/STM32F0xx_HAL_Driver/Inc/Legacy -I../Drivers/CMSIS/Device/ST/STM32F0xx/Include -I../Drivers/CMSIS/Include -Os -ffunction-sections -fdata-sections -Wall -fstack-usage -MMD -MP -MF"Drivers/STM32F0xx_HAL_Driver/Src/stm32f0xx_hal_exti.d" -MT"Drivers/STM32F0xx_HAL_Driver/Src/stm32f0xx_hal_exti.o" --specs=nano.specs -mfloat-abi=soft -mthumb -o "Drivers/STM32F0xx_HAL_Driver/Src/stm32f0xx_hal_exti.o"
arm-none-eabi-gcc "../Drivers/STM32F0xx_HAL_Driver/Src/stm32f0xx_hal_flash.c" -mcpu=cortex-m0 -std=gnu11 -g -DDEBUG -DUSE_HAL_DRIVER -DSTM32F042x6 -c -I../Core/Inc -I"C:/Users/donsp/Documents/GitHub/audio_interface/tinyusb/src" -I../Drivers/STM32F0xx_HAL_Driver/Inc -I../Drivers/STM32F0xx_HAL_Driver/Inc/Legacy -I../Drivers/CMSIS/Device/ST/STM32F0xx/Include -I../Drivers/CMSIS/Include -Os -ffunction-sections -fdata-sections -Wall -fstack-usage -MMD -MP -MF"Drivers/STM32F0xx_HAL_Driver/Src/stm32f0xx_hal_flash.d" -MT"Drivers/STM32F0xx_HAL_Driver/Src/stm32f0xx_hal_flash.o" --specs=nano.specs -mfloat-abi=soft -mthumb -o "Drivers/STM32F0xx_HAL_Driver/Src/stm32f0xx_hal_flash.o"
arm-none-eabi-gcc "../Drivers/STM32F0xx_HAL_Driver/Src/stm32f0xx_hal_flash_ex.c" -mcpu=cortex-m0 -std=gnu11 -g -DDEBUG -DUSE_HAL_DRIVER -DSTM32F042x6 -c -I../Core/Inc -I"C:/Users/donsp/Documents/GitHub/audio_interface/tinyusb/src" -I../Drivers/STM32F0xx_HAL_Driver/Inc -I../Drivers/STM32F0xx_HAL_Driver/Inc/Legacy -I../Drivers/CMSIS/Device/ST/STM32F0xx/Include -I../Drivers/CMSIS/Include -Os -ffunction-sections -fdata-sections -Wall -fstack-usage -MMD -MP -MF"Drivers/STM32F0xx_HAL_Driver/Src/stm32f0xx_hal_flash_ex.d" -MT"Drivers/STM32F0xx_HAL_Driver/Src/stm32f0xx_hal_flash_ex.o" --specs=nano.specs -mfloat-abi=soft -mthumb -o "Drivers/STM32F0xx_HAL_Driver/Src/stm32f0xx_hal_flash_ex.o"
arm-none-eabi-gcc "../Drivers/STM32F0xx_HAL_Driver/Src/stm32f0xx_hal_gpio.c" -mcpu=cortex-m0 -std=gnu11 -g -DDEBUG -DUSE_HAL_DRIVER -DSTM32F042x6 -c -I../Core/Inc -I"C:/Users/donsp/Documents/GitHub/audio_interface/tinyusb/src" -I../Drivers/STM32F0xx_HAL_Driver/Inc -I../Drivers/STM32F0xx_HAL_Driver/Inc/Legacy -I../Drivers/CMSIS/Device/ST/STM32F0xx/Include -I../Drivers/CMSIS/Include -Os -ffunction-sections -fdata-sections -Wall -fstack-usage -MMD -MP -MF"Drivers/STM32F0xx_HAL_Driver/Src/stm32f0xx_hal_gpio.d" -MT"Drivers/STM32F0xx_HAL_Driver/Src/stm32f0xx_hal_gpio.o" --specs=nano.specs -mfloat-abi=soft -mthumb -o "Drivers/STM32F0xx_HAL_Driver/Src/stm32f0xx_hal_gpio.o"
In file included from C:/Users/donsp/Documents/GitHub/audio_interface/tinyusb/src/osal/osal.h:48,
                 from C:/Users/donsp/Documents/GitHub/audio_interface/tinyusb/src/tusb.h:38,
                 from C:/Users/donsp/Documents/GitHub/audio_interface/tinyusb/src/tusb.c:31:
C:/Users/donsp/Documents/GitHub/audio_interface/tinyusb/src/osal/osal_none.h:153:13: warning: 'osal_queue_send' defined but not used [-Wunused-function]
  153 | static bool osal_queue_send(osal_queue_t qhdl, void const * data, bool in_isr)
      |             ^~~~~~~~~~~~~~~
arm-none-eabi-gcc "../Drivers/STM32F0xx_HAL_Driver/Src/stm32f0xx_hal_i2c.c" -mcpu=cortex-m0 -std=gnu11 -g -DDEBUG -DUSE_HAL_DRIVER -DSTM32F042x6 -c -I../Core/Inc -I"C:/Users/donsp/Documents/GitHub/audio_interface/tinyusb/src" -I../Drivers/STM32F0xx_HAL_Driver/Inc -I../Drivers/STM32F0xx_HAL_Driver/Inc/Legacy -I../Drivers/CMSIS/Device/ST/STM32F0xx/Include -I../Drivers/CMSIS/Include -Os -ffunction-sections -fdata-sections -Wall -fstack-usage -MMD -MP -MF"Drivers/STM32F0xx_HAL_Driver/Src/stm32f0xx_hal_i2c.d" -MT"Drivers/STM32F0xx_HAL_Driver/Src/stm32f0xx_hal_i2c.o" --specs=nano.specs -mfloat-abi=soft -mthumb -o "Drivers/STM32F0xx_HAL_Driver/Src/stm32f0xx_hal_i2c.o"
In file included from C:/Users/donsp/Documents/GitHub/audio_interface/tinyusb/src/osal/osal.h:48,
                 from C:/Users/donsp/Documents/GitHub/audio_interface/tinyusb/src/device/usbd_pvt.h:29,
                 from C:/Users/donsp/Documents/GitHub/audio_interface/tinyusb/src/class/audio/audio_device.c:59:
C:/Users/donsp/Documents/GitHub/audio_interface/tinyusb/src/osal/osal_none.h:153:13: warning: 'osal_queue_send' defined but not used [-Wunused-function]
  153 | static bool osal_queue_send(osal_queue_t qhdl, void const * data, bool in_isr)
      |             ^~~~~~~~~~~~~~~
arm-none-eabi-gcc "../Drivers/STM32F0xx_HAL_Driver/Src/stm32f0xx_hal_i2c_ex.c" -mcpu=cortex-m0 -std=gnu11 -g -DDEBUG -DUSE_HAL_DRIVER -DSTM32F042x6 -c -I../Core/Inc -I"C:/Users/donsp/Documents/GitHub/audio_interface/tinyusb/src" -I../Drivers/STM32F0xx_HAL_Driver/Inc -I../Drivers/STM32F0xx_HAL_Driver/Inc/Legacy -I../Drivers/CMSIS/Device/ST/STM32F0xx/Include -I../Drivers/CMSIS/Include -Os -ffunction-sections -fdata-sections -Wall -fstack-usage -MMD -MP -MF"Drivers/STM32F0xx_HAL_Driver/Src/stm32f0xx_hal_i2c_ex.d" -MT"Drivers/STM32F0xx_HAL_Driver/Src/stm32f0xx_hal_i2c_ex.o" --specs=nano.specs -mfloat-abi=soft -mthumb -o "Drivers/STM32F0xx_HAL_Driver/Src/stm32f0xx_hal_i2c_ex.o"
arm-none-eabi-gcc "../Drivers/STM32F0xx_HAL_Driver/Src/stm32f0xx_hal_i2s.c" -mcpu=cortex-m0 -std=gnu11 -g -DDEBUG -DUSE_HAL_DRIVER -DSTM32F042x6 -c -I../Core/Inc -I"C:/Users/donsp/Documents/GitHub/audio_interface/tinyusb/src" -I../Drivers/STM32F0xx_HAL_Driver/Inc -I../Drivers/STM32F0xx_HAL_Driver/Inc/Legacy -I../Drivers/CMSIS/Device/ST/STM32F0xx/Include -I../Drivers/CMSIS/Include -Os -ffunction-sections -fdata-sections -Wall -fstack-usage -MMD -MP -MF"Drivers/STM32F0xx_HAL_Driver/Src/stm32f0xx_hal_i2s.d" -MT"Drivers/STM32F0xx_HAL_Driver/Src/stm32f0xx_hal_i2s.o" --specs=nano.specs -mfloat-abi=soft -mthumb -o "Drivers/STM32F0xx_HAL_Driver/Src/stm32f0xx_hal_i2s.o"
arm-none-eabi-gcc "../Drivers/STM32F0xx_HAL_Driver/Src/stm32f0xx_hal_pcd.c" -mcpu=cortex-m0 -std=gnu11 -g -DDEBUG -DUSE_HAL_DRIVER -DSTM32F042x6 -c -I../Core/Inc -I"C:/Users/donsp/Documents/GitHub/audio_interface/tinyusb/src" -I../Drivers/STM32F0xx_HAL_Driver/Inc -I../Drivers/STM32F0xx_HAL_Driver/Inc/Legacy -I../Drivers/CMSIS/Device/ST/STM32F0xx/Include -I../Drivers/CMSIS/Include -Os -ffunction-sections -fdata-sections -Wall -fstack-usage -MMD -MP -MF"Drivers/STM32F0xx_HAL_Driver/Src/stm32f0xx_hal_pcd.d" -MT"Drivers/STM32F0xx_HAL_Driver/Src/stm32f0xx_hal_pcd.o" --specs=nano.specs -mfloat-abi=soft -mthumb -o "Drivers/STM32F0xx_HAL_Driver/Src/stm32f0xx_hal_pcd.o"
arm-none-eabi-gcc "../Drivers/STM32F0xx_HAL_Driver/Src/stm32f0xx_hal_pcd_ex.c" -mcpu=cortex-m0 -std=gnu11 -g -DDEBUG -DUSE_HAL_DRIVER -DSTM32F042x6 -c -I../Core/Inc -I"C:/Users/donsp/Documents/GitHub/audio_interface/tinyusb/src" -I../Drivers/STM32F0xx_HAL_Driver/Inc -I../Drivers/STM32F0xx_HAL_Driver/Inc/Legacy -I../Drivers/CMSIS/Device/ST/STM32F0xx/Include -I../Drivers/CMSIS/Include -Os -ffunction-sections -fdata-sections -Wall -fstack-usage -MMD -MP -MF"Drivers/STM32F0xx_HAL_Driver/Src/stm32f0xx_hal_pcd_ex.d" -MT"Drivers/STM32F0xx_HAL_Driver/Src/stm32f0xx_hal_pcd_ex.o" --specs=nano.specs -mfloat-abi=soft -mthumb -o "Drivers/STM32F0xx_HAL_Driver/Src/stm32f0xx_hal_pcd_ex.o"
arm-none-eabi-gcc "../Drivers/STM32F0xx_HAL_Driver/Src/stm32f0xx_hal_pwr.c" -mcpu=cortex-m0 -std=gnu11 -g -DDEBUG -DUSE_HAL_DRIVER -DSTM32F042x6 -c -I../Core/Inc -I"C:/Users/donsp/Documents/GitHub/audio_interface/tinyusb/src" -I../Drivers/STM32F0xx_HAL_Driver/Inc -I../Drivers/STM32F0xx_HAL_Driver/Inc/Legacy -I../Drivers/CMSIS/Device/ST/STM32F0xx/Include -I../Drivers/CMSIS/Include -Os -ffunction-sections -fdata-sections -Wall -fstack-usage -MMD -MP -MF"Drivers/STM32F0xx_HAL_Driver/Src/stm32f0xx_hal_pwr.d" -MT"Drivers/STM32F0xx_HAL_Driver/Src/stm32f0xx_hal_pwr.o" --specs=nano.specs -mfloat-abi=soft -mthumb -o "Drivers/STM32F0xx_HAL_Driver/Src/stm32f0xx_hal_pwr.o"
arm-none-eabi-gcc "../Drivers/STM32F0xx_HAL_Driver/Src/stm32f0xx_hal_pwr_ex.c" -mcpu=cortex-m0 -std=gnu11 -g -DDEBUG -DUSE_HAL_DRIVER -DSTM32F042x6 -c -I../Core/Inc -I"C:/Users/donsp/Documents/GitHub/audio_interface/tinyusb/src" -I../Drivers/STM32F0xx_HAL_Driver/Inc -I../Drivers/STM32F0xx_HAL_Driver/Inc/Legacy -I../Drivers/CMSIS/Device/ST/STM32F0xx/Include -I../Drivers/CMSIS/Include -Os -ffunction-sections -fdata-sections -Wall -fstack-usage -MMD -MP -MF"Drivers/STM32F0xx_HAL_Driver/Src/stm32f0xx_hal_pwr_ex.d" -MT"Drivers/STM32F0xx_HAL_Driver/Src/stm32f0xx_hal_pwr_ex.o" --specs=nano.specs -mfloat-abi=soft -mthumb -o "Drivers/STM32F0xx_HAL_Driver/Src/stm32f0xx_hal_pwr_ex.o"
arm-none-eabi-gcc "../Drivers/STM32F0xx_HAL_Driver/Src/stm32f0xx_hal_rcc.c" -mcpu=cortex-m0 -std=gnu11 -g -DDEBUG -DUSE_HAL_DRIVER -DSTM32F042x6 -c -I../Core/Inc -I"C:/Users/donsp/Documents/GitHub/audio_interface/tinyusb/src" -I../Drivers/STM32F0xx_HAL_Driver/Inc -I../Drivers/STM32F0xx_HAL_Driver/Inc/Legacy -I../Drivers/CMSIS/Device/ST/STM32F0xx/Include -I../Drivers/CMSIS/Include -Os -ffunction-sections -fdata-sections -Wall -fstack-usage -MMD -MP -MF"Drivers/STM32F0xx_HAL_Driver/Src/stm32f0xx_hal_rcc.d" -MT"Drivers/STM32F0xx_HAL_Driver/Src/stm32f0xx_hal_rcc.o" --specs=nano.specs -mfloat-abi=soft -mthumb -o "Drivers/STM32F0xx_HAL_Driver/Src/stm32f0xx_hal_rcc.o"
arm-none-eabi-gcc "../Drivers/STM32F0xx_HAL_Driver/Src/stm32f0xx_hal_rcc_ex.c" -mcpu=cortex-m0 -std=gnu11 -g -DDEBUG -DUSE_HAL_DRIVER -DSTM32F042x6 -c -I../Core/Inc -I"C:/Users/donsp/Documents/GitHub/audio_interface/tinyusb/src" -I../Drivers/STM32F0xx_HAL_Driver/Inc -I../Drivers/STM32F0xx_HAL_Driver/Inc/Legacy -I../Drivers/CMSIS/Device/ST/STM32F0xx/Include -I../Drivers/CMSIS/Include -Os -ffunction-sections -fdata-sections -Wall -fstack-usage -MMD -MP -MF"Drivers/STM32F0xx_HAL_Driver/Src/stm32f0xx_hal_rcc_ex.d" -MT"Drivers/STM32F0xx_HAL_Driver/Src/stm32f0xx_hal_rcc_ex.o" --specs=nano.specs -mfloat-abi=soft -mthumb -o "Drivers/STM32F0xx_HAL_Driver/Src/stm32f0xx_hal_rcc_ex.o"
arm-none-eabi-gcc "../Drivers/STM32F0xx_HAL_Driver/Src/stm32f0xx_hal_tim.c" -mcpu=cortex-m0 -std=gnu11 -g -DDEBUG -DUSE_HAL_DRIVER -DSTM32F042x6 -c -I../Core/Inc -I"C:/Users/donsp/Documents/GitHub/audio_interface/tinyusb/src" -I../Drivers/STM32F0xx_HAL_Driver/Inc -I../Drivers/STM32F0xx_HAL_Driver/Inc/Legacy -I../Drivers/CMSIS/Device/ST/STM32F0xx/Include -I../Drivers/CMSIS/Include -Os -ffunction-sections -fdata-sections -Wall -fstack-usage -MMD -MP -MF"Drivers/STM32F0xx_HAL_Driver/Src/stm32f0xx_hal_tim.d" -MT"Drivers/STM32F0xx_HAL_Driver/Src/stm32f0xx_hal_tim.o" --specs=nano.specs -mfloat-abi=soft -mthumb -o "Drivers/STM32F0xx_HAL_Driver/Src/stm32f0xx_hal_tim.o"
arm-none-eabi-gcc "../Drivers/STM32F0xx_HAL_Driver/Src/stm32f0xx_hal_tim_ex.c" -mcpu=cortex-m0 -std=gnu11 -g -DDEBUG -DUSE_HAL_DRIVER -DSTM32F042x6 -c -I../Core/Inc -I"C:/Users/donsp/Documents/GitHub/audio_interface/tinyusb/src" -I../Drivers/STM32F0xx_HAL_Driver/Inc -I../Drivers/STM32F0xx_HAL_Driver/Inc/Legacy -I../Drivers/CMSIS/Device/ST/STM32F0xx/Include -I../Drivers/CMSIS/Include -Os -ffunction-sections -fdata-sections -Wall -fstack-usage -MMD -MP -MF"Drivers/STM32F0xx_HAL_Driver/Src/stm32f0xx_hal_tim_ex.d" -MT"Drivers/STM32F0xx_HAL_Driver/Src/stm32f0xx_hal_tim_ex.o" --specs=nano.specs -mfloat-abi=soft -mthumb -o "Drivers/STM32F0xx_HAL_Driver/Src/stm32f0xx_hal_tim_ex.o"
arm-none-eabi-gcc "../Drivers/STM32F0xx_HAL_Driver/Src/stm32f0xx_ll_usb.c" -mcpu=cortex-m0 -std=gnu11 -g -DDEBUG -DUSE_HAL_DRIVER -DSTM32F042x6 -c -I../Core/Inc -I"C:/Users/donsp/Documents/GitHub/audio_interface/tinyusb/src" -I../Drivers/STM32F0xx_HAL_Driver/Inc -I../Drivers/STM32F0xx_HAL_Driver/Inc/Legacy -I../Drivers/CMSIS/Device/ST/STM32F0xx/Include -I../Drivers/CMSIS/Include -Os -ffunction-sections -fdata-sections -Wall -fstack-usage -MMD -MP -MF"Drivers/STM32F0xx_HAL_Driver/Src/stm32f0xx_ll_usb.d" -MT"Drivers/STM32F0xx_HAL_Driver/Src/stm32f0xx_ll_usb.o" --specs=nano.specs -mfloat-abi=soft -mthumb -o "Drivers/STM32F0xx_HAL_Driver/Src/stm32f0xx_ll_usb.o"
arm-none-eabi-gcc "../Core/Src/main.c" -mcpu=cortex-m0 -std=gnu11 -g -DDEBUG -DUSE_HAL_DRIVER -DSTM32F042x6 -c -I../Core/Inc -I"C:/Users/donsp/Documents/GitHub/audio_interface/tinyusb/src" -I../Drivers/STM32F0xx_HAL_Driver/Inc -I../Drivers/STM32F0xx_HAL_Driver/Inc/Legacy -I../Drivers/CMSIS/Device/ST/STM32F0xx/Include -I../Drivers/CMSIS/Include -Os -ffunction-sections -fdata-sections -Wall -fstack-usage -MMD -MP -MF"Core/Src/main.d" -MT"Core/Src/main.o" --specs=nano.specs -mfloat-abi=soft -mthumb -o "Core/Src/main.o"
arm-none-eabi-gcc "../Core/Src/stm32f0xx_hal_msp.c" -mcpu=cortex-m0 -std=gnu11 -g -DDEBUG -DUSE_HAL_DRIVER -DSTM32F042x6 -c -I../Core/Inc -I"C:/Users/donsp/Documents/GitHub/audio_interface/tinyusb/src" -I../Drivers/STM32F0xx_HAL_Driver/Inc -I../Drivers/STM32F0xx_HAL_Driver/Inc/Legacy -I../Drivers/CMSIS/Device/ST/STM32F0xx/Include -I../Drivers/CMSIS/Include -Os -ffunction-sections -fdata-sections -Wall -fstack-usage -MMD -MP -MF"Core/Src/stm32f0xx_hal_msp.d" -MT"Core/Src/stm32f0xx_hal_msp.o" --specs=nano.specs -mfloat-abi=soft -mthumb -o "Core/Src/stm32f0xx_hal_msp.o"
arm-none-eabi-gcc "../Core/Src/stm32f0xx_it.c" -mcpu=cortex-m0 -std=gnu11 -g -DDEBUG -DUSE_HAL_DRIVER -DSTM32F042x6 -c -I../Core/Inc -I"C:/Users/donsp/Documents/GitHub/audio_interface/tinyusb/src" -I../Drivers/STM32F0xx_HAL_Driver/Inc -I../Drivers/STM32F0xx_HAL_Driver/Inc/Legacy -I../Drivers/CMSIS/Device/ST/STM32F0xx/Include -I../Drivers/CMSIS/Include -Os -ffunction-sections -fdata-sections -Wall -fstack-usage -MMD -MP -MF"Core/Src/stm32f0xx_it.d" -MT"Core/Src/stm32f0xx_it.o" --specs=nano.specs -mfloat-abi=soft -mthumb -o "Core/Src/stm32f0xx_it.o"
arm-none-eabi-gcc "../Core/Src/system_stm32f0xx.c" -mcpu=cortex-m0 -std=gnu11 -g -DDEBUG -DUSE_HAL_DRIVER -DSTM32F042x6 -c -I../Core/Inc -I"C:/Users/donsp/Documents/GitHub/audio_interface/tinyusb/src" -I../Drivers/STM32F0xx_HAL_Driver/Inc -I../Drivers/STM32F0xx_HAL_Driver/Inc/Legacy -I../Drivers/CMSIS/Device/ST/STM32F0xx/Include -I../Drivers/CMSIS/Include -Os -ffunction-sections -fdata-sections -Wall -fstack-usage -MMD -MP -MF"Core/Src/system_stm32f0xx.d" -MT"Core/Src/system_stm32f0xx.o" --specs=nano.specs -mfloat-abi=soft -mthumb -o "Core/Src/system_stm32f0xx.o"
arm-none-eabi-gcc "../Core/Src/usb_descriptors.c" -mcpu=cortex-m0 -std=gnu11 -g -DDEBUG -DUSE_HAL_DRIVER -DSTM32F042x6 -c -I../Core/Inc -I"C:/Users/donsp/Documents/GitHub/audio_interface/tinyusb/src" -I../Drivers/STM32F0xx_HAL_Driver/Inc -I../Drivers/STM32F0xx_HAL_Driver/Inc/Legacy -I../Drivers/CMSIS/Device/ST/STM32F0xx/Include -I../Drivers/CMSIS/Include -Os -ffunction-sections -fdata-sections -Wall -fstack-usage -MMD -MP -MF"Core/Src/usb_descriptors.d" -MT"Core/Src/usb_descriptors.o" --specs=nano.specs -mfloat-abi=soft -mthumb -o "Core/Src/usb_descriptors.o"
In file included from C:/Users/donsp/Documents/GitHub/audio_interface/tinyusb/src/osal/osal.h:48,
                 from C:/Users/donsp/Documents/GitHub/audio_interface/tinyusb/src/tusb.h:38,
                 from ../Core/Src/usb_descriptors.c:26:
C:/Users/donsp/Documents/GitHub/audio_interface/tinyusb/src/osal/osal_none.h:153:13: warning: 'osal_queue_send' defined but not used [-Wunused-function]
  153 | static bool osal_queue_send(osal_queue_t qhdl, void const * data, bool in_isr)
      |             ^~~~~~~~~~~~~~~
In file included from C:/Users/donsp/Documents/GitHub/audio_interface/tinyusb/src/osal/osal.h:48,
                 from C:/Users/donsp/Documents/GitHub/audio_interface/tinyusb/src/tusb.h:38,
                 from ../Core/Src/stm32f0xx_it.c:25:
C:/Users/donsp/Documents/GitHub/audio_interface/tinyusb/src/osal/osal_none.h:153:13: warning: 'osal_queue_send' defined but not used [-Wunused-function]
  153 | static bool osal_queue_send(osal_queue_t qhdl, void const * data, bool in_isr)
      |             ^~~~~~~~~~~~~~~
../Core/Src/main.c:87:17: warning: 'one_kHz_sine' defined but not used [-Wunused-variable]
   87 | static uint16_t one_kHz_sine[] = { 0xaabb, 0xccdd, 0xeeff};
      |                 ^~~~~~~~~~~~
../Core/Src/main.c:85:17: warning: 'blink_interval_ms' defined but not used [-Wunused-variable]
   85 | static uint32_t blink_interval_ms = BLINK_NOT_MOUNTED;
      |                 ^~~~~~~~~~~~~~~~~
In file included from C:/Users/donsp/Documents/GitHub/audio_interface/tinyusb/src/osal/osal.h:48,
                 from C:/Users/donsp/Documents/GitHub/audio_interface/tinyusb/src/tusb.h:38,
                 from ../Core/Src/main.c:24:
C:/Users/donsp/Documents/GitHub/audio_interface/tinyusb/src/osal/osal_none.h:153:13: warning: 'osal_queue_send' defined but not used [-Wunused-function]
  153 | static bool osal_queue_send(osal_queue_t qhdl, void const * data, bool in_isr)
      |             ^~~~~~~~~~~~~~~
arm-none-eabi-gcc -o "audio_usb_test.elf" @"objects.list"   -mcpu=cortex-m0 -T"C:\Users\donsp\Documents\GitHub\audio_interface\audio_usb_test\STM32F042K6TX_FLASH.ld" --specs=nosys.specs -Wl,-Map="audio_usb_test.map" -Wl,--gc-sections -static --specs=nano.specs -mfloat-abi=soft -mthumb -Wl,--start-group -lc -lm -Wl,--end-group
Finished building target: audio_usb_test.elf
 
arm-none-eabi-size   audio_usb_test.elf 
arm-none-eabi-objdump -h -S  audio_usb_test.elf  > "audio_usb_test.list"
   text	   data	    bss	    dec	    hex	filename
  20372	    168	   4912	  25452	   636c	audio_usb_test.elf
Finished building: default.size.stdout
 
Finished building: audio_usb_test.list
 

12:44:41 Build Finished. 0 errors, 11 warnings. (took 3s.514ms)

