12:20:33 **** Incremental Build of configuration Debug for project audio_usb_test ****
make -j16 all 
arm-none-eabi-gcc "C:/Users/donsp/Documents/GitHub/audio_interface/tinyusb/src/portable/st/stm32_fsdev/dcd_stm32_fsdev.c" -mcpu=cortex-m0 -std=gnu11 -g -DDEBUG -DUSE_HAL_DRIVER -DSTM32F042x6 -c -I../Core/Inc -I"C:/Users/donsp/Documents/GitHub/audio_interface/tinyusb/src" -I../Drivers/STM32F0xx_HAL_Driver/Inc -I../Drivers/STM32F0xx_HAL_Driver/Inc/Legacy -I../Drivers/CMSIS/Device/ST/STM32F0xx/Include -I../Drivers/CMSIS/Include -Os -ffunction-sections -fdata-sections -Wall -fstack-usage -MMD -MP -MF"src/portable/st/stm32_fsdev/dcd_stm32_fsdev.d" -MT"src/portable/st/stm32_fsdev/dcd_stm32_fsdev.o" --specs=nano.specs -mfloat-abi=soft -mthumb -o "src/portable/st/stm32_fsdev/dcd_stm32_fsdev.o"
C:/Users/donsp/Documents/GitHub/audio_interface/tinyusb/src/portable/st/stm32_fsdev/dcd_stm32_fsdev.c: In function 'dcd_edpt_stall':
C:/Users/donsp/Documents/GitHub/audio_interface/tinyusb/src/portable/st/stm32_fsdev/dcd_stm32_fsdev.c:1047:3: warning: 'return' with a value, in function returning void [-Wreturn-type]
 1047 |   TU_ASSERT(pcd_get_eptype(USB, ep_addr & 0x7F) != USB_EP_ISOCHRONOUS);
      |   ^~~~~~~~~
C:/Users/donsp/Documents/GitHub/audio_interface/tinyusb/src/portable/st/stm32_fsdev/dcd_stm32_fsdev.c:1042:6: note: declared here
 1042 | void dcd_edpt_stall (uint8_t rhport, uint8_t ep_addr)
      |      ^~~~~~~~~~~~~~
arm-none-eabi-gcc -o "audio_usb_test.elf" @"objects.list"   -mcpu=cortex-m0 -T"C:\Users\donsp\Documents\GitHub\audio_interface\audio_usb_test\STM32F042K6TX_FLASH.ld" --specs=nosys.specs -Wl,-Map="audio_usb_test.map" -Wl,--gc-sections -static --specs=nano.specs -mfloat-abi=soft -mthumb -Wl,--start-group -lc -lm -Wl,--end-group
Finished building target: audio_usb_test.elf
 
arm-none-eabi-size   audio_usb_test.elf 
arm-none-eabi-objdump -h -S  audio_usb_test.elf  > "audio_usb_test.list"
   text	   data	    bss	    dec	    hex	filename
  28468	    168	   3624	  32260	   7e04	audio_usb_test.elf
Finished building: default.size.stdout
 
Finished building: audio_usb_test.list
 
12:46:30 **** Incremental Build of configuration Debug for project audio_usb_test ****
make -j16 all 
arm-none-eabi-size   audio_usb_test.elf 
   text	   data	    bss	    dec	    hex	filename
  28468	    168	   3624	  32260	   7e04	audio_usb_test.elf
Finished building: default.size.stdout
 
12:47:28 **** Incremental Build of configuration Debug for project audio_usb_test ****
make -j16 all 
arm-none-eabi-size   audio_usb_test.elf 
   text	   data	    bss	    dec	    hex	filename
  28468	    168	   3624	  32260	   7e04	audio_usb_test.elf
Finished building: default.size.stdout
 
