12:55:49 **** Incremental Build of configuration Debug for project audio_usb_test ****
make -j16 all 
arm-none-eabi-size   audio_usb_test.elf 
   text	   data	    bss	    dec	    hex	filename
  21416	    168	   4944	  26528	   67a0	audio_usb_test.elf
Finished building: default.size.stdout
 
12:55:56 **** Incremental Build of configuration Debug for project audio_usb_test ****
make -j16 all 
arm-none-eabi-size   audio_usb_test.elf 
   text	   data	    bss	    dec	    hex	filename
  21416	    168	   4944	  26528	   67a0	audio_usb_test.elf
Finished building: default.size.stdout
 
