../Drivers/STM32F0xx_HAL_Driver/Src/stm32f0xx_hal_pcd.c:122:19:HAL_PCD_Init	64	static
../Drivers/STM32F0xx_HAL_Driver/Src/stm32f0xx_hal_pcd.c:218:19:HAL_PCD_DeInit	16	static
../Drivers/STM32F0xx_HAL_Driver/Src/stm32f0xx_hal_pcd.c:257:13:HAL_PCD_MspInit	16	static
../Drivers/STM32F0xx_HAL_Driver/Src/stm32f0xx_hal_pcd.c:272:13:HAL_PCD_MspDeInit	16	static
../Drivers/STM32F0xx_HAL_Driver/Src/stm32f0xx_hal_pcd.c:975:19:HAL_PCD_Start	16	static
../Drivers/STM32F0xx_HAL_Driver/Src/stm32f0xx_hal_pcd.c:990:19:HAL_PCD_Stop	16	static
../Drivers/STM32F0xx_HAL_Driver/Src/stm32f0xx_hal_pcd.c:1006:6:HAL_PCD_IRQHandler	16	static
../Drivers/STM32F0xx_HAL_Driver/Src/stm32f0xx_hal_pcd.c:1132:13:HAL_PCD_DataOutStageCallback	16	static
../Drivers/STM32F0xx_HAL_Driver/Src/stm32f0xx_hal_pcd.c:1149:13:HAL_PCD_DataInStageCallback	16	static
../Drivers/STM32F0xx_HAL_Driver/Src/stm32f0xx_hal_pcd.c:1164:13:HAL_PCD_SetupStageCallback	16	static
../Drivers/STM32F0xx_HAL_Driver/Src/stm32f0xx_hal_pcd.c:1179:13:HAL_PCD_SOFCallback	16	static
../Drivers/STM32F0xx_HAL_Driver/Src/stm32f0xx_hal_pcd.c:1194:13:HAL_PCD_ResetCallback	16	static
../Drivers/STM32F0xx_HAL_Driver/Src/stm32f0xx_hal_pcd.c:1209:13:HAL_PCD_SuspendCallback	16	static
../Drivers/STM32F0xx_HAL_Driver/Src/stm32f0xx_hal_pcd.c:1224:13:HAL_PCD_ResumeCallback	16	static
../Drivers/STM32F0xx_HAL_Driver/Src/stm32f0xx_hal_pcd.c:1240:13:HAL_PCD_ISOOUTIncompleteCallback	16	static
../Drivers/STM32F0xx_HAL_Driver/Src/stm32f0xx_hal_pcd.c:1257:13:HAL_PCD_ISOINIncompleteCallback	16	static
../Drivers/STM32F0xx_HAL_Driver/Src/stm32f0xx_hal_pcd.c:1273:13:HAL_PCD_ConnectCallback	16	static
../Drivers/STM32F0xx_HAL_Driver/Src/stm32f0xx_hal_pcd.c:1288:13:HAL_PCD_DisconnectCallback	16	static
../Drivers/STM32F0xx_HAL_Driver/Src/stm32f0xx_hal_pcd.c:1322:19:HAL_PCD_DevConnect	16	static
../Drivers/STM32F0xx_HAL_Driver/Src/stm32f0xx_hal_pcd.c:1336:19:HAL_PCD_DevDisconnect	16	static
../Drivers/STM32F0xx_HAL_Driver/Src/stm32f0xx_hal_pcd.c:1351:19:HAL_PCD_SetAddress	16	static
../Drivers/STM32F0xx_HAL_Driver/Src/stm32f0xx_hal_pcd.c:1368:19:HAL_PCD_EP_Open	32	static
../Drivers/STM32F0xx_HAL_Driver/Src/stm32f0xx_hal_pcd.c:1413:19:HAL_PCD_EP_Close	24	static
../Drivers/STM32F0xx_HAL_Driver/Src/stm32f0xx_hal_pcd.c:1444:19:HAL_PCD_EP_Receive	32	static
../Drivers/STM32F0xx_HAL_Driver/Src/stm32f0xx_hal_pcd.c:1475:10:HAL_PCD_EP_GetRxCount	16	static
../Drivers/STM32F0xx_HAL_Driver/Src/stm32f0xx_hal_pcd.c:1487:19:HAL_PCD_EP_Transmit	32	static
../Drivers/STM32F0xx_HAL_Driver/Src/stm32f0xx_hal_pcd.c:1520:19:HAL_PCD_EP_SetStall	24	static
../Drivers/STM32F0xx_HAL_Driver/Src/stm32f0xx_hal_pcd.c:1558:19:HAL_PCD_EP_ClrStall	24	static
../Drivers/STM32F0xx_HAL_Driver/Src/stm32f0xx_hal_pcd.c:1594:19:HAL_PCD_EP_Flush	16	static
../Drivers/STM32F0xx_HAL_Driver/Src/stm32f0xx_hal_pcd.c:1608:19:HAL_PCD_ActivateRemoteWakeup	16	static
../Drivers/STM32F0xx_HAL_Driver/Src/stm32f0xx_hal_pcd.c:1618:19:HAL_PCD_DeActivateRemoteWakeup	16	static
../Drivers/STM32F0xx_HAL_Driver/Src/stm32f0xx_hal_pcd.c:1647:18:HAL_PCD_GetState	16	static
../Drivers/STM32F0xx_HAL_Driver/Src/stm32f0xx_hal_pcd.c:1671:26:PCD_EP_ISR_Handler	104	static
../Drivers/STM32F0xx_HAL_Driver/Src/stm32f0xx_hal_pcd.c:1928:17:HAL_PCD_EP_DB_Receive	48	static
../Drivers/STM32F0xx_HAL_Driver/Src/stm32f0xx_hal_pcd.c:2009:26:HAL_PCD_EP_DB_Transmit	144	static
